Archive member included because of file (symbol)

/usr/local/SimplicityStudio_v4/developer/toolchains/gnu_arm/4.9_2015q3/bin/../lib/gcc/arm-none-eabi/4.9.3/../../../../arm-none-eabi/lib/armv7-m/libc_nano.a(lib_a-exit.o)
                              /usr/local/SimplicityStudio_v4/developer/toolchains/gnu_arm/4.9_2015q3/bin/../lib/gcc/arm-none-eabi/4.9.3/../../../../arm-none-eabi/lib/armv7-m/crt0.o (exit)
/usr/local/SimplicityStudio_v4/developer/toolchains/gnu_arm/4.9_2015q3/bin/../lib/gcc/arm-none-eabi/4.9.3/../../../../arm-none-eabi/lib/armv7-m/libc_nano.a(lib_a-impure.o)
                              /usr/local/SimplicityStudio_v4/developer/toolchains/gnu_arm/4.9_2015q3/bin/../lib/gcc/arm-none-eabi/4.9.3/../../../../arm-none-eabi/lib/armv7-m/libc_nano.a(lib_a-exit.o) (_global_impure_ptr)
/usr/local/SimplicityStudio_v4/developer/toolchains/gnu_arm/4.9_2015q3/bin/../lib/gcc/arm-none-eabi/4.9.3/../../../../arm-none-eabi/lib/armv7-m/libc_nano.a(lib_a-init.o)
                              /usr/local/SimplicityStudio_v4/developer/toolchains/gnu_arm/4.9_2015q3/bin/../lib/gcc/arm-none-eabi/4.9.3/../../../../arm-none-eabi/lib/armv7-m/crt0.o (__libc_init_array)
/usr/local/SimplicityStudio_v4/developer/toolchains/gnu_arm/4.9_2015q3/bin/../lib/gcc/arm-none-eabi/4.9.3/../../../../arm-none-eabi/lib/armv7-m/libc_nano.a(lib_a-memcpy.o)
                              ./FreeRTOS/efm32gg/queue.o (memcpy)
/usr/local/SimplicityStudio_v4/developer/toolchains/gnu_arm/4.9_2015q3/bin/../lib/gcc/arm-none-eabi/4.9.3/../../../../arm-none-eabi/lib/armv7-m/libc_nano.a(lib_a-memset.o)
                              /usr/local/SimplicityStudio_v4/developer/toolchains/gnu_arm/4.9_2015q3/bin/../lib/gcc/arm-none-eabi/4.9.3/../../../../arm-none-eabi/lib/armv7-m/crt0.o (memset)
/usr/local/SimplicityStudio_v4/developer/toolchains/gnu_arm/4.9_2015q3/bin/../lib/gcc/arm-none-eabi/4.9.3/../../../../arm-none-eabi/lib/armv7-m/libnosys.a(_exit.o)
                              /usr/local/SimplicityStudio_v4/developer/toolchains/gnu_arm/4.9_2015q3/bin/../lib/gcc/arm-none-eabi/4.9.3/../../../../arm-none-eabi/lib/armv7-m/libc_nano.a(lib_a-exit.o) (_exit)

Allocating common symbols
Common symbol       size              file

xQueueRegistry      0x50              ./FreeRTOS/efm32gg/queue.o

Discarded input sections

 .text          0x00000000        0x0 /usr/local/SimplicityStudio_v4/developer/toolchains/gnu_arm/4.9_2015q3/bin/../lib/gcc/arm-none-eabi/4.9.3/armv7-m/crti.o
 .data          0x00000000        0x0 /usr/local/SimplicityStudio_v4/developer/toolchains/gnu_arm/4.9_2015q3/bin/../lib/gcc/arm-none-eabi/4.9.3/armv7-m/crti.o
 .bss           0x00000000        0x0 /usr/local/SimplicityStudio_v4/developer/toolchains/gnu_arm/4.9_2015q3/bin/../lib/gcc/arm-none-eabi/4.9.3/armv7-m/crti.o
 .data          0x00000000        0x4 /usr/local/SimplicityStudio_v4/developer/toolchains/gnu_arm/4.9_2015q3/bin/../lib/gcc/arm-none-eabi/4.9.3/armv7-m/crtbegin.o
 .data          0x00000000        0x0 /usr/local/SimplicityStudio_v4/developer/toolchains/gnu_arm/4.9_2015q3/bin/../lib/gcc/arm-none-eabi/4.9.3/../../../../arm-none-eabi/lib/armv7-m/crt0.o
 .bss           0x00000000        0x0 /usr/local/SimplicityStudio_v4/developer/toolchains/gnu_arm/4.9_2015q3/bin/../lib/gcc/arm-none-eabi/4.9.3/../../../../arm-none-eabi/lib/armv7-m/crt0.o
 .ARM.extab     0x00000000        0x0 /usr/local/SimplicityStudio_v4/developer/toolchains/gnu_arm/4.9_2015q3/bin/../lib/gcc/arm-none-eabi/4.9.3/../../../../arm-none-eabi/lib/armv7-m/crt0.o
 .text          0x00000000        0x0 ./BSP/bsp_stk_leds.o
 .data          0x00000000        0x0 ./BSP/bsp_stk_leds.o
 .bss           0x00000000        0x0 ./BSP/bsp_stk_leds.o
 .text.BUS_RegBitRead
                0x00000000       0x2c ./BSP/bsp_stk_leds.o
 .text.GPIO_PinOutClear
                0x00000000       0x98 ./BSP/bsp_stk_leds.o
 .text.GPIO_PinOutGet
                0x00000000       0x98 ./BSP/bsp_stk_leds.o
 .text.BSP_LedsGet
                0x00000000       0x68 ./BSP/bsp_stk_leds.o
 .text.BSP_LedsSet
                0x00000000       0x74 ./BSP/bsp_stk_leds.o
 .text.BSP_LedClear
                0x00000000       0x44 ./BSP/bsp_stk_leds.o
 .text.BSP_LedGet
                0x00000000       0x48 ./BSP/bsp_stk_leds.o
 .text          0x00000000        0x0 ./BSP/bsp_trace.o
 .data          0x00000000        0x0 ./BSP/bsp_trace.o
 .bss           0x00000000        0x0 ./BSP/bsp_trace.o
 .data          0x00000000        0x0 ./CMSIS/EFM32GG/startup_efm32gg.o
 .bss           0x00000000        0x0 ./CMSIS/EFM32GG/startup_efm32gg.o
 .text          0x00000000        0x0 ./CMSIS/EFM32GG/system_efm32gg.o
 .data          0x00000000        0x0 ./CMSIS/EFM32GG/system_efm32gg.o
 .bss           0x00000000        0x0 ./CMSIS/EFM32GG/system_efm32gg.o
 .text.SystemHFXOClockSet
                0x00000000       0x2c ./CMSIS/EFM32GG/system_efm32gg.o
 .text.SystemLFXOClockSet
                0x00000000       0x2c ./CMSIS/EFM32GG/system_efm32gg.o
 .text          0x00000000        0x0 ./Drivers/sleep.o
 .data          0x00000000        0x0 ./Drivers/sleep.o
 .bss           0x00000000        0x0 ./Drivers/sleep.o
 .text.BUS_RegBitWrite
                0x00000000       0x2c ./Drivers/sleep.o
 .text.EMU_EM2Block
                0x00000000       0x14 ./Drivers/sleep.o
 .text.EMU_EM2UnBlock
                0x00000000       0x14 ./Drivers/sleep.o
 .text.SLEEP_ForceSleepInEM4
                0x00000000       0x10 ./Drivers/sleep.o
 .text.SLEEP_SleepBlockBegin
                0x00000000       0x68 ./Drivers/sleep.o
 .text.SLEEP_SleepBlockEnd
                0x00000000       0x64 ./Drivers/sleep.o
 .text          0x00000000        0x0 ./FreeRTOS/efm32gg/croutine.o
 .data          0x00000000        0x0 ./FreeRTOS/efm32gg/croutine.o
 .bss           0x00000000        0x0 ./FreeRTOS/efm32gg/croutine.o
 .debug_info    0x00000000       0x6e ./FreeRTOS/efm32gg/croutine.o
 .debug_abbrev  0x00000000       0x24 ./FreeRTOS/efm32gg/croutine.o
 .debug_aranges
                0x00000000       0x18 ./FreeRTOS/efm32gg/croutine.o
 .debug_line    0x00000000       0x1d ./FreeRTOS/efm32gg/croutine.o
 .debug_str     0x00000000      0x1d2 ./FreeRTOS/efm32gg/croutine.o
 .comment       0x00000000       0x71 ./FreeRTOS/efm32gg/croutine.o
 .ARM.attributes
                0x00000000       0x33 ./FreeRTOS/efm32gg/croutine.o
 .text          0x00000000        0x0 ./FreeRTOS/efm32gg/event_groups.o
 .data          0x00000000        0x0 ./FreeRTOS/efm32gg/event_groups.o
 .bss           0x00000000        0x0 ./FreeRTOS/efm32gg/event_groups.o
 .text.xEventGroupCreate
                0x00000000       0x30 ./FreeRTOS/efm32gg/event_groups.o
 .rodata        0x00000000       0x73 ./FreeRTOS/efm32gg/event_groups.o
 .text.xEventGroupSync
                0x00000000      0x12c ./FreeRTOS/efm32gg/event_groups.o
 .text.xEventGroupWaitBits
                0x00000000      0x164 ./FreeRTOS/efm32gg/event_groups.o
 .text.xEventGroupClearBits
                0x00000000       0x5c ./FreeRTOS/efm32gg/event_groups.o
 .text.xEventGroupGetBitsFromISR
                0x00000000       0x48 ./FreeRTOS/efm32gg/event_groups.o
 .text.xEventGroupSetBits
                0x00000000      0x104 ./FreeRTOS/efm32gg/event_groups.o
 .text.vEventGroupDelete
                0x00000000       0x58 ./FreeRTOS/efm32gg/event_groups.o
 .text.vEventGroupSetBitsCallback
                0x00000000       0x18 ./FreeRTOS/efm32gg/event_groups.o
 .text.vEventGroupClearBitsCallback
                0x00000000       0x18 ./FreeRTOS/efm32gg/event_groups.o
 .text.prvTestWaitCondition
                0x00000000       0x44 ./FreeRTOS/efm32gg/event_groups.o
 .debug_info    0x00000000      0x6e0 ./FreeRTOS/efm32gg/event_groups.o
 .debug_abbrev  0x00000000      0x1a7 ./FreeRTOS/efm32gg/event_groups.o
 .debug_loc     0x00000000      0x338 ./FreeRTOS/efm32gg/event_groups.o
 .debug_aranges
                0x00000000       0x68 ./FreeRTOS/efm32gg/event_groups.o
 .debug_ranges  0x00000000       0x58 ./FreeRTOS/efm32gg/event_groups.o
 .debug_line    0x00000000      0x45f ./FreeRTOS/efm32gg/event_groups.o
 .debug_str     0x00000000      0x593 ./FreeRTOS/efm32gg/event_groups.o
 .comment       0x00000000       0x71 ./FreeRTOS/efm32gg/event_groups.o
 .debug_frame   0x00000000      0x180 ./FreeRTOS/efm32gg/event_groups.o
 .ARM.attributes
                0x00000000       0x33 ./FreeRTOS/efm32gg/event_groups.o
 .text          0x00000000        0x0 ./FreeRTOS/efm32gg/heap_1.o
 .data          0x00000000        0x0 ./FreeRTOS/efm32gg/heap_1.o
 .bss           0x00000000        0x0 ./FreeRTOS/efm32gg/heap_1.o
 .text.vPortInitialiseBlocks
                0x00000000       0x18 ./FreeRTOS/efm32gg/heap_1.o
 .text.xPortGetFreeHeapSize
                0x00000000       0x1c ./FreeRTOS/efm32gg/heap_1.o
 .text          0x00000000        0x0 ./FreeRTOS/efm32gg/list.o
 .data          0x00000000        0x0 ./FreeRTOS/efm32gg/list.o
 .bss           0x00000000        0x0 ./FreeRTOS/efm32gg/list.o
 .text          0x00000000        0x0 ./FreeRTOS/efm32gg/port.o
 .data          0x00000000        0x0 ./FreeRTOS/efm32gg/port.o
 .bss           0x00000000        0x0 ./FreeRTOS/efm32gg/port.o
 .rodata.pcInterruptPriorityRegisters
                0x00000000        0x4 ./FreeRTOS/efm32gg/port.o
 .text.vPortEndScheduler
                0x00000000       0x24 ./FreeRTOS/efm32gg/port.o
 .text.vPortSetupTimerInterrupt
                0x00000000       0x20 ./FreeRTOS/efm32gg/port.o
 .text          0x00000000        0x0 ./FreeRTOS/efm32gg/queue.o
 .data          0x00000000        0x0 ./FreeRTOS/efm32gg/queue.o
 .bss           0x00000000        0x0 ./FreeRTOS/efm32gg/queue.o
 .text.prvInitialiseMutex
                0x00000000       0x34 ./FreeRTOS/efm32gg/queue.o
 .text.xQueueCreateMutex
                0x00000000       0x30 ./FreeRTOS/efm32gg/queue.o
 .text.xQueueGiveFromISR
                0x00000000       0xec ./FreeRTOS/efm32gg/queue.o
 .text.xQueueReceiveFromISR
                0x00000000       0xdc ./FreeRTOS/efm32gg/queue.o
 .text.xQueuePeekFromISR
                0x00000000       0xa8 ./FreeRTOS/efm32gg/queue.o
 .text.uxQueueMessagesWaiting
                0x00000000       0x34 ./FreeRTOS/efm32gg/queue.o
 .text.uxQueueSpacesAvailable
                0x00000000       0x40 ./FreeRTOS/efm32gg/queue.o
 .text.uxQueueMessagesWaitingFromISR
                0x00000000       0x2c ./FreeRTOS/efm32gg/queue.o
 .text.vQueueDelete
                0x00000000       0x34 ./FreeRTOS/efm32gg/queue.o
 .text.xQueueIsQueueEmptyFromISR
                0x00000000       0x38 ./FreeRTOS/efm32gg/queue.o
 .text.xQueueIsQueueFullFromISR
                0x00000000       0x3c ./FreeRTOS/efm32gg/queue.o
 .text.pcQueueGetName
                0x00000000       0x4c ./FreeRTOS/efm32gg/queue.o
 .text.vQueueUnregisterQueue
                0x00000000       0x50 ./FreeRTOS/efm32gg/queue.o
 .text          0x00000000        0x0 ./FreeRTOS/efm32gg/tasks.o
 .data          0x00000000        0x0 ./FreeRTOS/efm32gg/tasks.o
 .bss           0x00000000        0x0 ./FreeRTOS/efm32gg/tasks.o
 .text.vTaskDelete
                0x00000000      0x114 ./FreeRTOS/efm32gg/tasks.o
 .text.vTaskDelayUntil
                0x00000000       0xd8 ./FreeRTOS/efm32gg/tasks.o
 .text.uxTaskPriorityGet
                0x00000000       0x34 ./FreeRTOS/efm32gg/tasks.o
 .text.uxTaskPriorityGetFromISR
                0x00000000       0x58 ./FreeRTOS/efm32gg/tasks.o
 .text.vTaskPrioritySet
                0x00000000      0x158 ./FreeRTOS/efm32gg/tasks.o
 .text.vTaskSuspend
                0x00000000      0x108 ./FreeRTOS/efm32gg/tasks.o
 .text.prvTaskIsTaskSuspended
                0x00000000       0x6c ./FreeRTOS/efm32gg/tasks.o
 .text.vTaskResume
                0x00000000       0xb4 ./FreeRTOS/efm32gg/tasks.o
 .text.xTaskResumeFromISR
                0x00000000       0xdc ./FreeRTOS/efm32gg/tasks.o
 .text.vTaskEndScheduler
                0x00000000       0x2c ./FreeRTOS/efm32gg/tasks.o
 .text.xTaskGetTickCountFromISR
                0x00000000       0x24 ./FreeRTOS/efm32gg/tasks.o
 .text.uxTaskGetNumberOfTasks
                0x00000000       0x18 ./FreeRTOS/efm32gg/tasks.o
 .text.pcTaskGetName
                0x00000000       0x3c ./FreeRTOS/efm32gg/tasks.o
 .text.vTaskPlaceOnUnorderedEventList
                0x00000000       0x64 ./FreeRTOS/efm32gg/tasks.o
 .text.xTaskRemoveFromUnorderedEventList
                0x00000000       0xc0 ./FreeRTOS/efm32gg/tasks.o
 .text.xTaskGetCurrentTaskHandle
                0x00000000       0x20 ./FreeRTOS/efm32gg/tasks.o
 .text.uxTaskResetEventItemValue
                0x00000000       0x30 ./FreeRTOS/efm32gg/tasks.o
 .text.ulTaskNotifyTake
                0x00000000       0x90 ./FreeRTOS/efm32gg/tasks.o
 .text.xTaskNotifyWait
                0x00000000       0xb4 ./FreeRTOS/efm32gg/tasks.o
 .text.xTaskGenericNotify
                0x00000000      0x138 ./FreeRTOS/efm32gg/tasks.o
 .text.xTaskGenericNotifyFromISR
                0x00000000      0x180 ./FreeRTOS/efm32gg/tasks.o
 .text.vTaskNotifyGiveFromISR
                0x00000000      0x110 ./FreeRTOS/efm32gg/tasks.o
 .text.xTaskNotifyStateClear
                0x00000000       0x4c ./FreeRTOS/efm32gg/tasks.o
 .text          0x00000000        0x0 ./FreeRTOS/efm32gg/timers.o
 .data          0x00000000        0x0 ./FreeRTOS/efm32gg/timers.o
 .bss           0x00000000        0x0 ./FreeRTOS/efm32gg/timers.o
 .text.xTimerCreate
                0x00000000       0x3c ./FreeRTOS/efm32gg/timers.o
 .text.prvInitialiseNewTimer
                0x00000000       0x5c ./FreeRTOS/efm32gg/timers.o
 .text.xTimerGetTimerDaemonTaskHandle
                0x00000000       0x28 ./FreeRTOS/efm32gg/timers.o
 .text.xTimerGetPeriod
                0x00000000       0x2c ./FreeRTOS/efm32gg/timers.o
 .text.xTimerGetExpiryTime
                0x00000000       0x30 ./FreeRTOS/efm32gg/timers.o
 .text.pcTimerGetName
                0x00000000       0x2c ./FreeRTOS/efm32gg/timers.o
 .text.xTimerIsTimerActive
                0x00000000       0x44 ./FreeRTOS/efm32gg/timers.o
 .text.pvTimerGetTimerID
                0x00000000       0x38 ./FreeRTOS/efm32gg/timers.o
 .text.vTimerSetTimerID
                0x00000000       0x38 ./FreeRTOS/efm32gg/timers.o
 .text          0x00000000        0x0 ./emlib/em_assert.o
 .data          0x00000000        0x0 ./emlib/em_assert.o
 .bss           0x00000000        0x0 ./emlib/em_assert.o
 .text          0x00000000        0x0 ./emlib/em_burtc.o
 .data          0x00000000        0x0 ./emlib/em_burtc.o
 .bss           0x00000000        0x0 ./emlib/em_burtc.o
 .text.BUS_RegBitRead
                0x00000000       0x2c ./emlib/em_burtc.o
 .text.BURTC_Reset
                0x00000000       0x3c ./emlib/em_burtc.o
 .text.BURTC_ClockFreqGet
                0x00000000       0x7c ./emlib/em_burtc.o
 .text          0x00000000        0x0 ./emlib/em_cmu.o
 .data          0x00000000        0x0 ./emlib/em_cmu.o
 .bss           0x00000000        0x0 ./emlib/em_cmu.o
 .text.BUS_RegMaskedWrite
                0x00000000       0x28 ./emlib/em_cmu.o
 .text.CMU_Log2ToDiv
                0x00000000       0x1c ./emlib/em_cmu.o
 .text.CMU_AUXHFRCOBandGet
                0x00000000       0x20 ./emlib/em_cmu.o
 .text.CMU_AUXHFRCOBandSet
                0x00000000       0xb8 ./emlib/em_cmu.o
 .text.CMU_Calibrate
                0x00000000       0xac ./emlib/em_cmu.o
 .text.CMU_CalibrateConfig
                0x00000000       0xfc ./emlib/em_cmu.o
 .text.CMU_CalibrateCountGet
                0x00000000       0x38 ./emlib/em_cmu.o
 .text.CMU_ClockDivGet
                0x00000000      0x194 ./emlib/em_cmu.o
 .text.CMU_ClockDivSet
                0x00000000      0x2c4 ./emlib/em_cmu.o
 .text.CMU_FreezeEnable
                0x00000000       0x38 ./emlib/em_cmu.o
 .text.CMU_HFRCOBandGet
                0x00000000       0x20 ./emlib/em_cmu.o
 .text.CMU_HFRCOBandSet
                0x00000000       0xec ./emlib/em_cmu.o
 .text.CMU_HFRCOStartupDelayGet
                0x00000000       0x1c ./emlib/em_cmu.o
 .text.CMU_HFRCOStartupDelaySet
                0x00000000       0x40 ./emlib/em_cmu.o
 .text.CMU_HFXOInit
                0x00000000       0x6c ./emlib/em_cmu.o
 .text.CMU_LCDClkFDIVGet
                0x00000000       0x1c ./emlib/em_cmu.o
 .text.CMU_LCDClkFDIVSet
                0x00000000       0x4c ./emlib/em_cmu.o
 .text.CMU_LFXOInit
                0x00000000       0x8c ./emlib/em_cmu.o
 .text.CMU_OscillatorTuningGet
                0x00000000       0x5c ./emlib/em_cmu.o
 .text.CMU_OscillatorTuningSet
                0x00000000       0xb0 ./emlib/em_cmu.o
 .text.CMU_PCNTClockExternalGet
                0x00000000       0x60 ./emlib/em_cmu.o
 .text.CMU_PCNTClockExternalSet
                0x00000000       0x48 ./emlib/em_cmu.o
 .text          0x00000000        0x0 ./emlib/em_core.o
 .data          0x00000000        0x0 ./emlib/em_core.o
 .bss           0x00000000        0x0 ./emlib/em_core.o
 .text.NVIC_GetPriority
                0x00000000       0x50 ./emlib/em_core.o
 .text.CORE_CriticalDisableIrq
                0x00000000       0x10 ./emlib/em_core.o
 .text.CORE_CriticalEnableIrq
                0x00000000       0x10 ./emlib/em_core.o
 .text.CORE_YieldCritical
                0x00000000       0x24 ./emlib/em_core.o
 .text.CORE_AtomicDisableIrq
                0x00000000       0x10 ./emlib/em_core.o
 .text.CORE_AtomicEnableIrq
                0x00000000       0x10 ./emlib/em_core.o
 .text.CORE_EnterAtomic
                0x00000000       0x20 ./emlib/em_core.o
 .text.CORE_ExitAtomic
                0x00000000       0x1c ./emlib/em_core.o
 .text.CORE_YieldAtomic
                0x00000000       0x24 ./emlib/em_core.o
 .text.CORE_EnterNvicMask
                0x00000000       0x38 ./emlib/em_core.o
 .text.CORE_NvicDisableMask
                0x00000000       0x2c ./emlib/em_core.o
 .text.CORE_NvicEnableMask
                0x00000000       0x2c ./emlib/em_core.o
 .text.CORE_YieldNvicMask
                0x00000000       0x88 ./emlib/em_core.o
 .rodata        0x00000000       0x60 ./emlib/em_core.o
 .text.CORE_NvicMaskSetIRQ
                0x00000000       0x60 ./emlib/em_core.o
 .text.CORE_NvicMaskClearIRQ
                0x00000000       0x60 ./emlib/em_core.o
 .text.CORE_InIrqContext
                0x00000000       0x24 ./emlib/em_core.o
 .text.CORE_IrqIsBlocked
                0x00000000       0xb8 ./emlib/em_core.o
 .text.CORE_IrqIsDisabled
                0x00000000       0x28 ./emlib/em_core.o
 .text.CORE_GetNvicEnabledMask
                0x00000000       0x2c ./emlib/em_core.o
 .text.CORE_GetNvicMaskDisableState
                0x00000000       0x54 ./emlib/em_core.o
 .text.CORE_NvicIRQDisabled
                0x00000000       0x60 ./emlib/em_core.o
 .text.CORE_GetNvicRamTableHandler
                0x00000000       0x48 ./emlib/em_core.o
 .text.CORE_SetNvicRamTableHandler
                0x00000000       0x4c ./emlib/em_core.o
 .text.CORE_InitNvicVectorTable
                0x00000000      0x10c ./emlib/em_core.o
 .text          0x00000000        0x0 ./emlib/em_emu.o
 .data          0x00000000        0x0 ./emlib/em_emu.o
 .bss           0x00000000        0x0 ./emlib/em_emu.o
 .text.BUS_RegBitWrite
                0x00000000       0x2c ./emlib/em_emu.o
 .text.EMU_BUPinEnable
                0x00000000       0x20 ./emlib/em_emu.o
 .text.EMU_Save
                0x00000000        0xc ./emlib/em_emu.o
 .text.EMU_Restore
                0x00000000        0xc ./emlib/em_emu.o
 .text.EMU_MemPwrDown
                0x00000000       0x20 ./emlib/em_emu.o
 .text.EMU_RamPowerDown
                0x00000000       0x7c ./emlib/em_emu.o
 .text.EMU_UpdateOscConfig
                0x00000000        0xc ./emlib/em_emu.o
 .text.EMU_EM23Init
                0x00000000       0x34 ./emlib/em_emu.o
 .text.EMU_EM4Init
                0x00000000       0x50 ./emlib/em_emu.o
 .text.EMU_BUPDInit
                0x00000000       0xd4 ./emlib/em_emu.o
 .rodata        0x00000000       0x5f ./emlib/em_emu.o
 .text.EMU_BUThresholdSet
                0x00000000       0x6c ./emlib/em_emu.o
 .text.EMU_BUThresRangeSet
                0x00000000       0x70 ./emlib/em_emu.o
 .text          0x00000000        0x0 ./emlib/em_gpio.o
 .data          0x00000000        0x0 ./emlib/em_gpio.o
 .bss           0x00000000        0x0 ./emlib/em_gpio.o
 .text.BUS_RegBitWrite
                0x00000000       0x2c ./emlib/em_gpio.o
 .text.BUS_RegMaskedWrite
                0x00000000       0x28 ./emlib/em_gpio.o
 .text.GPIO_EM4SetPinRetention
                0x00000000       0x40 ./emlib/em_gpio.o
 .text.GPIO_DbgLocationSet
                0x00000000       0x3c ./emlib/em_gpio.o
 .text.GPIO_DriveModeSet
                0x00000000       0x78 ./emlib/em_gpio.o
 .text.GPIO_ExtIntConfig
                0x00000000      0x114 ./emlib/em_gpio.o
 .text.GPIO_PinModeGet
                0x00000000       0xcc ./emlib/em_gpio.o
 .text.GPIO_EM4EnablePinWakeup
                0x00000000       0x84 ./emlib/em_gpio.o
 .text          0x00000000        0x0 ./emlib/em_rmu.o
 .data          0x00000000        0x0 ./emlib/em_rmu.o
 .bss           0x00000000        0x0 ./emlib/em_rmu.o
 .text          0x00000000        0x0 ./emlib/em_rtc.o
 .data          0x00000000        0x0 ./emlib/em_rtc.o
 .bss           0x00000000        0x0 ./emlib/em_rtc.o
 .text.BUS_RegBitWrite
                0x00000000       0x2c ./emlib/em_rtc.o
 .rodata        0x00000000       0x5f ./emlib/em_rtc.o
 .text.RTC_CompareGet
                0x00000000       0x4c ./emlib/em_rtc.o
 .text.RTC_CompareSet
                0x00000000       0x5c ./emlib/em_rtc.o
 .text.RTC_Enable
                0x00000000       0x20 ./emlib/em_rtc.o
 .text.RTC_FreezeEnable
                0x00000000       0x2c ./emlib/em_rtc.o
 .text.RTC_Init
                0x00000000       0x50 ./emlib/em_rtc.o
 .text.RTC_Reset
                0x00000000       0x34 ./emlib/em_rtc.o
 .text.RTC_CounterReset
                0x00000000       0x14 ./emlib/em_rtc.o
 .debug_info    0x00000000      0x33f ./emlib/em_rtc.o
 .debug_abbrev  0x00000000      0x17c ./emlib/em_rtc.o
 .debug_loc     0x00000000      0x274 ./emlib/em_rtc.o
 .debug_aranges
                0x00000000       0x58 ./emlib/em_rtc.o
 .debug_ranges  0x00000000       0x48 ./emlib/em_rtc.o
 .debug_line    0x00000000      0x39b ./emlib/em_rtc.o
 .debug_str     0x00000000      0x2e2 ./emlib/em_rtc.o
 .comment       0x00000000       0x71 ./emlib/em_rtc.o
 .debug_frame   0x00000000      0x130 ./emlib/em_rtc.o
 .ARM.attributes
                0x00000000       0x33 ./emlib/em_rtc.o
 .text          0x00000000        0x0 ./emlib/em_system.o
 .data          0x00000000        0x0 ./emlib/em_system.o
 .bss           0x00000000        0x0 ./emlib/em_system.o
 .text.SYSTEM_GetCalibrationValue
                0x00000000       0x5c ./emlib/em_system.o
 .text          0x00000000        0x0 ./emlib/em_timer.o
 .data          0x00000000        0x0 ./emlib/em_timer.o
 .bss           0x00000000        0x0 ./emlib/em_timer.o
 .text.TIMER_EnableDTI
                0x00000000       0x4c ./emlib/em_timer.o
 .text.TIMER_GetDTIFault
                0x00000000       0x30 ./emlib/em_timer.o
 .text.TIMER_ClearDTIFault
                0x00000000       0x34 ./emlib/em_timer.o
 .text.TIMER_InitCC
                0x00000000       0xbc ./emlib/em_timer.o
 .text.TIMER_InitDTI
                0x00000000      0x11c ./emlib/em_timer.o
 .text.TIMER_Reset
                0x00000000       0xbc ./emlib/em_timer.o
 .text          0x00000000        0x0 ./src/low_power_tick_management.o
 .data          0x00000000        0x0 ./src/low_power_tick_management.o
 .bss           0x00000000        0x0 ./src/low_power_tick_management.o
 .rodata.ulReloadValueForOneTick
                0x00000000        0x4 ./src/low_power_tick_management.o
 .text          0x00000000        0x0 ./src/main.o
 .data          0x00000000        0x0 ./src/main.o
 .bss           0x00000000        0x0 ./src/main.o
 .text          0x00000000        0x0 /usr/local/SimplicityStudio_v4/developer/toolchains/gnu_arm/4.9_2015q3/bin/../lib/gcc/arm-none-eabi/4.9.3/../../../../arm-none-eabi/lib/armv7-m/libc_nano.a(lib_a-exit.o)
 .data          0x00000000        0x0 /usr/local/SimplicityStudio_v4/developer/toolchains/gnu_arm/4.9_2015q3/bin/../lib/gcc/arm-none-eabi/4.9.3/../../../../arm-none-eabi/lib/armv7-m/libc_nano.a(lib_a-exit.o)
 .bss           0x00000000        0x0 /usr/local/SimplicityStudio_v4/developer/toolchains/gnu_arm/4.9_2015q3/bin/../lib/gcc/arm-none-eabi/4.9.3/../../../../arm-none-eabi/lib/armv7-m/libc_nano.a(lib_a-exit.o)
 .text          0x00000000        0x0 /usr/local/SimplicityStudio_v4/developer/toolchains/gnu_arm/4.9_2015q3/bin/../lib/gcc/arm-none-eabi/4.9.3/../../../../arm-none-eabi/lib/armv7-m/libc_nano.a(lib_a-impure.o)
 .data          0x00000000        0x0 /usr/local/SimplicityStudio_v4/developer/toolchains/gnu_arm/4.9_2015q3/bin/../lib/gcc/arm-none-eabi/4.9.3/../../../../arm-none-eabi/lib/armv7-m/libc_nano.a(lib_a-impure.o)
 .bss           0x00000000        0x0 /usr/local/SimplicityStudio_v4/developer/toolchains/gnu_arm/4.9_2015q3/bin/../lib/gcc/arm-none-eabi/4.9.3/../../../../arm-none-eabi/lib/armv7-m/libc_nano.a(lib_a-impure.o)
 .data._impure_ptr
                0x00000000        0x4 /usr/local/SimplicityStudio_v4/developer/toolchains/gnu_arm/4.9_2015q3/bin/../lib/gcc/arm-none-eabi/4.9.3/../../../../arm-none-eabi/lib/armv7-m/libc_nano.a(lib_a-impure.o)
 .text          0x00000000        0x0 /usr/local/SimplicityStudio_v4/developer/toolchains/gnu_arm/4.9_2015q3/bin/../lib/gcc/arm-none-eabi/4.9.3/../../../../arm-none-eabi/lib/armv7-m/libc_nano.a(lib_a-init.o)
 .data          0x00000000        0x0 /usr/local/SimplicityStudio_v4/developer/toolchains/gnu_arm/4.9_2015q3/bin/../lib/gcc/arm-none-eabi/4.9.3/../../../../arm-none-eabi/lib/armv7-m/libc_nano.a(lib_a-init.o)
 .bss           0x00000000        0x0 /usr/local/SimplicityStudio_v4/developer/toolchains/gnu_arm/4.9_2015q3/bin/../lib/gcc/arm-none-eabi/4.9.3/../../../../arm-none-eabi/lib/armv7-m/libc_nano.a(lib_a-init.o)
 .text          0x00000000        0x0 /usr/local/SimplicityStudio_v4/developer/toolchains/gnu_arm/4.9_2015q3/bin/../lib/gcc/arm-none-eabi/4.9.3/../../../../arm-none-eabi/lib/armv7-m/libc_nano.a(lib_a-memcpy.o)
 .data          0x00000000        0x0 /usr/local/SimplicityStudio_v4/developer/toolchains/gnu_arm/4.9_2015q3/bin/../lib/gcc/arm-none-eabi/4.9.3/../../../../arm-none-eabi/lib/armv7-m/libc_nano.a(lib_a-memcpy.o)
 .bss           0x00000000        0x0 /usr/local/SimplicityStudio_v4/developer/toolchains/gnu_arm/4.9_2015q3/bin/../lib/gcc/arm-none-eabi/4.9.3/../../../../arm-none-eabi/lib/armv7-m/libc_nano.a(lib_a-memcpy.o)
 .text          0x00000000        0x0 /usr/local/SimplicityStudio_v4/developer/toolchains/gnu_arm/4.9_2015q3/bin/../lib/gcc/arm-none-eabi/4.9.3/../../../../arm-none-eabi/lib/armv7-m/libc_nano.a(lib_a-memset.o)
 .data          0x00000000        0x0 /usr/local/SimplicityStudio_v4/developer/toolchains/gnu_arm/4.9_2015q3/bin/../lib/gcc/arm-none-eabi/4.9.3/../../../../arm-none-eabi/lib/armv7-m/libc_nano.a(lib_a-memset.o)
 .bss           0x00000000        0x0 /usr/local/SimplicityStudio_v4/developer/toolchains/gnu_arm/4.9_2015q3/bin/../lib/gcc/arm-none-eabi/4.9.3/../../../../arm-none-eabi/lib/armv7-m/libc_nano.a(lib_a-memset.o)
 .text          0x00000000        0x0 /usr/local/SimplicityStudio_v4/developer/toolchains/gnu_arm/4.9_2015q3/bin/../lib/gcc/arm-none-eabi/4.9.3/../../../../arm-none-eabi/lib/armv7-m/libnosys.a(_exit.o)
 .data          0x00000000        0x0 /usr/local/SimplicityStudio_v4/developer/toolchains/gnu_arm/4.9_2015q3/bin/../lib/gcc/arm-none-eabi/4.9.3/../../../../arm-none-eabi/lib/armv7-m/libnosys.a(_exit.o)
 .bss           0x00000000        0x0 /usr/local/SimplicityStudio_v4/developer/toolchains/gnu_arm/4.9_2015q3/bin/../lib/gcc/arm-none-eabi/4.9.3/../../../../arm-none-eabi/lib/armv7-m/libnosys.a(_exit.o)
 .text          0x00000000        0x0 /usr/local/SimplicityStudio_v4/developer/toolchains/gnu_arm/4.9_2015q3/bin/../lib/gcc/arm-none-eabi/4.9.3/armv7-m/crtend.o
 .data          0x00000000        0x0 /usr/local/SimplicityStudio_v4/developer/toolchains/gnu_arm/4.9_2015q3/bin/../lib/gcc/arm-none-eabi/4.9.3/armv7-m/crtend.o
 .bss           0x00000000        0x0 /usr/local/SimplicityStudio_v4/developer/toolchains/gnu_arm/4.9_2015q3/bin/../lib/gcc/arm-none-eabi/4.9.3/armv7-m/crtend.o
 .text          0x00000000        0x0 /usr/local/SimplicityStudio_v4/developer/toolchains/gnu_arm/4.9_2015q3/bin/../lib/gcc/arm-none-eabi/4.9.3/armv7-m/crtn.o
 .data          0x00000000        0x0 /usr/local/SimplicityStudio_v4/developer/toolchains/gnu_arm/4.9_2015q3/bin/../lib/gcc/arm-none-eabi/4.9.3/armv7-m/crtn.o
 .bss           0x00000000        0x0 /usr/local/SimplicityStudio_v4/developer/toolchains/gnu_arm/4.9_2015q3/bin/../lib/gcc/arm-none-eabi/4.9.3/armv7-m/crtn.o

Memory Configuration

Name             Origin             Length             Attributes
FLASH            0x00000000         0x00100000         xr
RAM              0x20000000         0x00020000         xrw
*default*        0x00000000         0xffffffff

Linker script and memory map

LOAD /usr/local/SimplicityStudio_v4/developer/toolchains/gnu_arm/4.9_2015q3/bin/../lib/gcc/arm-none-eabi/4.9.3/armv7-m/crti.o
LOAD /usr/local/SimplicityStudio_v4/developer/toolchains/gnu_arm/4.9_2015q3/bin/../lib/gcc/arm-none-eabi/4.9.3/armv7-m/crtbegin.o
LOAD /usr/local/SimplicityStudio_v4/developer/toolchains/gnu_arm/4.9_2015q3/bin/../lib/gcc/arm-none-eabi/4.9.3/../../../../arm-none-eabi/lib/armv7-m/crt0.o
LOAD ./BSP/bsp_stk_leds.o
LOAD ./BSP/bsp_trace.o
LOAD ./CMSIS/EFM32GG/startup_efm32gg.o
LOAD ./CMSIS/EFM32GG/system_efm32gg.o
LOAD ./Drivers/sleep.o
LOAD ./FreeRTOS/efm32gg/croutine.o
LOAD ./FreeRTOS/efm32gg/event_groups.o
LOAD ./FreeRTOS/efm32gg/heap_1.o
LOAD ./FreeRTOS/efm32gg/list.o
LOAD ./FreeRTOS/efm32gg/port.o
LOAD ./FreeRTOS/efm32gg/queue.o
LOAD ./FreeRTOS/efm32gg/tasks.o
LOAD ./FreeRTOS/efm32gg/timers.o
LOAD ./emlib/em_assert.o
LOAD ./emlib/em_burtc.o
LOAD ./emlib/em_cmu.o
LOAD ./emlib/em_core.o
LOAD ./emlib/em_emu.o
LOAD ./emlib/em_gpio.o
LOAD ./emlib/em_rmu.o
LOAD ./emlib/em_rtc.o
LOAD ./emlib/em_system.o
LOAD ./emlib/em_timer.o
LOAD ./src/low_power_tick_management.o
LOAD ./src/main.o
START GROUP
LOAD /usr/local/SimplicityStudio_v4/developer/toolchains/gnu_arm/4.9_2015q3/bin/../lib/gcc/arm-none-eabi/4.9.3/armv7-m/libgcc.a
LOAD /usr/local/SimplicityStudio_v4/developer/toolchains/gnu_arm/4.9_2015q3/bin/../lib/gcc/arm-none-eabi/4.9.3/../../../../arm-none-eabi/lib/armv7-m/libc_nano.a
LOAD /usr/local/SimplicityStudio_v4/developer/toolchains/gnu_arm/4.9_2015q3/bin/../lib/gcc/arm-none-eabi/4.9.3/../../../../arm-none-eabi/lib/armv7-m/libnosys.a
END GROUP
START GROUP
LOAD /usr/local/SimplicityStudio_v4/developer/toolchains/gnu_arm/4.9_2015q3/bin/../lib/gcc/arm-none-eabi/4.9.3/armv7-m/libgcc.a
LOAD /usr/local/SimplicityStudio_v4/developer/toolchains/gnu_arm/4.9_2015q3/bin/../lib/gcc/arm-none-eabi/4.9.3/../../../../arm-none-eabi/lib/armv7-m/libg_nano.a
LOAD /usr/local/SimplicityStudio_v4/developer/toolchains/gnu_arm/4.9_2015q3/bin/../lib/gcc/arm-none-eabi/4.9.3/../../../../arm-none-eabi/lib/armv7-m/libc_nano.a
END GROUP
START GROUP
LOAD /usr/local/SimplicityStudio_v4/developer/toolchains/gnu_arm/4.9_2015q3/bin/../lib/gcc/arm-none-eabi/4.9.3/armv7-m/libgcc.a
LOAD /usr/local/SimplicityStudio_v4/developer/toolchains/gnu_arm/4.9_2015q3/bin/../lib/gcc/arm-none-eabi/4.9.3/../../../../arm-none-eabi/lib/armv7-m/libc_nano.a
END GROUP
LOAD /usr/local/SimplicityStudio_v4/developer/toolchains/gnu_arm/4.9_2015q3/bin/../lib/gcc/arm-none-eabi/4.9.3/armv7-m/crtend.o
LOAD /usr/local/SimplicityStudio_v4/developer/toolchains/gnu_arm/4.9_2015q3/bin/../lib/gcc/arm-none-eabi/4.9.3/armv7-m/crtn.o

.text           0x00000000     0x4fd8
 *(.vectors)
 .vectors       0x00000000       0xdc ./CMSIS/EFM32GG/startup_efm32gg.o
                0x00000000                __Vectors
                0x000000dc                __Vectors_End = .
                0x000000dc                __Vectors_Size = (__Vectors_End - __Vectors)
                0x000000dc                __end__ = .
 *(.text*)
 .text          0x000000dc       0x5c /usr/local/SimplicityStudio_v4/developer/toolchains/gnu_arm/4.9_2015q3/bin/../lib/gcc/arm-none-eabi/4.9.3/armv7-m/crtbegin.o
 .text          0x00000138       0x74 /usr/local/SimplicityStudio_v4/developer/toolchains/gnu_arm/4.9_2015q3/bin/../lib/gcc/arm-none-eabi/4.9.3/../../../../arm-none-eabi/lib/armv7-m/crt0.o
                0x00000138                _mainCRTStartup
                0x00000138                _start
 .text.GPIO_PinOutSet
                0x000001ac       0x98 ./BSP/bsp_stk_leds.o
 .text.GPIO_PinOutToggle
                0x00000244       0x98 ./BSP/bsp_stk_leds.o
 .text.BSP_LedsInit
                0x000002dc       0x5c ./BSP/bsp_stk_leds.o
                0x000002dc                BSP_LedsInit
 .text.BSP_LedSet
                0x00000338       0x44 ./BSP/bsp_stk_leds.o
                0x00000338                BSP_LedSet
 .text.BSP_LedToggle
                0x0000037c       0x44 ./BSP/bsp_stk_leds.o
                0x0000037c                BSP_LedToggle
 .text.BSP_TraceSwoSetup
                0x000003c0      0x114 ./BSP/bsp_trace.o
                0x000003c0                BSP_TraceSwoSetup
 .text.BSP_TraceProfilerSetup
                0x000004d4       0x28 ./BSP/bsp_trace.o
                0x000004d4                BSP_TraceProfilerSetup
 .text          0x000004fc       0x30 ./CMSIS/EFM32GG/startup_efm32gg.o
                0x000004fc                Reset_Handler
                0x00000528                TIMER2_IRQHandler
                0x00000528                DebugMon_Handler
                0x00000528                USART0_TX_IRQHandler
                0x00000528                I2C0_IRQHandler
                0x00000528                HardFault_Handler
                0x00000528                LEUART1_IRQHandler
                0x00000528                USART1_RX_IRQHandler
                0x00000528                NMI_Handler
                0x00000528                I2C1_IRQHandler
                0x00000528                TIMER3_IRQHandler
                0x00000528                USART1_TX_IRQHandler
                0x00000528                MSC_IRQHandler
                0x00000528                ADC0_IRQHandler
                0x00000528                UsageFault_Handler
                0x00000528                LEUART0_IRQHandler
                0x00000528                GPIO_EVEN_IRQHandler
                0x00000528                UART0_TX_IRQHandler
                0x00000528                UART1_TX_IRQHandler
                0x00000528                RTC_IRQHandler
                0x00000528                LCD_IRQHandler
                0x00000528                PCNT2_IRQHandler
                0x00000528                UART0_RX_IRQHandler
                0x00000528                LETIMER0_IRQHandler
                0x00000528                TIMER1_IRQHandler
                0x00000528                USART2_RX_IRQHandler
                0x00000528                Default_Handler
                0x00000528                EMU_IRQHandler
                0x00000528                PCNT0_IRQHandler
                0x00000528                USB_IRQHandler
                0x00000528                PCNT1_IRQHandler
                0x00000528                ACMP0_IRQHandler
                0x00000528                USART0_RX_IRQHandler
                0x00000528                MemManage_Handler
                0x00000528                DAC0_IRQHandler
                0x00000528                UART1_RX_IRQHandler
                0x00000528                CMU_IRQHandler
                0x00000528                EBI_IRQHandler
                0x00000528                LESENSE_IRQHandler
                0x00000528                GPIO_ODD_IRQHandler
                0x00000528                AES_IRQHandler
                0x00000528                VCMP_IRQHandler
                0x00000528                DMA_IRQHandler
                0x00000528                BusFault_Handler
                0x00000528                USART2_TX_IRQHandler
 .text.GetProdRev
                0x0000052c       0x1c ./CMSIS/EFM32GG/system_efm32gg.o
 .text.SystemCoreClockGet
                0x00000548       0x34 ./CMSIS/EFM32GG/system_efm32gg.o
                0x00000548                SystemCoreClockGet
 .text.SystemMaxCoreClockGet
                0x0000057c       0x14 ./CMSIS/EFM32GG/system_efm32gg.o
                0x0000057c                SystemMaxCoreClockGet
 .text.SystemHFClockGet
                0x00000590      0x100 ./CMSIS/EFM32GG/system_efm32gg.o
                0x00000590                SystemHFClockGet
 .text.SystemHFXOClockGet
                0x00000690       0x18 ./CMSIS/EFM32GG/system_efm32gg.o
                0x00000690                SystemHFXOClockGet
 .text.SystemInit
                0x000006a8        0xc ./CMSIS/EFM32GG/system_efm32gg.o
                0x000006a8                SystemInit
 .text.SystemLFRCOClockGet
                0x000006b4       0x14 ./CMSIS/EFM32GG/system_efm32gg.o
                0x000006b4                SystemLFRCOClockGet
 .text.SystemULFRCOClockGet
                0x000006c8       0x14 ./CMSIS/EFM32GG/system_efm32gg.o
                0x000006c8                SystemULFRCOClockGet
 .text.SystemLFXOClockGet
                0x000006dc       0x18 ./CMSIS/EFM32GG/system_efm32gg.o
                0x000006dc                SystemLFXOClockGet
 .text.EMU_EnterEM1
                0x000006f4       0x20 ./Drivers/sleep.o
 .text.SLEEP_Init
                0x00000714       0x58 ./Drivers/sleep.o
                0x00000714                SLEEP_Init
 .text.SLEEP_Sleep
                0x0000076c       0x40 ./Drivers/sleep.o
                0x0000076c                SLEEP_Sleep
 .text.SLEEP_LowestEnergyModeGet
                0x000007ac       0x40 ./Drivers/sleep.o
                0x000007ac                SLEEP_LowestEnergyModeGet
 .text.enterEMx
                0x000007ec       0x94 ./Drivers/sleep.o
 .text.pvPortMalloc
                0x00000880       0x8c ./FreeRTOS/efm32gg/heap_1.o
                0x00000880                pvPortMalloc
 .text.vPortFree
                0x0000090c       0x20 ./FreeRTOS/efm32gg/heap_1.o
                0x0000090c                vPortFree
 .text.vListInitialise
                0x0000092c       0x40 ./FreeRTOS/efm32gg/list.o
                0x0000092c                vListInitialise
 .text.vListInitialiseItem
                0x0000096c       0x18 ./FreeRTOS/efm32gg/list.o
                0x0000096c                vListInitialiseItem
 .text.vListInsertEnd
                0x00000984       0x48 ./FreeRTOS/efm32gg/list.o
                0x00000984                vListInsertEnd
 .text.vListInsert
                0x000009cc       0x70 ./FreeRTOS/efm32gg/list.o
                0x000009cc                vListInsert
 .text.uxListRemove
                0x00000a3c       0x54 ./FreeRTOS/efm32gg/list.o
                0x00000a3c                uxListRemove
 .text.pxPortInitialiseStack
                0x00000a90       0x5c ./FreeRTOS/efm32gg/port.o
                0x00000a90                pxPortInitialiseStack
 .text.prvTaskExitError
                0x00000aec       0x34 ./FreeRTOS/efm32gg/port.o
 .text.SVC_Handler
                0x00000b20       0x24 ./FreeRTOS/efm32gg/port.o
                0x00000b20                SVC_Handler
 .text.prvPortStartFirstTask
                0x00000b44       0x20 ./FreeRTOS/efm32gg/port.o
 .text.xPortStartScheduler
                0x00000b64       0xbc ./FreeRTOS/efm32gg/port.o
                0x00000b64                xPortStartScheduler
 .text.vPortEnterCritical
                0x00000c20       0x50 ./FreeRTOS/efm32gg/port.o
                0x00000c20                vPortEnterCritical
 .text.vPortExitCritical
                0x00000c70       0x44 ./FreeRTOS/efm32gg/port.o
                0x00000c70                vPortExitCritical
 *fill*         0x00000cb4        0xc 
 .text.PendSV_Handler
                0x00000cc0       0x44 ./FreeRTOS/efm32gg/port.o
                0x00000cc0                PendSV_Handler
 .text.SysTick_Handler
                0x00000d04       0x40 ./FreeRTOS/efm32gg/port.o
                0x00000d04                SysTick_Handler
 .text.vPortValidateInterruptPriority
                0x00000d44       0x64 ./FreeRTOS/efm32gg/port.o
                0x00000d44                vPortValidateInterruptPriority
 .text.xQueueGenericReset
                0x00000da8       0xc8 ./FreeRTOS/efm32gg/queue.o
                0x00000da8                xQueueGenericReset
 .text.xQueueGenericCreate
                0x00000e70       0x6c ./FreeRTOS/efm32gg/queue.o
                0x00000e70                xQueueGenericCreate
 .text.prvInitialiseNewQueue
                0x00000edc       0x3c ./FreeRTOS/efm32gg/queue.o
 .text.xQueueGenericSend
                0x00000f18      0x1bc ./FreeRTOS/efm32gg/queue.o
                0x00000f18                xQueueGenericSend
 .text.xQueueGenericSendFromISR
                0x000010d4       0xfc ./FreeRTOS/efm32gg/queue.o
                0x000010d4                xQueueGenericSendFromISR
 .text.xQueueGenericReceive
                0x000011d0      0x1fc ./FreeRTOS/efm32gg/queue.o
                0x000011d0                xQueueGenericReceive
 .text.prvCopyDataToQueue
                0x000013cc       0xd8 ./FreeRTOS/efm32gg/queue.o
 .text.prvCopyDataFromQueue
                0x000014a4       0x4c ./FreeRTOS/efm32gg/queue.o
 .text.prvUnlockQueue
                0x000014f0       0xa4 ./FreeRTOS/efm32gg/queue.o
 .text.prvIsQueueEmpty
                0x00001594       0x2c ./FreeRTOS/efm32gg/queue.o
 .text.prvIsQueueFull
                0x000015c0       0x30 ./FreeRTOS/efm32gg/queue.o
 .text.vQueueAddToRegistry
                0x000015f0       0x50 ./FreeRTOS/efm32gg/queue.o
                0x000015f0                vQueueAddToRegistry
 .text.vQueueWaitForMessageRestricted
                0x00001640       0x6c ./FreeRTOS/efm32gg/queue.o
                0x00001640                vQueueWaitForMessageRestricted
 .text.xTaskCreate
                0x000016ac       0x84 ./FreeRTOS/efm32gg/tasks.o
                0x000016ac                xTaskCreate
 .text.prvInitialiseNewTask
                0x00001730       0xf4 ./FreeRTOS/efm32gg/tasks.o
 .text.prvAddNewTaskToReadyList
                0x00001824       0xd8 ./FreeRTOS/efm32gg/tasks.o
 .text.vTaskDelay
                0x000018fc       0x60 ./FreeRTOS/efm32gg/tasks.o
                0x000018fc                vTaskDelay
 .text.vTaskStartScheduler
                0x0000195c       0x90 ./FreeRTOS/efm32gg/tasks.o
                0x0000195c                vTaskStartScheduler
 .text.vTaskSuspendAll
                0x000019ec       0x1c ./FreeRTOS/efm32gg/tasks.o
                0x000019ec                vTaskSuspendAll
 .text.xTaskResumeAll
                0x00001a08      0x134 ./FreeRTOS/efm32gg/tasks.o
                0x00001a08                xTaskResumeAll
 .text.xTaskGetTickCount
                0x00001b3c       0x20 ./FreeRTOS/efm32gg/tasks.o
                0x00001b3c                xTaskGetTickCount
 .text.xTaskIncrementTick
                0x00001b5c      0x178 ./FreeRTOS/efm32gg/tasks.o
                0x00001b5c                xTaskIncrementTick
 .text.vTaskSwitchContext
                0x00001cd4       0xa8 ./FreeRTOS/efm32gg/tasks.o
                0x00001cd4                vTaskSwitchContext
 .text.vTaskPlaceOnEventList
                0x00001d7c       0x40 ./FreeRTOS/efm32gg/tasks.o
                0x00001d7c                vTaskPlaceOnEventList
 .text.vTaskPlaceOnEventListRestricted
                0x00001dbc       0x4c ./FreeRTOS/efm32gg/tasks.o
                0x00001dbc                vTaskPlaceOnEventListRestricted
 .text.xTaskRemoveFromEventList
                0x00001e08       0xc0 ./FreeRTOS/efm32gg/tasks.o
                0x00001e08                xTaskRemoveFromEventList
 .text.vTaskSetTimeOutState
                0x00001ec8       0x3c ./FreeRTOS/efm32gg/tasks.o
                0x00001ec8                vTaskSetTimeOutState
 .text.xTaskCheckForTimeOut
                0x00001f04       0xac ./FreeRTOS/efm32gg/tasks.o
                0x00001f04                xTaskCheckForTimeOut
 .text.vTaskMissedYield
                0x00001fb0       0x18 ./FreeRTOS/efm32gg/tasks.o
                0x00001fb0                vTaskMissedYield
 .text.prvIdleTask
                0x00001fc8       0x14 ./FreeRTOS/efm32gg/tasks.o
 .text.prvInitialiseTaskLists
                0x00001fdc       0x7c ./FreeRTOS/efm32gg/tasks.o
 .text.prvCheckTasksWaitingTermination
                0x00002058       0x74 ./FreeRTOS/efm32gg/tasks.o
 .text.prvDeleteTCB
                0x000020cc       0x20 ./FreeRTOS/efm32gg/tasks.o
 .text.prvResetNextTaskUnblockTime
                0x000020ec       0x48 ./FreeRTOS/efm32gg/tasks.o
 .text.xTaskGetSchedulerState
                0x00002134       0x3c ./FreeRTOS/efm32gg/tasks.o
                0x00002134                xTaskGetSchedulerState
 .text.vTaskPriorityInherit
                0x00002170       0xf0 ./FreeRTOS/efm32gg/tasks.o
                0x00002170                vTaskPriorityInherit
 .text.xTaskPriorityDisinherit
                0x00002260       0xfc ./FreeRTOS/efm32gg/tasks.o
                0x00002260                xTaskPriorityDisinherit
 .text.pvTaskIncrementMutexHeldCount
                0x0000235c       0x28 ./FreeRTOS/efm32gg/tasks.o
                0x0000235c                pvTaskIncrementMutexHeldCount
 .text.prvAddCurrentTaskToDelayedList
                0x00002384       0xc8 ./FreeRTOS/efm32gg/tasks.o
 .text.xTimerCreateTimerTask
                0x0000244c       0x5c ./FreeRTOS/efm32gg/timers.o
                0x0000244c                xTimerCreateTimerTask
 .text.xTimerGenericCommand
                0x000024a8       0xa0 ./FreeRTOS/efm32gg/timers.o
                0x000024a8                xTimerGenericCommand
 .text.prvProcessExpiredTimer
                0x00002548       0x78 ./FreeRTOS/efm32gg/timers.o
 .text.prvTimerTask
                0x000025c0       0x24 ./FreeRTOS/efm32gg/timers.o
 .text.prvProcessTimerOrBlockTask
                0x000025e4       0x9c ./FreeRTOS/efm32gg/timers.o
 .text.prvGetNextExpireTime
                0x00002680       0x48 ./FreeRTOS/efm32gg/timers.o
 .text.prvSampleTimeNow
                0x000026c8       0x40 ./FreeRTOS/efm32gg/timers.o
 .text.prvInsertTimerInActiveList
                0x00002708       0x84 ./FreeRTOS/efm32gg/timers.o
 .text.prvProcessReceivedCommands
                0x0000278c      0x11c ./FreeRTOS/efm32gg/timers.o
 .text.prvSwitchTimerLists
                0x000028a8       0xb8 ./FreeRTOS/efm32gg/timers.o
 .text.prvCheckForValidListAndQueue
                0x00002960       0x6c ./FreeRTOS/efm32gg/timers.o
 .text.assertEFM
                0x000029cc        0xc ./emlib/em_assert.o
                0x000029cc                assertEFM
 .text.BUS_RegBitWrite
                0x000029d8       0x2c ./emlib/em_burtc.o
 .text.BURTC_IntClear
                0x00002a04       0x1c ./emlib/em_burtc.o
 .text.BURTC_Enable
                0x00002a20       0x5c ./emlib/em_burtc.o
 .text.BURTC_FreezeEnable
                0x00002a7c       0x20 ./emlib/em_burtc.o
 .text.divToLog2
                0x00002a9c       0x38 ./emlib/em_burtc.o
 .text.regSync  0x00002ad4       0x40 ./emlib/em_burtc.o
 .text.BURTC_Init
                0x00002b14      0x11c ./emlib/em_burtc.o
                0x00002b14                BURTC_Init
 .text.BURTC_CompareSet
                0x00002c30       0x34 ./emlib/em_burtc.o
                0x00002c30                BURTC_CompareSet
 .text.BURTC_CompareGet
                0x00002c64       0x2c ./emlib/em_burtc.o
                0x00002c64                BURTC_CompareGet
 .text.BURTC_CounterReset
                0x00002c90       0x20 ./emlib/em_burtc.o
                0x00002c90                BURTC_CounterReset
 .text.BUS_RegBitWrite
                0x00002cb0       0x2c ./emlib/em_cmu.o
 .text.BUS_RegBitRead
                0x00002cdc       0x2c ./emlib/em_cmu.o
 .text.CMU_DivToLog2
                0x00002d08       0x3c ./emlib/em_cmu.o
 .text.SYSTEM_GetProdRev
                0x00002d44       0x1c ./emlib/em_cmu.o
 .text.SYSTEM_GetFamily
                0x00002d60       0x20 ./emlib/em_cmu.o
 .text.maxFreqHfle
                0x00002d80       0x84 ./emlib/em_cmu.o
 .text.setHfLeConfig
                0x00002e04       0x60 ./emlib/em_cmu.o
 .text.getHfLeConfig
                0x00002e64       0x20 ./emlib/em_cmu.o
 .text.auxClkGet
                0x00002e84       0xc0 ./emlib/em_cmu.o
 .text.dbgClkGet
                0x00002f44       0x4c ./emlib/em_cmu.o
 .text.flashWaitStateControl
                0x00002f90       0xb8 ./emlib/em_cmu.o
 .text.flashWaitStateMax
                0x00003048       0x14 ./emlib/em_cmu.o
 .text.CMU_UpdateWaitStates
                0x0000305c       0x18 ./emlib/em_cmu.o
                0x0000305c                CMU_UpdateWaitStates
 .text.lfClkGet
                0x00003074      0x10c ./emlib/em_cmu.o
 .text.syncReg  0x00003180       0x34 ./emlib/em_cmu.o
 .text.usbCClkGet
                0x000031b4       0x4c ./emlib/em_cmu.o
 .text.CMU_ClockEnable
                0x00003200       0xdc ./emlib/em_cmu.o
                0x00003200                CMU_ClockEnable
 .text.CMU_ClockFreqGet
                0x000032dc      0x1e4 ./emlib/em_cmu.o
                0x000032dc                CMU_ClockFreqGet
 .text.CMU_ClockSelectGet
                0x000034c0      0x168 ./emlib/em_cmu.o
                0x000034c0                CMU_ClockSelectGet
 .text.CMU_ClockSelectSet
                0x00003628      0x2d8 ./emlib/em_cmu.o
                0x00003628                CMU_ClockSelectSet
 .text.CMU_OscillatorEnable
                0x00003900       0xc8 ./emlib/em_cmu.o
                0x00003900                CMU_OscillatorEnable
 .text.CORE_EnterCritical
                0x000039c8       0x20 ./emlib/em_core.o
                0x000039c8                CORE_EnterCritical
 .text.CORE_ExitCritical
                0x000039e8       0x1c ./emlib/em_core.o
                0x000039e8                CORE_ExitCritical
 .text.SystemCoreClockUpdate
                0x00003a04        0xc ./emlib/em_emu.o
 .text.EMU_Unlock
                0x00003a10       0x18 ./emlib/em_emu.o
 .text.CMU_Lock
                0x00003a28       0x18 ./emlib/em_emu.o
 .text.CMU_Unlock
                0x00003a40       0x1c ./emlib/em_emu.o
 .text.emState  0x00003a5c       0xd0 ./emlib/em_emu.o
 .text.getErrataFixEmuE107En
                0x00003b2c       0x64 ./emlib/em_emu.o
 .text.EMU_EnterEM2
                0x00003b90       0x8c ./emlib/em_emu.o
                0x00003b90                EMU_EnterEM2
 .text.EMU_EnterEM3
                0x00003c1c       0xb4 ./emlib/em_emu.o
                0x00003c1c                EMU_EnterEM3
 .text.EMU_EnterEM4
                0x00003cd0       0x50 ./emlib/em_emu.o
                0x00003cd0                EMU_EnterEM4
 .text.GPIO_PinOutClear
                0x00003d20       0x98 ./emlib/em_gpio.o
 .text.GPIO_PinOutSet
                0x00003db8       0x98 ./emlib/em_gpio.o
 .text.GPIO_PinModeSet
                0x00003e50      0x150 ./emlib/em_gpio.o
                0x00003e50                GPIO_PinModeSet
 .text.SL_CTZ   0x00003fa0       0x28 ./emlib/em_rmu.o
 .text.BUS_RegBitWrite
                0x00003fc8       0x2c ./emlib/em_rmu.o
 .text.EMU_Lock
                0x00003ff4       0x18 ./emlib/em_rmu.o
 .text.EMU_Unlock
                0x0000400c       0x18 ./emlib/em_rmu.o
 .text.RMU_ResetControl
                0x00004024       0x3c ./emlib/em_rmu.o
                0x00004024                RMU_ResetControl
 .text.RMU_ResetCauseClear
                0x00004060       0x50 ./emlib/em_rmu.o
                0x00004060                RMU_ResetCauseClear
 .text.RMU_ResetCauseGet
                0x000040b0       0x6c ./emlib/em_rmu.o
                0x000040b0                RMU_ResetCauseGet
 .text.SYSTEM_ChipRevisionGet
                0x0000411c       0x80 ./emlib/em_system.o
                0x0000411c                SYSTEM_ChipRevisionGet
 .text.TIMER_Valid
                0x0000419c       0x50 ./emlib/em_timer.o
 .text.TIMER_Init
                0x000041ec       0xec ./emlib/em_timer.o
                0x000041ec                TIMER_Init
 .text.NVIC_EnableIRQ
                0x000042d8       0x30 ./src/low_power_tick_management.o
 .text.NVIC_ClearPendingIRQ
                0x00004308       0x34 ./src/low_power_tick_management.o
 .text.NVIC_SetPriority
                0x0000433c       0x54 ./src/low_power_tick_management.o
 .text.BUS_RegBitWrite
                0x00004390       0x2c ./src/low_power_tick_management.o
 .text.BURTC_IntClear
                0x000043bc       0x1c ./src/low_power_tick_management.o
 .text.BURTC_IntDisable
                0x000043d8       0x24 ./src/low_power_tick_management.o
 .text.BURTC_IntEnable
                0x000043fc       0x24 ./src/low_power_tick_management.o
 .text.BURTC_Enable
                0x00004420       0x5c ./src/low_power_tick_management.o
 .text.vApplicationIdleHook
                0x0000447c        0xc ./src/low_power_tick_management.o
                0x0000447c                vApplicationIdleHook
 .text.BURTC_IRQHandler
                0x00004488       0x78 ./src/low_power_tick_management.o
                0x00004488                BURTC_IRQHandler
 .text.vPortSetupTimerInterrupt
                0x00004500       0x80 ./src/low_power_tick_management.o
                0x00004500                vPortSetupTimerInterrupt
 .text.NVIC_EnableIRQ
                0x00004580       0x30 ./src/main.o
 .text.SYSTEM_GetProdRev
                0x000045b0       0x1c ./src/main.o
 .text.CHIP_Init
                0x000045cc       0x3c ./src/main.o
 .text.TIMER_MaxCount
                0x00004608       0x18 ./src/main.o
 .text.TIMER_TopSet
                0x00004620       0x34 ./src/main.o
 .text.LedBlink
                0x00004654       0x34 ./src/main.o
 .text.TIMER0_IRQHandler
                0x00004688       0x28 ./src/main.o
                0x00004688                TIMER0_IRQHandler
 .text.main     0x000046b0       0x94 ./src/main.o
                0x000046b0                main
 .text.exit     0x00004744       0x28 /usr/local/SimplicityStudio_v4/developer/toolchains/gnu_arm/4.9_2015q3/bin/../lib/gcc/arm-none-eabi/4.9.3/../../../../arm-none-eabi/lib/armv7-m/libc_nano.a(lib_a-exit.o)
                0x00004744                exit
 .text.__libc_init_array
                0x0000476c       0x4c /usr/local/SimplicityStudio_v4/developer/toolchains/gnu_arm/4.9_2015q3/bin/../lib/gcc/arm-none-eabi/4.9.3/../../../../arm-none-eabi/lib/armv7-m/libc_nano.a(lib_a-init.o)
                0x0000476c                __libc_init_array
 .text.memcpy   0x000047b8       0x16 /usr/local/SimplicityStudio_v4/developer/toolchains/gnu_arm/4.9_2015q3/bin/../lib/gcc/arm-none-eabi/4.9.3/../../../../arm-none-eabi/lib/armv7-m/libc_nano.a(lib_a-memcpy.o)
                0x000047b8                memcpy
 .text.memset   0x000047ce       0x10 /usr/local/SimplicityStudio_v4/developer/toolchains/gnu_arm/4.9_2015q3/bin/../lib/gcc/arm-none-eabi/4.9.3/../../../../arm-none-eabi/lib/armv7-m/libc_nano.a(lib_a-memset.o)
                0x000047ce                memset
 *fill*         0x000047de        0x2 
 .text._exit    0x000047e0        0x4 /usr/local/SimplicityStudio_v4/developer/toolchains/gnu_arm/4.9_2015q3/bin/../lib/gcc/arm-none-eabi/4.9.3/../../../../arm-none-eabi/lib/armv7-m/libnosys.a(_exit.o)
                0x000047e0                _exit
 *(.init)
 .init          0x000047e4        0x4 /usr/local/SimplicityStudio_v4/developer/toolchains/gnu_arm/4.9_2015q3/bin/../lib/gcc/arm-none-eabi/4.9.3/armv7-m/crti.o
                0x000047e4                _init
 .init          0x000047e8        0x8 /usr/local/SimplicityStudio_v4/developer/toolchains/gnu_arm/4.9_2015q3/bin/../lib/gcc/arm-none-eabi/4.9.3/armv7-m/crtn.o
 *(.fini)
 .fini          0x000047f0        0x4 /usr/local/SimplicityStudio_v4/developer/toolchains/gnu_arm/4.9_2015q3/bin/../lib/gcc/arm-none-eabi/4.9.3/armv7-m/crti.o
                0x000047f0                _fini
 .fini          0x000047f4        0x8 /usr/local/SimplicityStudio_v4/developer/toolchains/gnu_arm/4.9_2015q3/bin/../lib/gcc/arm-none-eabi/4.9.3/armv7-m/crtn.o
 *crtbegin.o(.ctors)
 *crtbegin?.o(.ctors)
 *(EXCLUDE_FILE(*crtend.o *crtend?.o) .ctors)
 *(SORT(.ctors.*))
 *(.ctors)
 *crtbegin.o(.dtors)
 *crtbegin?.o(.dtors)
 *(EXCLUDE_FILE(*crtend.o *crtend?.o) .dtors)
 *(SORT(.dtors.*))
 *(.dtors)
 *(.rodata*)
 .rodata        0x000047fc       0x61 ./BSP/bsp_stk_leds.o
 *fill*         0x0000485d        0x3 
 .rodata.ledArray
                0x00004860       0x10 ./BSP/bsp_stk_leds.o
 .rodata        0x00004870       0x64 ./Drivers/sleep.o
 .rodata        0x000048d4       0x7e ./FreeRTOS/efm32gg/heap_1.o
 *fill*         0x00004952        0x2 
 .rodata        0x00004954       0x80 ./FreeRTOS/efm32gg/port.o
 .rodata        0x000049d4       0x6c ./FreeRTOS/efm32gg/queue.o
 .rodata        0x00004a40       0x71 ./FreeRTOS/efm32gg/tasks.o
 *fill*         0x00004ab1        0x3 
 .rodata        0x00004ab4       0x7d ./FreeRTOS/efm32gg/timers.o
 *fill*         0x00004b31        0x3 
 .rodata        0x00004b34       0xc5 ./emlib/em_burtc.o
 *fill*         0x00004bf9        0x3 
 .rodata        0x00004bfc       0xbf ./emlib/em_cmu.o
 *fill*         0x00004cbb        0x1 
 .rodata        0x00004cbc       0xc4 ./emlib/em_gpio.o
 .rodata.resetCauseMasks
                0x00004d80       0x80 ./emlib/em_rmu.o
 .rodata        0x00004e00       0x62 ./emlib/em_system.o
 *fill*         0x00004e62        0x2 
 .rodata        0x00004e64       0x78 ./emlib/em_timer.o
 .rodata        0x00004edc       0x78 ./src/low_power_tick_management.o
 .rodata        0x00004f54       0x7a ./src/main.o
 .rodata.str1.1
                0x00004fce        0x2 /usr/local/SimplicityStudio_v4/developer/toolchains/gnu_arm/4.9_2015q3/bin/../lib/gcc/arm-none-eabi/4.9.3/../../../../arm-none-eabi/lib/armv7-m/libc_nano.a(lib_a-impure.o)
 .rodata._global_impure_ptr
                0x00004fd0        0x4 /usr/local/SimplicityStudio_v4/developer/toolchains/gnu_arm/4.9_2015q3/bin/../lib/gcc/arm-none-eabi/4.9.3/../../../../arm-none-eabi/lib/armv7-m/libc_nano.a(lib_a-impure.o)
                0x00004fd0                _global_impure_ptr
 *(.eh_frame*)
 .eh_frame      0x00004fd4        0x0 /usr/local/SimplicityStudio_v4/developer/toolchains/gnu_arm/4.9_2015q3/bin/../lib/gcc/arm-none-eabi/4.9.3/armv7-m/crtbegin.o
 .eh_frame      0x00004fd4        0x4 /usr/local/SimplicityStudio_v4/developer/toolchains/gnu_arm/4.9_2015q3/bin/../lib/gcc/arm-none-eabi/4.9.3/armv7-m/crtend.o

.glue_7         0x00004fd8        0x0
 .glue_7        0x00000000        0x0 linker stubs

.glue_7t        0x00004fd8        0x0
 .glue_7t       0x00000000        0x0 linker stubs

.vfp11_veneer   0x00004fd8        0x0
 .vfp11_veneer  0x00000000        0x0 linker stubs

.v4_bx          0x00004fd8        0x0
 .v4_bx         0x00000000        0x0 linker stubs

.iplt           0x00004fd8        0x0
 .iplt          0x00000000        0x0 /usr/local/SimplicityStudio_v4/developer/toolchains/gnu_arm/4.9_2015q3/bin/../lib/gcc/arm-none-eabi/4.9.3/armv7-m/crtbegin.o

.ARM.extab
 *(.ARM.extab* .gnu.linkonce.armextab.*)
                0x00004fd8                __exidx_start = .

.ARM.exidx      0x00004fd8        0x8
 *(.ARM.exidx* .gnu.linkonce.armexidx.*)
 .ARM.exidx     0x00004fd8        0x8 /usr/local/SimplicityStudio_v4/developer/toolchains/gnu_arm/4.9_2015q3/bin/../lib/gcc/arm-none-eabi/4.9.3/../../../../arm-none-eabi/lib/armv7-m/crt0.o
                0x00004fe0                __exidx_end = .
                0x00004fe0                __etext = .

.rel.dyn        0x00004fe0        0x0
 .rel.iplt      0x00000000        0x0 /usr/local/SimplicityStudio_v4/developer/toolchains/gnu_arm/4.9_2015q3/bin/../lib/gcc/arm-none-eabi/4.9.3/armv7-m/crtbegin.o

.data           0x20000000       0x9c load address 0x00004fe0
                0x20000000                __data_start__ = .
 *(vtable)
 *(.data*)
 .data.SystemHFXOClock
                0x20000000        0x4 ./CMSIS/EFM32GG/system_efm32gg.o
 .data.SystemLFXOClock
                0x20000004        0x4 ./CMSIS/EFM32GG/system_efm32gg.o
 .data.SystemCoreClock
                0x20000008        0x4 ./CMSIS/EFM32GG/system_efm32gg.o
                0x20000008                SystemCoreClock
 .data.uxCriticalNesting
                0x2000000c        0x4 ./FreeRTOS/efm32gg/port.o
 .data.timerPWMInit
                0x20000010        0xd ./src/main.o
                0x20000010                timerPWMInit
 *fill*         0x2000001d        0x3 
 .data.parametersToTask1.7456
                0x20000020        0x8 ./src/main.o
 .data.parametersToTask2.7457
                0x20000028        0x8 ./src/main.o
 .data.impure_data
                0x20000030       0x60 /usr/local/SimplicityStudio_v4/developer/toolchains/gnu_arm/4.9_2015q3/bin/../lib/gcc/arm-none-eabi/4.9.3/../../../../arm-none-eabi/lib/armv7-m/libc_nano.a(lib_a-impure.o)
                0x20000090                . = ALIGN (0x4)
 *(.ram)
                0x20000090                . = ALIGN (0x4)
                0x20000090                PROVIDE (__preinit_array_start, .)
 *(.preinit_array)
                0x20000090                PROVIDE (__preinit_array_end, .)
                0x20000090                . = ALIGN (0x4)
                0x20000090                PROVIDE (__init_array_start, .)
 *(SORT(.init_array.*))
 *(.init_array)
 .init_array    0x20000090        0x4 /usr/local/SimplicityStudio_v4/developer/toolchains/gnu_arm/4.9_2015q3/bin/../lib/gcc/arm-none-eabi/4.9.3/armv7-m/crtbegin.o
                0x20000094                PROVIDE (__init_array_end, .)
                0x20000094                . = ALIGN (0x4)
                0x20000094                PROVIDE (__fini_array_start, .)
 *(SORT(.fini_array.*))
 *(.fini_array)
 .fini_array    0x20000094        0x4 /usr/local/SimplicityStudio_v4/developer/toolchains/gnu_arm/4.9_2015q3/bin/../lib/gcc/arm-none-eabi/4.9.3/armv7-m/crtbegin.o
                0x20000098                PROVIDE (__fini_array_end, .)
 *(.jcr*)
 .jcr           0x20000098        0x0 /usr/local/SimplicityStudio_v4/developer/toolchains/gnu_arm/4.9_2015q3/bin/../lib/gcc/arm-none-eabi/4.9.3/armv7-m/crtbegin.o
 .jcr           0x20000098        0x4 /usr/local/SimplicityStudio_v4/developer/toolchains/gnu_arm/4.9_2015q3/bin/../lib/gcc/arm-none-eabi/4.9.3/armv7-m/crtend.o
                0x2000009c                . = ALIGN (0x4)
                0x2000009c                __data_end__ = .

.igot.plt       0x2000009c        0x0 load address 0x0000507c
 .igot.plt      0x00000000        0x0 /usr/local/SimplicityStudio_v4/developer/toolchains/gnu_arm/4.9_2015q3/bin/../lib/gcc/arm-none-eabi/4.9.3/armv7-m/crtbegin.o

.bss            0x2000009c     0x24d0 load address 0x0000507c
                0x2000009c                . = ALIGN (0x4)
                0x2000009c                __bss_start__ = .
 *(.bss*)
 .bss           0x2000009c       0x1c /usr/local/SimplicityStudio_v4/developer/toolchains/gnu_arm/4.9_2015q3/bin/../lib/gcc/arm-none-eabi/4.9.3/armv7-m/crtbegin.o
 .bss.sleepCallback
                0x200000b8        0x4 ./Drivers/sleep.o
 .bss.wakeUpCallback
                0x200000bc        0x4 ./Drivers/sleep.o
 .bss.sleepBlockCnt
                0x200000c0        0x2 ./Drivers/sleep.o
 *fill*         0x200000c2        0x2 
 .bss.ucHeap    0x200000c4     0x2328 ./FreeRTOS/efm32gg/heap_1.o
 .bss.xNextFreeByte
                0x200023ec        0x4 ./FreeRTOS/efm32gg/heap_1.o
 .bss.pucAlignedHeap.4388
                0x200023f0        0x4 ./FreeRTOS/efm32gg/heap_1.o
 .bss.ucMaxSysCallPriority
                0x200023f4        0x1 ./FreeRTOS/efm32gg/port.o
 *fill*         0x200023f5        0x3 
 .bss.ulMaxPRIGROUPValue
                0x200023f8        0x4 ./FreeRTOS/efm32gg/port.o
 .bss.pxCurrentTCB
                0x200023fc        0x4 ./FreeRTOS/efm32gg/tasks.o
                0x200023fc                pxCurrentTCB
 .bss.pxReadyTasksLists
                0x20002400       0x3c ./FreeRTOS/efm32gg/tasks.o
 .bss.xDelayedTaskList1
                0x2000243c       0x14 ./FreeRTOS/efm32gg/tasks.o
 .bss.xDelayedTaskList2
                0x20002450       0x14 ./FreeRTOS/efm32gg/tasks.o
 .bss.pxDelayedTaskList
                0x20002464        0x4 ./FreeRTOS/efm32gg/tasks.o
 .bss.pxOverflowDelayedTaskList
                0x20002468        0x4 ./FreeRTOS/efm32gg/tasks.o
 .bss.xPendingReadyList
                0x2000246c       0x14 ./FreeRTOS/efm32gg/tasks.o
 .bss.xTasksWaitingTermination
                0x20002480       0x14 ./FreeRTOS/efm32gg/tasks.o
 .bss.uxDeletedTasksWaitingCleanUp
                0x20002494        0x4 ./FreeRTOS/efm32gg/tasks.o
 .bss.xSuspendedTaskList
                0x20002498       0x14 ./FreeRTOS/efm32gg/tasks.o
 .bss.uxCurrentNumberOfTasks
                0x200024ac        0x4 ./FreeRTOS/efm32gg/tasks.o
 .bss.xTickCount
                0x200024b0        0x4 ./FreeRTOS/efm32gg/tasks.o
 .bss.uxTopReadyPriority
                0x200024b4        0x4 ./FreeRTOS/efm32gg/tasks.o
 .bss.xSchedulerRunning
                0x200024b8        0x4 ./FreeRTOS/efm32gg/tasks.o
 .bss.uxPendedTicks
                0x200024bc        0x4 ./FreeRTOS/efm32gg/tasks.o
 .bss.xYieldPending
                0x200024c0        0x4 ./FreeRTOS/efm32gg/tasks.o
 .bss.xNumOfOverflows
                0x200024c4        0x4 ./FreeRTOS/efm32gg/tasks.o
 .bss.uxTaskNumber
                0x200024c8        0x4 ./FreeRTOS/efm32gg/tasks.o
 .bss.xNextTaskUnblockTime
                0x200024cc        0x4 ./FreeRTOS/efm32gg/tasks.o
 .bss.xIdleTaskHandle
                0x200024d0        0x4 ./FreeRTOS/efm32gg/tasks.o
 .bss.uxSchedulerSuspended
                0x200024d4        0x4 ./FreeRTOS/efm32gg/tasks.o
 .bss.xActiveTimerList1
                0x200024d8       0x14 ./FreeRTOS/efm32gg/timers.o
 .bss.xActiveTimerList2
                0x200024ec       0x14 ./FreeRTOS/efm32gg/timers.o
 .bss.pxCurrentTimerList
                0x20002500        0x4 ./FreeRTOS/efm32gg/timers.o
 .bss.pxOverflowTimerList
                0x20002504        0x4 ./FreeRTOS/efm32gg/timers.o
 .bss.xTimerQueue
                0x20002508        0x4 ./FreeRTOS/efm32gg/timers.o
 .bss.xTimerTaskHandle
                0x2000250c        0x4 ./FreeRTOS/efm32gg/timers.o
 .bss.xLastTime.4671
                0x20002510        0x4 ./FreeRTOS/efm32gg/timers.o
 .bss.cmuStatus.5505
                0x20002514        0x4 ./emlib/em_emu.o
 .bss.hfClock.5506
                0x20002518        0x1 ./emlib/em_emu.o
 *fill*         0x20002519        0x1 
 .bss.ms_counter
                0x2000251a        0x2 ./src/main.o
                0x2000251a                ms_counter
 *(COMMON)
 COMMON         0x2000251c       0x50 ./FreeRTOS/efm32gg/queue.o
                0x2000251c                xQueueRegistry
                0x2000256c                . = ALIGN (0x4)
                0x2000256c                __bss_end__ = .

.heap           0x20002570      0xc00
                0x20002570                __HeapBase = .
                0x20002570                __end__ = .
                0x20002570                end = __end__
                0x20002570                _end = __end__
 *(.heap*)
 .heap          0x20002570      0xc00 ./CMSIS/EFM32GG/startup_efm32gg.o
                0x20003170                __HeapLimit = .

.stack_dummy    0x20002570      0x400
 *(.stack*)
 .stack         0x20002570      0x400 ./CMSIS/EFM32GG/startup_efm32gg.o
                0x20020000                __StackTop = (ORIGIN (RAM) + 0x20000)
                0x2001fc00                __StackLimit = (__StackTop - SIZEOF (.stack_dummy))
                0x20020000                PROVIDE (__stack, __StackTop)
                0x00000001                ASSERT ((__StackLimit >= __HeapLimit), region RAM overflowed with stack)
                0x00000001                ASSERT ((0x100000 >= (__etext + SIZEOF (.data))), FLASH memory overflowed !)
OUTPUT(STK3700_freertos_blink.axf elf32-littlearm)

.ARM.attributes
                0x00000000       0x29
 .ARM.attributes
                0x00000000       0x1d /usr/local/SimplicityStudio_v4/developer/toolchains/gnu_arm/4.9_2015q3/bin/../lib/gcc/arm-none-eabi/4.9.3/armv7-m/crti.o
 .ARM.attributes
                0x0000001d       0x2d /usr/local/SimplicityStudio_v4/developer/toolchains/gnu_arm/4.9_2015q3/bin/../lib/gcc/arm-none-eabi/4.9.3/armv7-m/crtbegin.o
 .ARM.attributes
                0x0000004a       0x1b /usr/local/SimplicityStudio_v4/developer/toolchains/gnu_arm/4.9_2015q3/bin/../lib/gcc/arm-none-eabi/4.9.3/../../../../arm-none-eabi/lib/armv7-m/crt0.o
 .ARM.attributes
                0x00000065       0x33 ./BSP/bsp_stk_leds.o
 .ARM.attributes
                0x00000098       0x33 ./BSP/bsp_trace.o
 .ARM.attributes
                0x000000cb       0x1b ./CMSIS/EFM32GG/startup_efm32gg.o
 .ARM.attributes
                0x000000e6       0x33 ./CMSIS/EFM32GG/system_efm32gg.o
 .ARM.attributes
                0x00000119       0x33 ./Drivers/sleep.o
 .ARM.attributes
                0x0000014c       0x33 ./FreeRTOS/efm32gg/heap_1.o
 .ARM.attributes
                0x0000017f       0x33 ./FreeRTOS/efm32gg/list.o
 .ARM.attributes
                0x000001b2       0x33 ./FreeRTOS/efm32gg/port.o
 .ARM.attributes
                0x000001e5       0x33 ./FreeRTOS/efm32gg/queue.o
 .ARM.attributes
                0x00000218       0x33 ./FreeRTOS/efm32gg/tasks.o
 .ARM.attributes
                0x0000024b       0x33 ./FreeRTOS/efm32gg/timers.o
 .ARM.attributes
                0x0000027e       0x33 ./emlib/em_assert.o
 .ARM.attributes
                0x000002b1       0x33 ./emlib/em_burtc.o
 .ARM.attributes
                0x000002e4       0x33 ./emlib/em_cmu.o
 .ARM.attributes
                0x00000317       0x33 ./emlib/em_core.o
 .ARM.attributes
                0x0000034a       0x33 ./emlib/em_emu.o
 .ARM.attributes
                0x0000037d       0x33 ./emlib/em_gpio.o
 .ARM.attributes
                0x000003b0       0x33 ./emlib/em_rmu.o
 .ARM.attributes
                0x000003e3       0x33 ./emlib/em_system.o
 .ARM.attributes
                0x00000416       0x33 ./emlib/em_timer.o
 .ARM.attributes
                0x00000449       0x33 ./src/low_power_tick_management.o
 .ARM.attributes
                0x0000047c       0x33 ./src/main.o
 .ARM.attributes
                0x000004af       0x2d /usr/local/SimplicityStudio_v4/developer/toolchains/gnu_arm/4.9_2015q3/bin/../lib/gcc/arm-none-eabi/4.9.3/../../../../arm-none-eabi/lib/armv7-m/libc_nano.a(lib_a-exit.o)
 .ARM.attributes
                0x000004dc       0x2d /usr/local/SimplicityStudio_v4/developer/toolchains/gnu_arm/4.9_2015q3/bin/../lib/gcc/arm-none-eabi/4.9.3/../../../../arm-none-eabi/lib/armv7-m/libc_nano.a(lib_a-impure.o)
 .ARM.attributes
                0x00000509       0x2d /usr/local/SimplicityStudio_v4/developer/toolchains/gnu_arm/4.9_2015q3/bin/../lib/gcc/arm-none-eabi/4.9.3/../../../../arm-none-eabi/lib/armv7-m/libc_nano.a(lib_a-init.o)
 .ARM.attributes
                0x00000536       0x2d /usr/local/SimplicityStudio_v4/developer/toolchains/gnu_arm/4.9_2015q3/bin/../lib/gcc/arm-none-eabi/4.9.3/../../../../arm-none-eabi/lib/armv7-m/libc_nano.a(lib_a-memcpy.o)
 .ARM.attributes
                0x00000563       0x2d /usr/local/SimplicityStudio_v4/developer/toolchains/gnu_arm/4.9_2015q3/bin/../lib/gcc/arm-none-eabi/4.9.3/../../../../arm-none-eabi/lib/armv7-m/libc_nano.a(lib_a-memset.o)
 .ARM.attributes
                0x00000590       0x2d /usr/local/SimplicityStudio_v4/developer/toolchains/gnu_arm/4.9_2015q3/bin/../lib/gcc/arm-none-eabi/4.9.3/../../../../arm-none-eabi/lib/armv7-m/libnosys.a(_exit.o)
 .ARM.attributes
                0x000005bd       0x2d /usr/local/SimplicityStudio_v4/developer/toolchains/gnu_arm/4.9_2015q3/bin/../lib/gcc/arm-none-eabi/4.9.3/armv7-m/crtend.o
 .ARM.attributes
                0x000005ea       0x1d /usr/local/SimplicityStudio_v4/developer/toolchains/gnu_arm/4.9_2015q3/bin/../lib/gcc/arm-none-eabi/4.9.3/armv7-m/crtn.o

.comment        0x00000000       0x70
 .comment       0x00000000       0x70 ./BSP/bsp_stk_leds.o
                                 0x71 (size before relaxing)
 .comment       0x00000000       0x71 ./BSP/bsp_trace.o
 .comment       0x00000000       0x71 ./CMSIS/EFM32GG/system_efm32gg.o
 .comment       0x00000000       0x71 ./Drivers/sleep.o
 .comment       0x00000000       0x71 ./FreeRTOS/efm32gg/heap_1.o
 .comment       0x00000000       0x71 ./FreeRTOS/efm32gg/list.o
 .comment       0x00000000       0x71 ./FreeRTOS/efm32gg/port.o
 .comment       0x00000000       0x71 ./FreeRTOS/efm32gg/queue.o
 .comment       0x00000000       0x71 ./FreeRTOS/efm32gg/tasks.o
 .comment       0x00000000       0x71 ./FreeRTOS/efm32gg/timers.o
 .comment       0x00000000       0x71 ./emlib/em_assert.o
 .comment       0x00000000       0x71 ./emlib/em_burtc.o
 .comment       0x00000000       0x71 ./emlib/em_cmu.o
 .comment       0x00000000       0x71 ./emlib/em_core.o
 .comment       0x00000000       0x71 ./emlib/em_emu.o
 .comment       0x00000000       0x71 ./emlib/em_gpio.o
 .comment       0x00000000       0x71 ./emlib/em_rmu.o
 .comment       0x00000000       0x71 ./emlib/em_system.o
 .comment       0x00000000       0x71 ./emlib/em_timer.o
 .comment       0x00000000       0x71 ./src/low_power_tick_management.o
 .comment       0x00000000       0x71 ./src/main.o

.debug_info     0x00000000     0xbdc2
 .debug_info    0x00000000      0x7b0 ./BSP/bsp_stk_leds.o
 .debug_info    0x000007b0      0xc91 ./BSP/bsp_trace.o
 .debug_info    0x00001441       0xf8 ./CMSIS/EFM32GG/startup_efm32gg.o
 .debug_info    0x00001539      0x57e ./CMSIS/EFM32GG/system_efm32gg.o
 .debug_info    0x00001ab7      0x65d ./Drivers/sleep.o
 .debug_info    0x00002114      0x190 ./FreeRTOS/efm32gg/heap_1.o
 .debug_info    0x000022a4      0x2cc ./FreeRTOS/efm32gg/list.o
 .debug_info    0x00002570      0x3dd ./FreeRTOS/efm32gg/port.o
 .debug_info    0x0000294d      0xeaf ./FreeRTOS/efm32gg/queue.o
 .debug_info    0x000037fc     0x1648 ./FreeRTOS/efm32gg/tasks.o
 .debug_info    0x00004e44      0x9cd ./FreeRTOS/efm32gg/timers.o
 .debug_info    0x00005811       0x76 ./emlib/em_assert.o
 .debug_info    0x00005887      0x627 ./emlib/em_burtc.o
 .debug_info    0x00005eae     0x154b ./emlib/em_cmu.o
 .debug_info    0x000073f9      0xcfa ./emlib/em_core.o
 .debug_info    0x000080f3     0x103f ./emlib/em_emu.o
 .debug_info    0x00009132      0x65b ./emlib/em_gpio.o
 .debug_info    0x0000978d      0x4ad ./emlib/em_rmu.o
 .debug_info    0x00009c3a      0x272 ./emlib/em_system.o
 .debug_info    0x00009eac      0x913 ./emlib/em_timer.o
 .debug_info    0x0000a7bf      0xbba ./src/low_power_tick_management.o
 .debug_info    0x0000b379      0xa49 ./src/main.o

.debug_abbrev   0x00000000     0x2501
 .debug_abbrev  0x00000000      0x17f ./BSP/bsp_stk_leds.o
 .debug_abbrev  0x0000017f      0x17b ./BSP/bsp_trace.o
 .debug_abbrev  0x000002fa       0x14 ./CMSIS/EFM32GG/startup_efm32gg.o
 .debug_abbrev  0x0000030e      0x16b ./CMSIS/EFM32GG/system_efm32gg.o
 .debug_abbrev  0x00000479      0x245 ./Drivers/sleep.o
 .debug_abbrev  0x000006be       0xee ./FreeRTOS/efm32gg/heap_1.o
 .debug_abbrev  0x000007ac       0xbe ./FreeRTOS/efm32gg/list.o
 .debug_abbrev  0x0000086a      0x1f8 ./FreeRTOS/efm32gg/port.o
 .debug_abbrev  0x00000a62      0x213 ./FreeRTOS/efm32gg/queue.o
 .debug_abbrev  0x00000c75      0x28a ./FreeRTOS/efm32gg/tasks.o
 .debug_abbrev  0x00000eff      0x184 ./FreeRTOS/efm32gg/timers.o
 .debug_abbrev  0x00001083       0x63 ./emlib/em_assert.o
 .debug_abbrev  0x000010e6      0x1d8 ./emlib/em_burtc.o
 .debug_abbrev  0x000012be      0x2cf ./emlib/em_cmu.o
 .debug_abbrev  0x0000158d      0x237 ./emlib/em_core.o
 .debug_abbrev  0x000017c4      0x277 ./emlib/em_emu.o
 .debug_abbrev  0x00001a3b      0x1be ./emlib/em_gpio.o
 .debug_abbrev  0x00001bf9      0x1ec ./emlib/em_rmu.o
 .debug_abbrev  0x00001de5      0x107 ./emlib/em_system.o
 .debug_abbrev  0x00001eec      0x18e ./emlib/em_timer.o
 .debug_abbrev  0x0000207a      0x274 ./src/low_power_tick_management.o
 .debug_abbrev  0x000022ee      0x213 ./src/main.o

.debug_loc      0x00000000     0x5c94
 .debug_loc     0x00000000      0x3cc ./BSP/bsp_stk_leds.o
 .debug_loc     0x000003cc       0xa0 ./BSP/bsp_trace.o
 .debug_loc     0x0000046c      0x31c ./CMSIS/EFM32GG/system_efm32gg.o
 .debug_loc     0x00000788      0x310 ./Drivers/sleep.o
 .debug_loc     0x00000a98      0x128 ./FreeRTOS/efm32gg/heap_1.o
 .debug_loc     0x00000bc0      0x1cc ./FreeRTOS/efm32gg/list.o
 .debug_loc     0x00000d8c      0x294 ./FreeRTOS/efm32gg/port.o
 .debug_loc     0x00001020      0x844 ./FreeRTOS/efm32gg/queue.o
 .debug_loc     0x00001864      0xf44 ./FreeRTOS/efm32gg/tasks.o
 .debug_loc     0x000027a8      0x5ec ./FreeRTOS/efm32gg/timers.o
 .debug_loc     0x00002d94       0x38 ./emlib/em_assert.o
 .debug_loc     0x00002dcc      0x41c ./emlib/em_burtc.o
 .debug_loc     0x000031e8      0xd40 ./emlib/em_cmu.o
 .debug_loc     0x00003f28      0x844 ./emlib/em_core.o
 .debug_loc     0x0000476c      0x624 ./emlib/em_emu.o
 .debug_loc     0x00004d90      0x394 ./emlib/em_gpio.o
 .debug_loc     0x00005124      0x23c ./emlib/em_rmu.o
 .debug_loc     0x00005360       0xac ./emlib/em_system.o
 .debug_loc     0x0000540c      0x28c ./emlib/em_timer.o
 .debug_loc     0x00005698      0x3a0 ./src/low_power_tick_management.o
 .debug_loc     0x00005a38      0x25c ./src/main.o

.debug_aranges  0x00000000      0xb90
 .debug_aranges
                0x00000000       0x78 ./BSP/bsp_stk_leds.o
 .debug_aranges
                0x00000078       0x28 ./BSP/bsp_trace.o
 .debug_aranges
                0x000000a0       0x20 ./CMSIS/EFM32GG/startup_efm32gg.o
 .debug_aranges
                0x000000c0       0x70 ./CMSIS/EFM32GG/system_efm32gg.o
 .debug_aranges
                0x00000130       0x70 ./Drivers/sleep.o
 .debug_aranges
                0x000001a0       0x38 ./FreeRTOS/efm32gg/heap_1.o
 .debug_aranges
                0x000001d8       0x40 ./FreeRTOS/efm32gg/list.o
 .debug_aranges
                0x00000218       0x78 ./FreeRTOS/efm32gg/port.o
 .debug_aranges
                0x00000290       0xe8 ./FreeRTOS/efm32gg/queue.o
 .debug_aranges
                0x00000378      0x1a0 ./FreeRTOS/efm32gg/tasks.o
 .debug_aranges
                0x00000518       0xb8 ./FreeRTOS/efm32gg/timers.o
 .debug_aranges
                0x000005d0       0x20 ./emlib/em_assert.o
 .debug_aranges
                0x000005f0       0x80 ./emlib/em_burtc.o
 .debug_aranges
                0x00000670      0x170 ./emlib/em_cmu.o
 .debug_aranges
                0x000007e0       0xe8 ./emlib/em_core.o
 .debug_aranges
                0x000008c8       0xc0 ./emlib/em_emu.o
 .debug_aranges
                0x00000988       0x70 ./emlib/em_gpio.o
 .debug_aranges
                0x000009f8       0x50 ./emlib/em_rmu.o
 .debug_aranges
                0x00000a48       0x28 ./emlib/em_system.o
 .debug_aranges
                0x00000a70       0x58 ./emlib/em_timer.o
 .debug_aranges
                0x00000ac8       0x70 ./src/low_power_tick_management.o
 .debug_aranges
                0x00000b38       0x58 ./src/main.o

.debug_ranges   0x00000000      0xa20
 .debug_ranges  0x00000000       0x68 ./BSP/bsp_stk_leds.o
 .debug_ranges  0x00000068       0x18 ./BSP/bsp_trace.o
 .debug_ranges  0x00000080       0x60 ./CMSIS/EFM32GG/system_efm32gg.o
 .debug_ranges  0x000000e0       0x60 ./Drivers/sleep.o
 .debug_ranges  0x00000140       0x28 ./FreeRTOS/efm32gg/heap_1.o
 .debug_ranges  0x00000168       0x30 ./FreeRTOS/efm32gg/list.o
 .debug_ranges  0x00000198       0x68 ./FreeRTOS/efm32gg/port.o
 .debug_ranges  0x00000200       0xd8 ./FreeRTOS/efm32gg/queue.o
 .debug_ranges  0x000002d8      0x190 ./FreeRTOS/efm32gg/tasks.o
 .debug_ranges  0x00000468       0xa8 ./FreeRTOS/efm32gg/timers.o
 .debug_ranges  0x00000510       0x10 ./emlib/em_assert.o
 .debug_ranges  0x00000520       0x70 ./emlib/em_burtc.o
 .debug_ranges  0x00000590      0x160 ./emlib/em_cmu.o
 .debug_ranges  0x000006f0       0xd8 ./emlib/em_core.o
 .debug_ranges  0x000007c8       0xb0 ./emlib/em_emu.o
 .debug_ranges  0x00000878       0x60 ./emlib/em_gpio.o
 .debug_ranges  0x000008d8       0x40 ./emlib/em_rmu.o
 .debug_ranges  0x00000918       0x18 ./emlib/em_system.o
 .debug_ranges  0x00000930       0x48 ./emlib/em_timer.o
 .debug_ranges  0x00000978       0x60 ./src/low_power_tick_management.o
 .debug_ranges  0x000009d8       0x48 ./src/main.o

.debug_line     0x00000000     0x6b66
 .debug_line    0x00000000      0x573 ./BSP/bsp_stk_leds.o
 .debug_line    0x00000573      0x320 ./BSP/bsp_trace.o
 .debug_line    0x00000893       0xcf ./CMSIS/EFM32GG/startup_efm32gg.o
 .debug_line    0x00000962      0x377 ./CMSIS/EFM32GG/system_efm32gg.o
 .debug_line    0x00000cd9      0x49c ./Drivers/sleep.o
 .debug_line    0x00001175      0x261 ./FreeRTOS/efm32gg/heap_1.o
 .debug_line    0x000013d6      0x30d ./FreeRTOS/efm32gg/list.o
 .debug_line    0x000016e3      0x405 ./FreeRTOS/efm32gg/port.o
 .debug_line    0x00001ae8      0x835 ./FreeRTOS/efm32gg/queue.o
 .debug_line    0x0000231d      0xc0c ./FreeRTOS/efm32gg/tasks.o
 .debug_line    0x00002f29      0x54a ./FreeRTOS/efm32gg/timers.o
 .debug_line    0x00003473       0x97 ./emlib/em_assert.o
 .debug_line    0x0000350a      0x494 ./emlib/em_burtc.o
 .debug_line    0x0000399e      0xb08 ./emlib/em_cmu.o
 .debug_line    0x000044a6      0x653 ./emlib/em_core.o
 .debug_line    0x00004af9      0x5da ./emlib/em_emu.o
 .debug_line    0x000050d3      0x587 ./emlib/em_gpio.o
 .debug_line    0x0000565a      0x3b7 ./emlib/em_rmu.o
 .debug_line    0x00005a11      0x303 ./emlib/em_system.o
 .debug_line    0x00005d14      0x59a ./emlib/em_timer.o
 .debug_line    0x000062ae      0x489 ./src/low_power_tick_management.o
 .debug_line    0x00006737      0x42f ./src/main.o

.debug_str      0x00000000     0x4ca8
 .debug_str     0x00000000      0x74e ./BSP/bsp_stk_leds.o
                                0x7a2 (size before relaxing)
 .debug_str     0x0000074e      0x33b ./BSP/bsp_trace.o
                                0x7f5 (size before relaxing)
 .debug_str     0x00000a89      0x1ec ./CMSIS/EFM32GG/system_efm32gg.o
                                0x4c5 (size before relaxing)
 .debug_str     0x00000c75      0x293 ./Drivers/sleep.o
                                0x47b (size before relaxing)
 .debug_str     0x00000f08      0x100 ./FreeRTOS/efm32gg/heap_1.o
                                0x289 (size before relaxing)
 .debug_str     0x00001008      0x19f ./FreeRTOS/efm32gg/list.o
                                0x321 (size before relaxing)
 .debug_str     0x000011a7      0x2a4 ./FreeRTOS/efm32gg/port.o
                                0x444 (size before relaxing)
 .debug_str     0x0000144b      0x534 ./FreeRTOS/efm32gg/queue.o
                                0x7dc (size before relaxing)
 .debug_str     0x0000197f      0xa08 ./FreeRTOS/efm32gg/tasks.o
                                0xdbf (size before relaxing)
 .debug_str     0x00002387      0x46d ./FreeRTOS/efm32gg/timers.o
                                0x740 (size before relaxing)
 .debug_str     0x000027f4       0x76 ./emlib/em_assert.o
                                0x14c (size before relaxing)
 .debug_str     0x0000286a      0x2cd ./emlib/em_burtc.o
                                0x4c8 (size before relaxing)
 .debug_str     0x00002b37      0x9fe ./emlib/em_cmu.o
                               0x108d (size before relaxing)
 .debug_str     0x00003535      0x5de ./emlib/em_core.o
                                0x84c (size before relaxing)
 .debug_str     0x00003b13      0x461 ./emlib/em_emu.o
                                0xbee (size before relaxing)
 .debug_str     0x00003f74      0x199 ./emlib/em_gpio.o
                                0x5fc (size before relaxing)
 .debug_str     0x0000410d      0x18d ./emlib/em_rmu.o
                                0x404 (size before relaxing)
 .debug_str     0x0000429a       0xf9 ./emlib/em_system.o
                                0x2e0 (size before relaxing)
 .debug_str     0x00004393      0x7ab ./emlib/em_timer.o
                                0x98f (size before relaxing)
 .debug_str     0x00004b3e       0xab ./src/low_power_tick_management.o
                                0xada (size before relaxing)
 .debug_str     0x00004be9       0xbf ./src/main.o
                                0x973 (size before relaxing)

.debug_frame    0x00000000     0x2c84
 .debug_frame   0x00000000      0x1c4 ./BSP/bsp_stk_leds.o
 .debug_frame   0x000001c4       0x58 ./BSP/bsp_trace.o
 .debug_frame   0x0000021c      0x180 ./CMSIS/EFM32GG/system_efm32gg.o
 .debug_frame   0x0000039c      0x188 ./Drivers/sleep.o
 .debug_frame   0x00000524       0x98 ./FreeRTOS/efm32gg/heap_1.o
 .debug_frame   0x000005bc       0xd8 ./FreeRTOS/efm32gg/list.o
 .debug_frame   0x00000694      0x178 ./FreeRTOS/efm32gg/port.o
 .debug_frame   0x0000080c      0x3c8 ./FreeRTOS/efm32gg/queue.o
 .debug_frame   0x00000bd4      0x6f4 ./FreeRTOS/efm32gg/tasks.o
 .debug_frame   0x000012c8      0x2d8 ./FreeRTOS/efm32gg/timers.o
 .debug_frame   0x000015a0       0x2c ./emlib/em_assert.o
 .debug_frame   0x000015cc      0x1ec ./emlib/em_burtc.o
 .debug_frame   0x000017b8      0x62c ./emlib/em_cmu.o
 .debug_frame   0x00001de4      0x3c4 ./emlib/em_core.o
 .debug_frame   0x000021a8      0x2f0 ./emlib/em_emu.o
 .debug_frame   0x00002498      0x1b0 ./emlib/em_gpio.o
 .debug_frame   0x00002648      0x110 ./emlib/em_rmu.o
 .debug_frame   0x00002758       0x5c ./emlib/em_system.o
 .debug_frame   0x000027b4      0x134 ./emlib/em_timer.o
 .debug_frame   0x000028e8      0x1b4 ./src/low_power_tick_management.o
 .debug_frame   0x00002a9c      0x12c ./src/main.o
 .debug_frame   0x00002bc8       0x28 /usr/local/SimplicityStudio_v4/developer/toolchains/gnu_arm/4.9_2015q3/bin/../lib/gcc/arm-none-eabi/4.9.3/../../../../arm-none-eabi/lib/armv7-m/libc_nano.a(lib_a-exit.o)
 .debug_frame   0x00002bf0       0x2c /usr/local/SimplicityStudio_v4/developer/toolchains/gnu_arm/4.9_2015q3/bin/../lib/gcc/arm-none-eabi/4.9.3/../../../../arm-none-eabi/lib/armv7-m/libc_nano.a(lib_a-init.o)
 .debug_frame   0x00002c1c       0x28 /usr/local/SimplicityStudio_v4/developer/toolchains/gnu_arm/4.9_2015q3/bin/../lib/gcc/arm-none-eabi/4.9.3/../../../../arm-none-eabi/lib/armv7-m/libc_nano.a(lib_a-memcpy.o)
 .debug_frame   0x00002c44       0x20 /usr/local/SimplicityStudio_v4/developer/toolchains/gnu_arm/4.9_2015q3/bin/../lib/gcc/arm-none-eabi/4.9.3/../../../../arm-none-eabi/lib/armv7-m/libc_nano.a(lib_a-memset.o)
 .debug_frame   0x00002c64       0x20 /usr/local/SimplicityStudio_v4/developer/toolchains/gnu_arm/4.9_2015q3/bin/../lib/gcc/arm-none-eabi/4.9.3/../../../../arm-none-eabi/lib/armv7-m/libnosys.a(_exit.o)
