Archive member included because of file (symbol)

/usr/local/SimplicityStudio_v4/developer/toolchains/gnu_arm/4.9_2015q3/bin/../lib/gcc/arm-none-eabi/4.9.3/armv7-m/libgcc.a(_aeabi_uldivmod.o)
                              ./emlib/em_usart.o (__aeabi_uldivmod)
/usr/local/SimplicityStudio_v4/developer/toolchains/gnu_arm/4.9_2015q3/bin/../lib/gcc/arm-none-eabi/4.9.3/armv7-m/libgcc.a(bpabi.o)
                              /usr/local/SimplicityStudio_v4/developer/toolchains/gnu_arm/4.9_2015q3/bin/../lib/gcc/arm-none-eabi/4.9.3/armv7-m/libgcc.a(_aeabi_uldivmod.o) (__gnu_uldivmod_helper)
/usr/local/SimplicityStudio_v4/developer/toolchains/gnu_arm/4.9_2015q3/bin/../lib/gcc/arm-none-eabi/4.9.3/armv7-m/libgcc.a(_dvmd_tls.o)
                              /usr/local/SimplicityStudio_v4/developer/toolchains/gnu_arm/4.9_2015q3/bin/../lib/gcc/arm-none-eabi/4.9.3/armv7-m/libgcc.a(_aeabi_uldivmod.o) (__aeabi_ldiv0)
/usr/local/SimplicityStudio_v4/developer/toolchains/gnu_arm/4.9_2015q3/bin/../lib/gcc/arm-none-eabi/4.9.3/armv7-m/libgcc.a(_divdi3.o)
                              /usr/local/SimplicityStudio_v4/developer/toolchains/gnu_arm/4.9_2015q3/bin/../lib/gcc/arm-none-eabi/4.9.3/armv7-m/libgcc.a(bpabi.o) (__divdi3)
/usr/local/SimplicityStudio_v4/developer/toolchains/gnu_arm/4.9_2015q3/bin/../lib/gcc/arm-none-eabi/4.9.3/armv7-m/libgcc.a(_udivdi3.o)
                              /usr/local/SimplicityStudio_v4/developer/toolchains/gnu_arm/4.9_2015q3/bin/../lib/gcc/arm-none-eabi/4.9.3/armv7-m/libgcc.a(bpabi.o) (__udivdi3)
/usr/local/SimplicityStudio_v4/developer/toolchains/gnu_arm/4.9_2015q3/bin/../lib/gcc/arm-none-eabi/4.9.3/../../../../arm-none-eabi/lib/armv7-m/libc_nano.a(lib_a-exit.o)
                              /usr/local/SimplicityStudio_v4/developer/toolchains/gnu_arm/4.9_2015q3/bin/../lib/gcc/arm-none-eabi/4.9.3/../../../../arm-none-eabi/lib/armv7-m/crt0.o (exit)
/usr/local/SimplicityStudio_v4/developer/toolchains/gnu_arm/4.9_2015q3/bin/../lib/gcc/arm-none-eabi/4.9.3/../../../../arm-none-eabi/lib/armv7-m/libc_nano.a(lib_a-impure.o)
                              /usr/local/SimplicityStudio_v4/developer/toolchains/gnu_arm/4.9_2015q3/bin/../lib/gcc/arm-none-eabi/4.9.3/../../../../arm-none-eabi/lib/armv7-m/libc_nano.a(lib_a-exit.o) (_global_impure_ptr)
/usr/local/SimplicityStudio_v4/developer/toolchains/gnu_arm/4.9_2015q3/bin/../lib/gcc/arm-none-eabi/4.9.3/../../../../arm-none-eabi/lib/armv7-m/libc_nano.a(lib_a-init.o)
                              /usr/local/SimplicityStudio_v4/developer/toolchains/gnu_arm/4.9_2015q3/bin/../lib/gcc/arm-none-eabi/4.9.3/../../../../arm-none-eabi/lib/armv7-m/crt0.o (__libc_init_array)
/usr/local/SimplicityStudio_v4/developer/toolchains/gnu_arm/4.9_2015q3/bin/../lib/gcc/arm-none-eabi/4.9.3/../../../../arm-none-eabi/lib/armv7-m/libc_nano.a(lib_a-memcpy.o)
                              ./BSP/bsp_stk.o (memcpy)
/usr/local/SimplicityStudio_v4/developer/toolchains/gnu_arm/4.9_2015q3/bin/../lib/gcc/arm-none-eabi/4.9.3/../../../../arm-none-eabi/lib/armv7-m/libc_nano.a(lib_a-memset.o)
                              /usr/local/SimplicityStudio_v4/developer/toolchains/gnu_arm/4.9_2015q3/bin/../lib/gcc/arm-none-eabi/4.9.3/../../../../arm-none-eabi/lib/armv7-m/crt0.o (memset)
/usr/local/SimplicityStudio_v4/developer/toolchains/gnu_arm/4.9_2015q3/bin/../lib/gcc/arm-none-eabi/4.9.3/../../../../arm-none-eabi/lib/armv7-m/libnosys.a(_exit.o)
                              /usr/local/SimplicityStudio_v4/developer/toolchains/gnu_arm/4.9_2015q3/bin/../lib/gcc/arm-none-eabi/4.9.3/../../../../arm-none-eabi/lib/armv7-m/libc_nano.a(lib_a-exit.o) (_exit)

Discarded input sections

 .text          0x00000000        0x0 /usr/local/SimplicityStudio_v4/developer/toolchains/gnu_arm/4.9_2015q3/bin/../lib/gcc/arm-none-eabi/4.9.3/armv7-m/crti.o
 .data          0x00000000        0x0 /usr/local/SimplicityStudio_v4/developer/toolchains/gnu_arm/4.9_2015q3/bin/../lib/gcc/arm-none-eabi/4.9.3/armv7-m/crti.o
 .bss           0x00000000        0x0 /usr/local/SimplicityStudio_v4/developer/toolchains/gnu_arm/4.9_2015q3/bin/../lib/gcc/arm-none-eabi/4.9.3/armv7-m/crti.o
 .data          0x00000000        0x4 /usr/local/SimplicityStudio_v4/developer/toolchains/gnu_arm/4.9_2015q3/bin/../lib/gcc/arm-none-eabi/4.9.3/armv7-m/crtbegin.o
 .data          0x00000000        0x0 /usr/local/SimplicityStudio_v4/developer/toolchains/gnu_arm/4.9_2015q3/bin/../lib/gcc/arm-none-eabi/4.9.3/../../../../arm-none-eabi/lib/armv7-m/crt0.o
 .bss           0x00000000        0x0 /usr/local/SimplicityStudio_v4/developer/toolchains/gnu_arm/4.9_2015q3/bin/../lib/gcc/arm-none-eabi/4.9.3/../../../../arm-none-eabi/lib/armv7-m/crt0.o
 .ARM.extab     0x00000000        0x0 /usr/local/SimplicityStudio_v4/developer/toolchains/gnu_arm/4.9_2015q3/bin/../lib/gcc/arm-none-eabi/4.9.3/../../../../arm-none-eabi/lib/armv7-m/crt0.o
 .text          0x00000000        0x0 ./BSP/bsp_bcc.o
 .data          0x00000000        0x0 ./BSP/bsp_bcc.o
 .bss           0x00000000        0x0 ./BSP/bsp_bcc.o
 .text.BSP_BccDeInit
                0x00000000       0x60 ./BSP/bsp_bcc.o
 .text.BSP_BccInit
                0x00000000       0x94 ./BSP/bsp_bcc.o
 .text.BSP_BccPacketReceive
                0x00000000       0x9c ./BSP/bsp_bcc.o
 .text.BSP_BccPacketSend
                0x00000000       0x80 ./BSP/bsp_bcc.o
 .text.BSP_BccPinsEnable
                0x00000000       0x70 ./BSP/bsp_bcc.o
 .rodata        0x00000000       0x18 ./BSP/bsp_bcc.o
 .bss.rxByteCount
                0x00000000        0x4 ./BSP/bsp_bcc.o
 .bss.txByteCount
                0x00000000        0x4 ./BSP/bsp_bcc.o
 .debug_info    0x00000000      0xc87 ./BSP/bsp_bcc.o
 .debug_abbrev  0x00000000      0x252 ./BSP/bsp_bcc.o
 .debug_loc     0x00000000      0x3ac ./BSP/bsp_bcc.o
 .debug_aranges
                0x00000000       0x40 ./BSP/bsp_bcc.o
 .debug_ranges  0x00000000      0x180 ./BSP/bsp_bcc.o
 .debug_line    0x00000000      0x4bf ./BSP/bsp_bcc.o
 .debug_str     0x00000000      0xaf4 ./BSP/bsp_bcc.o
 .comment       0x00000000       0x71 ./BSP/bsp_bcc.o
 .debug_frame   0x00000000       0xb0 ./BSP/bsp_bcc.o
 .ARM.attributes
                0x00000000       0x33 ./BSP/bsp_bcc.o
 .text          0x00000000        0x0 ./BSP/bsp_stk.o
 .data          0x00000000        0x0 ./BSP/bsp_stk.o
 .bss           0x00000000        0x0 ./BSP/bsp_stk.o
 .text.BSP_Disable
                0x00000000        0xc ./BSP/bsp_stk.o
 .text.BSP_EbiInit
                0x00000000      0x110 ./BSP/bsp_stk.o
 .text.BSP_EbiDeInit
                0x00000000        0x4 ./BSP/bsp_stk.o
 .text.BSP_IOExpGetDeviceId
                0x00000000        0x4 ./BSP/bsp_stk.o
 .text.BSP_Init
                0x00000000       0x14 ./BSP/bsp_stk.o
 .text.BSP_PeripheralAccess
                0x00000000        0x8 ./BSP/bsp_stk.o
 .text.BSP_CurrentGet
                0x00000000       0x30 ./BSP/bsp_stk.o
 .text.BSP_VoltageGet
                0x00000000       0x30 ./BSP/bsp_stk.o
 .rodata        0x00000000       0x50 ./BSP/bsp_stk.o
 .debug_info    0x00000000      0xed3 ./BSP/bsp_stk.o
 .debug_abbrev  0x00000000      0x267 ./BSP/bsp_stk.o
 .debug_loc     0x00000000      0x146 ./BSP/bsp_stk.o
 .debug_aranges
                0x00000000       0x58 ./BSP/bsp_stk.o
 .debug_ranges  0x00000000       0x48 ./BSP/bsp_stk.o
 .debug_line    0x00000000      0x404 ./BSP/bsp_stk.o
 .debug_str     0x00000000      0xcd9 ./BSP/bsp_stk.o
 .comment       0x00000000       0x71 ./BSP/bsp_stk.o
 .debug_frame   0x00000000       0xc4 ./BSP/bsp_stk.o
 .ARM.attributes
                0x00000000       0x33 ./BSP/bsp_stk.o
 .text          0x00000000        0x0 ./BSP/bsp_stk_leds.o
 .data          0x00000000        0x0 ./BSP/bsp_stk_leds.o
 .bss           0x00000000        0x0 ./BSP/bsp_stk_leds.o
 .text.BSP_LedsInit
                0x00000000       0x38 ./BSP/bsp_stk_leds.o
 .text.BSP_LedsGet
                0x00000000       0x70 ./BSP/bsp_stk_leds.o
 .text.BSP_LedsSet
                0x00000000       0xb0 ./BSP/bsp_stk_leds.o
 .text.BSP_LedClear
                0x00000000       0x5c ./BSP/bsp_stk_leds.o
 .text.BSP_LedGet
                0x00000000       0x5c ./BSP/bsp_stk_leds.o
 .text.BSP_LedSet
                0x00000000       0x5c ./BSP/bsp_stk_leds.o
 .text.BSP_LedToggle
                0x00000000       0x5c ./BSP/bsp_stk_leds.o
 .rodata.str1.4
                0x00000000       0x61 ./BSP/bsp_stk_leds.o
 .rodata.ledArray
                0x00000000       0x10 ./BSP/bsp_stk_leds.o
 .debug_info    0x00000000      0xa6f ./BSP/bsp_stk_leds.o
 .debug_abbrev  0x00000000      0x233 ./BSP/bsp_stk_leds.o
 .debug_loc     0x00000000      0x7af ./BSP/bsp_stk_leds.o
 .debug_aranges
                0x00000000       0x50 ./BSP/bsp_stk_leds.o
 .debug_ranges  0x00000000      0x138 ./BSP/bsp_stk_leds.o
 .debug_line    0x00000000      0x4a5 ./BSP/bsp_stk_leds.o
 .debug_str     0x00000000      0x7d6 ./BSP/bsp_stk_leds.o
 .comment       0x00000000       0x71 ./BSP/bsp_stk_leds.o
 .debug_frame   0x00000000      0x134 ./BSP/bsp_stk_leds.o
 .ARM.attributes
                0x00000000       0x33 ./BSP/bsp_stk_leds.o
 .text          0x00000000        0x0 ./BSP/bsp_trace.o
 .data          0x00000000        0x0 ./BSP/bsp_trace.o
 .bss           0x00000000        0x0 ./BSP/bsp_trace.o
 .text.BSP_TraceSwoSetup
                0x00000000       0xd4 ./BSP/bsp_trace.o
 .text.BSP_TraceProfilerSetup
                0x00000000       0x14 ./BSP/bsp_trace.o
 .debug_info    0x00000000      0xcd1 ./BSP/bsp_trace.o
 .debug_abbrev  0x00000000      0x1c6 ./BSP/bsp_trace.o
 .debug_loc     0x00000000       0xc6 ./BSP/bsp_trace.o
 .debug_aranges
                0x00000000       0x28 ./BSP/bsp_trace.o
 .debug_ranges  0x00000000       0x18 ./BSP/bsp_trace.o
 .debug_line    0x00000000      0x33f ./BSP/bsp_trace.o
 .debug_str     0x00000000      0x7f9 ./BSP/bsp_trace.o
 .comment       0x00000000       0x71 ./BSP/bsp_trace.o
 .debug_frame   0x00000000       0x44 ./BSP/bsp_trace.o
 .ARM.attributes
                0x00000000       0x33 ./BSP/bsp_trace.o
 .data          0x00000000        0x0 ./CMSIS/EFM32GG/startup_efm32gg.o
 .bss           0x00000000        0x0 ./CMSIS/EFM32GG/startup_efm32gg.o
 .text          0x00000000        0x0 ./CMSIS/EFM32GG/system_efm32gg.o
 .data          0x00000000        0x0 ./CMSIS/EFM32GG/system_efm32gg.o
 .bss           0x00000000        0x0 ./CMSIS/EFM32GG/system_efm32gg.o
 .text.SystemHFXOClockGet
                0x00000000        0xc ./CMSIS/EFM32GG/system_efm32gg.o
 .text.SystemHFXOClockSet
                0x00000000       0xe4 ./CMSIS/EFM32GG/system_efm32gg.o
 .text.SystemLFXOClockSet
                0x00000000       0xe4 ./CMSIS/EFM32GG/system_efm32gg.o
 .text          0x00000000        0x0 ./emlib/em_assert.o
 .data          0x00000000        0x0 ./emlib/em_assert.o
 .bss           0x00000000        0x0 ./emlib/em_assert.o
 .text          0x00000000        0x0 ./emlib/em_cmu.o
 .data          0x00000000        0x0 ./emlib/em_cmu.o
 .bss           0x00000000        0x0 ./emlib/em_cmu.o
 .text.CMU_UpdateWaitStates
                0x00000000       0x7c ./emlib/em_cmu.o
 .text.CMU_AUXHFRCOBandGet
                0x00000000       0x10 ./emlib/em_cmu.o
 .text.CMU_AUXHFRCOBandSet
                0x00000000       0x7c ./emlib/em_cmu.o
 .text.CMU_Calibrate
                0x00000000       0x7c ./emlib/em_cmu.o
 .text.CMU_CalibrateConfig
                0x00000000       0xac ./emlib/em_cmu.o
 .text.CMU_CalibrateCountGet
                0x00000000       0x20 ./emlib/em_cmu.o
 .text.CMU_ClockDivGet
                0x00000000      0x104 ./emlib/em_cmu.o
 .text.CMU_ClockDivSet
                0x00000000      0x494 ./emlib/em_cmu.o
 .text.CMU_ClockSelectSet
                0x00000000      0x3cc ./emlib/em_cmu.o
 .text.CMU_FreezeEnable
                0x00000000       0x1c ./emlib/em_cmu.o
 .text.CMU_HFRCOBandGet
                0x00000000       0x10 ./emlib/em_cmu.o
 .text.CMU_HFRCOStartupDelayGet
                0x00000000       0x10 ./emlib/em_cmu.o
 .text.CMU_HFRCOStartupDelaySet
                0x00000000       0x30 ./emlib/em_cmu.o
 .text.CMU_HFXOInit
                0x00000000       0x5c ./emlib/em_cmu.o
 .text.CMU_LCDClkFDIVGet
                0x00000000       0x10 ./emlib/em_cmu.o
 .text.CMU_LCDClkFDIVSet
                0x00000000       0x34 ./emlib/em_cmu.o
 .text.CMU_LFXOInit
                0x00000000       0x60 ./emlib/em_cmu.o
 .text.CMU_OscillatorEnable
                0x00000000       0x84 ./emlib/em_cmu.o
 .text.CMU_OscillatorTuningGet
                0x00000000       0x40 ./emlib/em_cmu.o
 .text.CMU_OscillatorTuningSet
                0x00000000       0x88 ./emlib/em_cmu.o
 .text.CMU_PCNTClockExternalGet
                0x00000000       0x30 ./emlib/em_cmu.o
 .text.CMU_PCNTClockExternalSet
                0x00000000       0x28 ./emlib/em_cmu.o
 .text          0x00000000        0x0 ./emlib/em_ebi.o
 .data          0x00000000        0x0 ./emlib/em_ebi.o
 .bss           0x00000000        0x0 ./emlib/em_ebi.o
 .text.EBI_Disable
                0x00000000       0x10 ./emlib/em_ebi.o
 .text.EBI_BankEnable
                0x00000000       0x34 ./emlib/em_ebi.o
 .text.EBI_BankAddress
                0x00000000       0xb8 ./emlib/em_ebi.o
 .text.EBI_ChipSelectEnable
                0x00000000       0x34 ./emlib/em_ebi.o
 .text.EBI_PolaritySet
                0x00000000       0x90 ./emlib/em_ebi.o
 .text.EBI_ReadTimingSet
                0x00000000       0x58 ./emlib/em_ebi.o
 .text.EBI_WriteTimingSet
                0x00000000       0x58 ./emlib/em_ebi.o
 .text.EBI_AddressTimingSet
                0x00000000       0x44 ./emlib/em_ebi.o
 .text.EBI_TFTInit
                0x00000000      0x1b8 ./emlib/em_ebi.o
 .text.EBI_TFTSizeSet
                0x00000000       0x3c ./emlib/em_ebi.o
 .text.EBI_TFTHPorchSet
                0x00000000       0x50 ./emlib/em_ebi.o
 .text.EBI_TFTVPorchSet
                0x00000000       0x50 ./emlib/em_ebi.o
 .text.EBI_TFTTimingSet
                0x00000000       0x68 ./emlib/em_ebi.o
 .text.EBI_BankReadTimingConfig
                0x00000000       0x94 ./emlib/em_ebi.o
 .text.EBI_BankReadTimingSet
                0x00000000       0xb4 ./emlib/em_ebi.o
 .text.EBI_BankWriteTimingConfig
                0x00000000       0x70 ./emlib/em_ebi.o
 .text.EBI_BankWriteTimingSet
                0x00000000       0xb4 ./emlib/em_ebi.o
 .text.EBI_BankAddressTimingConfig
                0x00000000       0x50 ./emlib/em_ebi.o
 .text.EBI_BankAddressTimingSet
                0x00000000       0x9c ./emlib/em_ebi.o
 .text.EBI_Init
                0x00000000      0x6a0 ./emlib/em_ebi.o
 .text.EBI_BankPolaritySet
                0x00000000      0x11c ./emlib/em_ebi.o
 .text.EBI_BankByteLaneEnable
                0x00000000       0x50 ./emlib/em_ebi.o
 .text.EBI_AltMapEnable
                0x00000000        0xc ./emlib/em_ebi.o
 .rodata.str1.4
                0x00000000       0x5f ./emlib/em_ebi.o
 .debug_info    0x00000000     0x380e ./emlib/em_ebi.o
 .debug_abbrev  0x00000000      0x34e ./emlib/em_ebi.o
 .debug_loc     0x00000000     0x3a40 ./emlib/em_ebi.o
 .debug_aranges
                0x00000000       0xd0 ./emlib/em_ebi.o
 .debug_ranges  0x00000000      0x888 ./emlib/em_ebi.o
 .debug_line    0x00000000      0xab3 ./emlib/em_ebi.o
 .debug_str     0x00000000      0xdf5 ./emlib/em_ebi.o
 .comment       0x00000000       0x71 ./emlib/em_ebi.o
 .debug_frame   0x00000000      0x290 ./emlib/em_ebi.o
 .ARM.attributes
                0x00000000       0x33 ./emlib/em_ebi.o
 .text          0x00000000        0x0 ./emlib/em_emu.o
 .data          0x00000000        0x0 ./emlib/em_emu.o
 .bss           0x00000000        0x0 ./emlib/em_emu.o
 .text.EMU_EnterEM2
                0x00000000       0xf0 ./emlib/em_emu.o
 .text.EMU_EnterEM3
                0x00000000      0x110 ./emlib/em_emu.o
 .text.EMU_Save
                0x00000000       0x24 ./emlib/em_emu.o
 .text.EMU_Restore
                0x00000000       0x58 ./emlib/em_emu.o
 .text.EMU_EnterEM4
                0x00000000       0x30 ./emlib/em_emu.o
 .text.EMU_MemPwrDown
                0x00000000       0x10 ./emlib/em_emu.o
 .text.EMU_RamPowerDown
                0x00000000       0x50 ./emlib/em_emu.o
 .text.EMU_UpdateOscConfig
                0x00000000       0x24 ./emlib/em_emu.o
 .text.EMU_EM23Init
                0x00000000       0x24 ./emlib/em_emu.o
 .text.EMU_EM4Init
                0x00000000       0x2c ./emlib/em_emu.o
 .text.EMU_BUPDInit
                0x00000000       0x70 ./emlib/em_emu.o
 .text.EMU_BUThresholdSet
                0x00000000       0x50 ./emlib/em_emu.o
 .text.EMU_BUThresRangeSet
                0x00000000       0x54 ./emlib/em_emu.o
 .bss.cmuStatus.5822
                0x00000000        0x4 ./emlib/em_emu.o
 .bss.hfClock.5823
                0x00000000        0x1 ./emlib/em_emu.o
 .rodata.str1.4
                0x00000000       0x5f ./emlib/em_emu.o
 .debug_info    0x00000000     0x157d ./emlib/em_emu.o
 .debug_abbrev  0x00000000      0x377 ./emlib/em_emu.o
 .debug_loc     0x00000000      0x749 ./emlib/em_emu.o
 .debug_aranges
                0x00000000       0x80 ./emlib/em_emu.o
 .debug_ranges  0x00000000      0x220 ./emlib/em_emu.o
 .debug_line    0x00000000      0x6a9 ./emlib/em_emu.o
 .debug_str     0x00000000      0xc29 ./emlib/em_emu.o
 .comment       0x00000000       0x71 ./emlib/em_emu.o
 .debug_frame   0x00000000      0x160 ./emlib/em_emu.o
 .ARM.attributes
                0x00000000       0x33 ./emlib/em_emu.o
 .text          0x00000000        0x0 ./emlib/em_gpio.o
 .data          0x00000000        0x0 ./emlib/em_gpio.o
 .bss           0x00000000        0x0 ./emlib/em_gpio.o
 .text.GPIO_DbgLocationSet
                0x00000000       0x2c ./emlib/em_gpio.o
 .text.GPIO_DriveModeSet
                0x00000000       0x34 ./emlib/em_gpio.o
 .text.GPIO_ExtIntConfig
                0x00000000       0xa8 ./emlib/em_gpio.o
 .text.GPIO_PinModeGet
                0x00000000       0x54 ./emlib/em_gpio.o
 .text.GPIO_EM4EnablePinWakeup
                0x00000000       0x68 ./emlib/em_gpio.o
 .text          0x00000000        0x0 ./emlib/em_system.o
 .data          0x00000000        0x0 ./emlib/em_system.o
 .bss           0x00000000        0x0 ./emlib/em_system.o
 .text.SYSTEM_GetCalibrationValue
                0x00000000       0x30 ./emlib/em_system.o
 .text          0x00000000        0x0 ./emlib/em_timer.o
 .data          0x00000000        0x0 ./emlib/em_timer.o
 .bss           0x00000000        0x0 ./emlib/em_timer.o
 .text.TIMER_InitDTI
                0x00000000      0x148 ./emlib/em_timer.o
 .text.TIMER_Reset
                0x00000000       0x78 ./emlib/em_timer.o
 .text          0x00000000        0x0 ./emlib/em_usart.o
 .data          0x00000000        0x0 ./emlib/em_usart.o
 .bss           0x00000000        0x0 ./emlib/em_usart.o
 .text.USART_BaudrateAsyncSet
                0x00000000       0xe8 ./emlib/em_usart.o
 .text.USART_BaudrateCalc
                0x00000000       0x90 ./emlib/em_usart.o
 .text.USART_BaudrateGet
                0x00000000       0xa4 ./emlib/em_usart.o
 .text.USART_BaudrateSyncSet
                0x00000000       0x4c ./emlib/em_usart.o
 .text.USART_Enable
                0x00000000       0x4c ./emlib/em_usart.o
 .text.USART_InitAsync
                0x00000000      0x1d8 ./emlib/em_usart.o
 .text.USART_InitSync
                0x00000000      0x14c ./emlib/em_usart.o
 .text.USARTn_InitIrDA
                0x00000000      0x214 ./emlib/em_usart.o
 .text.USART_InitI2s
                0x00000000      0x1ec ./emlib/em_usart.o
 .text.USART_InitPrsTrigger
                0x00000000       0x28 ./emlib/em_usart.o
 .text.USART_Reset
                0x00000000       0xa8 ./emlib/em_usart.o
 .text.USART_Rx
                0x00000000        0xc ./emlib/em_usart.o
 .text.USART_RxDouble
                0x00000000        0xc ./emlib/em_usart.o
 .text.USART_RxDoubleExt
                0x00000000        0xc ./emlib/em_usart.o
 .text.USART_RxExt
                0x00000000        0xc ./emlib/em_usart.o
 .text.USART_SpiTransfer
                0x00000000       0x14 ./emlib/em_usart.o
 .text.USART_Tx
                0x00000000        0xc ./emlib/em_usart.o
 .text.USART_TxDouble
                0x00000000        0xc ./emlib/em_usart.o
 .text.USART_TxDoubleExt
                0x00000000        0xc ./emlib/em_usart.o
 .text.USART_TxExt
                0x00000000        0xc ./emlib/em_usart.o
 .rodata.str1.4
                0x00000000       0x61 ./emlib/em_usart.o
 .debug_info    0x00000000     0x178b ./emlib/em_usart.o
 .debug_abbrev  0x00000000      0x2f3 ./emlib/em_usart.o
 .debug_loc     0x00000000      0xf7a ./emlib/em_usart.o
 .debug_aranges
                0x00000000       0xb8 ./emlib/em_usart.o
 .debug_ranges  0x00000000      0x240 ./emlib/em_usart.o
 .debug_line    0x00000000      0x8cd ./emlib/em_usart.o
 .debug_str     0x00000000      0xe11 ./emlib/em_usart.o
 .comment       0x00000000       0x71 ./emlib/em_usart.o
 .debug_frame   0x00000000      0x1ec ./emlib/em_usart.o
 .ARM.attributes
                0x00000000       0x33 ./emlib/em_usart.o
 .text          0x00000000        0x0 ./src/blink.o
 .data          0x00000000        0x0 ./src/blink.o
 .bss           0x00000000        0x0 ./src/blink.o
 .text          0x00000000       0x30 /usr/local/SimplicityStudio_v4/developer/toolchains/gnu_arm/4.9_2015q3/bin/../lib/gcc/arm-none-eabi/4.9.3/armv7-m/libgcc.a(_aeabi_uldivmod.o)
 .data          0x00000000        0x0 /usr/local/SimplicityStudio_v4/developer/toolchains/gnu_arm/4.9_2015q3/bin/../lib/gcc/arm-none-eabi/4.9.3/armv7-m/libgcc.a(_aeabi_uldivmod.o)
 .bss           0x00000000        0x0 /usr/local/SimplicityStudio_v4/developer/toolchains/gnu_arm/4.9_2015q3/bin/../lib/gcc/arm-none-eabi/4.9.3/armv7-m/libgcc.a(_aeabi_uldivmod.o)
 .debug_frame   0x00000000       0x28 /usr/local/SimplicityStudio_v4/developer/toolchains/gnu_arm/4.9_2015q3/bin/../lib/gcc/arm-none-eabi/4.9.3/armv7-m/libgcc.a(_aeabi_uldivmod.o)
 .ARM.attributes
                0x00000000       0x1d /usr/local/SimplicityStudio_v4/developer/toolchains/gnu_arm/4.9_2015q3/bin/../lib/gcc/arm-none-eabi/4.9.3/armv7-m/libgcc.a(_aeabi_uldivmod.o)
 .text          0x00000000       0x60 /usr/local/SimplicityStudio_v4/developer/toolchains/gnu_arm/4.9_2015q3/bin/../lib/gcc/arm-none-eabi/4.9.3/armv7-m/libgcc.a(bpabi.o)
 .data          0x00000000        0x0 /usr/local/SimplicityStudio_v4/developer/toolchains/gnu_arm/4.9_2015q3/bin/../lib/gcc/arm-none-eabi/4.9.3/armv7-m/libgcc.a(bpabi.o)
 .bss           0x00000000        0x0 /usr/local/SimplicityStudio_v4/developer/toolchains/gnu_arm/4.9_2015q3/bin/../lib/gcc/arm-none-eabi/4.9.3/armv7-m/libgcc.a(bpabi.o)
 .debug_frame   0x00000000       0x54 /usr/local/SimplicityStudio_v4/developer/toolchains/gnu_arm/4.9_2015q3/bin/../lib/gcc/arm-none-eabi/4.9.3/armv7-m/libgcc.a(bpabi.o)
 .ARM.attributes
                0x00000000       0x2d /usr/local/SimplicityStudio_v4/developer/toolchains/gnu_arm/4.9_2015q3/bin/../lib/gcc/arm-none-eabi/4.9.3/armv7-m/libgcc.a(bpabi.o)
 .text          0x00000000        0x4 /usr/local/SimplicityStudio_v4/developer/toolchains/gnu_arm/4.9_2015q3/bin/../lib/gcc/arm-none-eabi/4.9.3/armv7-m/libgcc.a(_dvmd_tls.o)
 .data          0x00000000        0x0 /usr/local/SimplicityStudio_v4/developer/toolchains/gnu_arm/4.9_2015q3/bin/../lib/gcc/arm-none-eabi/4.9.3/armv7-m/libgcc.a(_dvmd_tls.o)
 .bss           0x00000000        0x0 /usr/local/SimplicityStudio_v4/developer/toolchains/gnu_arm/4.9_2015q3/bin/../lib/gcc/arm-none-eabi/4.9.3/armv7-m/libgcc.a(_dvmd_tls.o)
 .ARM.attributes
                0x00000000       0x1d /usr/local/SimplicityStudio_v4/developer/toolchains/gnu_arm/4.9_2015q3/bin/../lib/gcc/arm-none-eabi/4.9.3/armv7-m/libgcc.a(_dvmd_tls.o)
 .text          0x00000000      0x2ac /usr/local/SimplicityStudio_v4/developer/toolchains/gnu_arm/4.9_2015q3/bin/../lib/gcc/arm-none-eabi/4.9.3/armv7-m/libgcc.a(_divdi3.o)
 .data          0x00000000        0x0 /usr/local/SimplicityStudio_v4/developer/toolchains/gnu_arm/4.9_2015q3/bin/../lib/gcc/arm-none-eabi/4.9.3/armv7-m/libgcc.a(_divdi3.o)
 .bss           0x00000000        0x0 /usr/local/SimplicityStudio_v4/developer/toolchains/gnu_arm/4.9_2015q3/bin/../lib/gcc/arm-none-eabi/4.9.3/armv7-m/libgcc.a(_divdi3.o)
 .ARM.extab     0x00000000        0x0 /usr/local/SimplicityStudio_v4/developer/toolchains/gnu_arm/4.9_2015q3/bin/../lib/gcc/arm-none-eabi/4.9.3/armv7-m/libgcc.a(_divdi3.o)
 .ARM.exidx     0x00000000        0x8 /usr/local/SimplicityStudio_v4/developer/toolchains/gnu_arm/4.9_2015q3/bin/../lib/gcc/arm-none-eabi/4.9.3/armv7-m/libgcc.a(_divdi3.o)
 .debug_frame   0x00000000       0x34 /usr/local/SimplicityStudio_v4/developer/toolchains/gnu_arm/4.9_2015q3/bin/../lib/gcc/arm-none-eabi/4.9.3/armv7-m/libgcc.a(_divdi3.o)
 .ARM.attributes
                0x00000000       0x2d /usr/local/SimplicityStudio_v4/developer/toolchains/gnu_arm/4.9_2015q3/bin/../lib/gcc/arm-none-eabi/4.9.3/armv7-m/libgcc.a(_divdi3.o)
 .text          0x00000000      0x270 /usr/local/SimplicityStudio_v4/developer/toolchains/gnu_arm/4.9_2015q3/bin/../lib/gcc/arm-none-eabi/4.9.3/armv7-m/libgcc.a(_udivdi3.o)
 .data          0x00000000        0x0 /usr/local/SimplicityStudio_v4/developer/toolchains/gnu_arm/4.9_2015q3/bin/../lib/gcc/arm-none-eabi/4.9.3/armv7-m/libgcc.a(_udivdi3.o)
 .bss           0x00000000        0x0 /usr/local/SimplicityStudio_v4/developer/toolchains/gnu_arm/4.9_2015q3/bin/../lib/gcc/arm-none-eabi/4.9.3/armv7-m/libgcc.a(_udivdi3.o)
 .ARM.extab     0x00000000        0x0 /usr/local/SimplicityStudio_v4/developer/toolchains/gnu_arm/4.9_2015q3/bin/../lib/gcc/arm-none-eabi/4.9.3/armv7-m/libgcc.a(_udivdi3.o)
 .ARM.exidx     0x00000000        0x8 /usr/local/SimplicityStudio_v4/developer/toolchains/gnu_arm/4.9_2015q3/bin/../lib/gcc/arm-none-eabi/4.9.3/armv7-m/libgcc.a(_udivdi3.o)
 .debug_frame   0x00000000       0x34 /usr/local/SimplicityStudio_v4/developer/toolchains/gnu_arm/4.9_2015q3/bin/../lib/gcc/arm-none-eabi/4.9.3/armv7-m/libgcc.a(_udivdi3.o)
 .ARM.attributes
                0x00000000       0x2d /usr/local/SimplicityStudio_v4/developer/toolchains/gnu_arm/4.9_2015q3/bin/../lib/gcc/arm-none-eabi/4.9.3/armv7-m/libgcc.a(_udivdi3.o)
 .text          0x00000000        0x0 /usr/local/SimplicityStudio_v4/developer/toolchains/gnu_arm/4.9_2015q3/bin/../lib/gcc/arm-none-eabi/4.9.3/../../../../arm-none-eabi/lib/armv7-m/libc_nano.a(lib_a-exit.o)
 .data          0x00000000        0x0 /usr/local/SimplicityStudio_v4/developer/toolchains/gnu_arm/4.9_2015q3/bin/../lib/gcc/arm-none-eabi/4.9.3/../../../../arm-none-eabi/lib/armv7-m/libc_nano.a(lib_a-exit.o)
 .bss           0x00000000        0x0 /usr/local/SimplicityStudio_v4/developer/toolchains/gnu_arm/4.9_2015q3/bin/../lib/gcc/arm-none-eabi/4.9.3/../../../../arm-none-eabi/lib/armv7-m/libc_nano.a(lib_a-exit.o)
 .text          0x00000000        0x0 /usr/local/SimplicityStudio_v4/developer/toolchains/gnu_arm/4.9_2015q3/bin/../lib/gcc/arm-none-eabi/4.9.3/../../../../arm-none-eabi/lib/armv7-m/libc_nano.a(lib_a-impure.o)
 .data          0x00000000        0x0 /usr/local/SimplicityStudio_v4/developer/toolchains/gnu_arm/4.9_2015q3/bin/../lib/gcc/arm-none-eabi/4.9.3/../../../../arm-none-eabi/lib/armv7-m/libc_nano.a(lib_a-impure.o)
 .bss           0x00000000        0x0 /usr/local/SimplicityStudio_v4/developer/toolchains/gnu_arm/4.9_2015q3/bin/../lib/gcc/arm-none-eabi/4.9.3/../../../../arm-none-eabi/lib/armv7-m/libc_nano.a(lib_a-impure.o)
 .data._impure_ptr
                0x00000000        0x4 /usr/local/SimplicityStudio_v4/developer/toolchains/gnu_arm/4.9_2015q3/bin/../lib/gcc/arm-none-eabi/4.9.3/../../../../arm-none-eabi/lib/armv7-m/libc_nano.a(lib_a-impure.o)
 .text          0x00000000        0x0 /usr/local/SimplicityStudio_v4/developer/toolchains/gnu_arm/4.9_2015q3/bin/../lib/gcc/arm-none-eabi/4.9.3/../../../../arm-none-eabi/lib/armv7-m/libc_nano.a(lib_a-init.o)
 .data          0x00000000        0x0 /usr/local/SimplicityStudio_v4/developer/toolchains/gnu_arm/4.9_2015q3/bin/../lib/gcc/arm-none-eabi/4.9.3/../../../../arm-none-eabi/lib/armv7-m/libc_nano.a(lib_a-init.o)
 .bss           0x00000000        0x0 /usr/local/SimplicityStudio_v4/developer/toolchains/gnu_arm/4.9_2015q3/bin/../lib/gcc/arm-none-eabi/4.9.3/../../../../arm-none-eabi/lib/armv7-m/libc_nano.a(lib_a-init.o)
 .text          0x00000000        0x0 /usr/local/SimplicityStudio_v4/developer/toolchains/gnu_arm/4.9_2015q3/bin/../lib/gcc/arm-none-eabi/4.9.3/../../../../arm-none-eabi/lib/armv7-m/libc_nano.a(lib_a-memcpy.o)
 .data          0x00000000        0x0 /usr/local/SimplicityStudio_v4/developer/toolchains/gnu_arm/4.9_2015q3/bin/../lib/gcc/arm-none-eabi/4.9.3/../../../../arm-none-eabi/lib/armv7-m/libc_nano.a(lib_a-memcpy.o)
 .bss           0x00000000        0x0 /usr/local/SimplicityStudio_v4/developer/toolchains/gnu_arm/4.9_2015q3/bin/../lib/gcc/arm-none-eabi/4.9.3/../../../../arm-none-eabi/lib/armv7-m/libc_nano.a(lib_a-memcpy.o)
 .text.memcpy   0x00000000       0x16 /usr/local/SimplicityStudio_v4/developer/toolchains/gnu_arm/4.9_2015q3/bin/../lib/gcc/arm-none-eabi/4.9.3/../../../../arm-none-eabi/lib/armv7-m/libc_nano.a(lib_a-memcpy.o)
 .debug_frame   0x00000000       0x28 /usr/local/SimplicityStudio_v4/developer/toolchains/gnu_arm/4.9_2015q3/bin/../lib/gcc/arm-none-eabi/4.9.3/../../../../arm-none-eabi/lib/armv7-m/libc_nano.a(lib_a-memcpy.o)
 .ARM.attributes
                0x00000000       0x2d /usr/local/SimplicityStudio_v4/developer/toolchains/gnu_arm/4.9_2015q3/bin/../lib/gcc/arm-none-eabi/4.9.3/../../../../arm-none-eabi/lib/armv7-m/libc_nano.a(lib_a-memcpy.o)
 .text          0x00000000        0x0 /usr/local/SimplicityStudio_v4/developer/toolchains/gnu_arm/4.9_2015q3/bin/../lib/gcc/arm-none-eabi/4.9.3/../../../../arm-none-eabi/lib/armv7-m/libc_nano.a(lib_a-memset.o)
 .data          0x00000000        0x0 /usr/local/SimplicityStudio_v4/developer/toolchains/gnu_arm/4.9_2015q3/bin/../lib/gcc/arm-none-eabi/4.9.3/../../../../arm-none-eabi/lib/armv7-m/libc_nano.a(lib_a-memset.o)
 .bss           0x00000000        0x0 /usr/local/SimplicityStudio_v4/developer/toolchains/gnu_arm/4.9_2015q3/bin/../lib/gcc/arm-none-eabi/4.9.3/../../../../arm-none-eabi/lib/armv7-m/libc_nano.a(lib_a-memset.o)
 .text          0x00000000        0x0 /usr/local/SimplicityStudio_v4/developer/toolchains/gnu_arm/4.9_2015q3/bin/../lib/gcc/arm-none-eabi/4.9.3/../../../../arm-none-eabi/lib/armv7-m/libnosys.a(_exit.o)
 .data          0x00000000        0x0 /usr/local/SimplicityStudio_v4/developer/toolchains/gnu_arm/4.9_2015q3/bin/../lib/gcc/arm-none-eabi/4.9.3/../../../../arm-none-eabi/lib/armv7-m/libnosys.a(_exit.o)
 .bss           0x00000000        0x0 /usr/local/SimplicityStudio_v4/developer/toolchains/gnu_arm/4.9_2015q3/bin/../lib/gcc/arm-none-eabi/4.9.3/../../../../arm-none-eabi/lib/armv7-m/libnosys.a(_exit.o)
 .text          0x00000000        0x0 /usr/local/SimplicityStudio_v4/developer/toolchains/gnu_arm/4.9_2015q3/bin/../lib/gcc/arm-none-eabi/4.9.3/armv7-m/crtend.o
 .data          0x00000000        0x0 /usr/local/SimplicityStudio_v4/developer/toolchains/gnu_arm/4.9_2015q3/bin/../lib/gcc/arm-none-eabi/4.9.3/armv7-m/crtend.o
 .bss           0x00000000        0x0 /usr/local/SimplicityStudio_v4/developer/toolchains/gnu_arm/4.9_2015q3/bin/../lib/gcc/arm-none-eabi/4.9.3/armv7-m/crtend.o
 .text          0x00000000        0x0 /usr/local/SimplicityStudio_v4/developer/toolchains/gnu_arm/4.9_2015q3/bin/../lib/gcc/arm-none-eabi/4.9.3/armv7-m/crtn.o
 .data          0x00000000        0x0 /usr/local/SimplicityStudio_v4/developer/toolchains/gnu_arm/4.9_2015q3/bin/../lib/gcc/arm-none-eabi/4.9.3/armv7-m/crtn.o
 .bss           0x00000000        0x0 /usr/local/SimplicityStudio_v4/developer/toolchains/gnu_arm/4.9_2015q3/bin/../lib/gcc/arm-none-eabi/4.9.3/armv7-m/crtn.o

Memory Configuration

Name             Origin             Length             Attributes
FLASH            0x00000000         0x00100000         xr
RAM              0x20000000         0x00020000         xrw
*default*        0x00000000         0xffffffff

Linker script and memory map

LOAD /usr/local/SimplicityStudio_v4/developer/toolchains/gnu_arm/4.9_2015q3/bin/../lib/gcc/arm-none-eabi/4.9.3/armv7-m/crti.o
LOAD /usr/local/SimplicityStudio_v4/developer/toolchains/gnu_arm/4.9_2015q3/bin/../lib/gcc/arm-none-eabi/4.9.3/armv7-m/crtbegin.o
LOAD /usr/local/SimplicityStudio_v4/developer/toolchains/gnu_arm/4.9_2015q3/bin/../lib/gcc/arm-none-eabi/4.9.3/../../../../arm-none-eabi/lib/armv7-m/crt0.o
LOAD ./BSP/bsp_bcc.o
LOAD ./BSP/bsp_stk.o
LOAD ./BSP/bsp_stk_leds.o
LOAD ./BSP/bsp_trace.o
LOAD ./CMSIS/EFM32GG/startup_efm32gg.o
LOAD ./CMSIS/EFM32GG/system_efm32gg.o
LOAD ./emlib/em_assert.o
LOAD ./emlib/em_cmu.o
LOAD ./emlib/em_ebi.o
LOAD ./emlib/em_emu.o
LOAD ./emlib/em_gpio.o
LOAD ./emlib/em_system.o
LOAD ./emlib/em_timer.o
LOAD ./emlib/em_usart.o
LOAD ./src/blink.o
START GROUP
LOAD /usr/local/SimplicityStudio_v4/developer/toolchains/gnu_arm/4.9_2015q3/bin/../lib/gcc/arm-none-eabi/4.9.3/armv7-m/libgcc.a
LOAD /usr/local/SimplicityStudio_v4/developer/toolchains/gnu_arm/4.9_2015q3/bin/../lib/gcc/arm-none-eabi/4.9.3/../../../../arm-none-eabi/lib/armv7-m/libc_nano.a
LOAD /usr/local/SimplicityStudio_v4/developer/toolchains/gnu_arm/4.9_2015q3/bin/../lib/gcc/arm-none-eabi/4.9.3/../../../../arm-none-eabi/lib/armv7-m/libnosys.a
END GROUP
START GROUP
LOAD /usr/local/SimplicityStudio_v4/developer/toolchains/gnu_arm/4.9_2015q3/bin/../lib/gcc/arm-none-eabi/4.9.3/armv7-m/libgcc.a
LOAD /usr/local/SimplicityStudio_v4/developer/toolchains/gnu_arm/4.9_2015q3/bin/../lib/gcc/arm-none-eabi/4.9.3/../../../../arm-none-eabi/lib/armv7-m/libg_nano.a
LOAD /usr/local/SimplicityStudio_v4/developer/toolchains/gnu_arm/4.9_2015q3/bin/../lib/gcc/arm-none-eabi/4.9.3/../../../../arm-none-eabi/lib/armv7-m/libc_nano.a
END GROUP
START GROUP
LOAD /usr/local/SimplicityStudio_v4/developer/toolchains/gnu_arm/4.9_2015q3/bin/../lib/gcc/arm-none-eabi/4.9.3/armv7-m/libgcc.a
LOAD /usr/local/SimplicityStudio_v4/developer/toolchains/gnu_arm/4.9_2015q3/bin/../lib/gcc/arm-none-eabi/4.9.3/../../../../arm-none-eabi/lib/armv7-m/libc_nano.a
END GROUP
LOAD /usr/local/SimplicityStudio_v4/developer/toolchains/gnu_arm/4.9_2015q3/bin/../lib/gcc/arm-none-eabi/4.9.3/armv7-m/crtend.o
LOAD /usr/local/SimplicityStudio_v4/developer/toolchains/gnu_arm/4.9_2015q3/bin/../lib/gcc/arm-none-eabi/4.9.3/armv7-m/crtn.o

.text           0x00000000     0x1480
 *(.vectors)
 .vectors       0x00000000       0xdc ./CMSIS/EFM32GG/startup_efm32gg.o
                0x00000000                __Vectors
                0x000000dc                __Vectors_End = .
                0x000000dc                __Vectors_Size = (__Vectors_End - __Vectors)
                0x000000dc                __end__ = .
 *(.text*)
 .text          0x000000dc       0x5c /usr/local/SimplicityStudio_v4/developer/toolchains/gnu_arm/4.9_2015q3/bin/../lib/gcc/arm-none-eabi/4.9.3/armv7-m/crtbegin.o
 .text          0x00000138       0x74 /usr/local/SimplicityStudio_v4/developer/toolchains/gnu_arm/4.9_2015q3/bin/../lib/gcc/arm-none-eabi/4.9.3/../../../../arm-none-eabi/lib/armv7-m/crt0.o
                0x00000138                _mainCRTStartup
                0x00000138                _start
 .text          0x000001ac       0x30 ./CMSIS/EFM32GG/startup_efm32gg.o
                0x000001ac                Reset_Handler
                0x000001d8                TIMER2_IRQHandler
                0x000001d8                DebugMon_Handler
                0x000001d8                USART0_TX_IRQHandler
                0x000001d8                I2C0_IRQHandler
                0x000001d8                HardFault_Handler
                0x000001d8                LEUART1_IRQHandler
                0x000001d8                SysTick_Handler
                0x000001d8                USART1_RX_IRQHandler
                0x000001d8                PendSV_Handler
                0x000001d8                NMI_Handler
                0x000001d8                I2C1_IRQHandler
                0x000001d8                TIMER3_IRQHandler
                0x000001d8                USART1_TX_IRQHandler
                0x000001d8                MSC_IRQHandler
                0x000001d8                ADC0_IRQHandler
                0x000001d8                UsageFault_Handler
                0x000001d8                LEUART0_IRQHandler
                0x000001d8                GPIO_EVEN_IRQHandler
                0x000001d8                UART0_TX_IRQHandler
                0x000001d8                UART1_TX_IRQHandler
                0x000001d8                RTC_IRQHandler
                0x000001d8                LCD_IRQHandler
                0x000001d8                PCNT2_IRQHandler
                0x000001d8                UART0_RX_IRQHandler
                0x000001d8                LETIMER0_IRQHandler
                0x000001d8                TIMER1_IRQHandler
                0x000001d8                USART2_RX_IRQHandler
                0x000001d8                Default_Handler
                0x000001d8                EMU_IRQHandler
                0x000001d8                PCNT0_IRQHandler
                0x000001d8                USB_IRQHandler
                0x000001d8                BURTC_IRQHandler
                0x000001d8                PCNT1_IRQHandler
                0x000001d8                ACMP0_IRQHandler
                0x000001d8                USART0_RX_IRQHandler
                0x000001d8                MemManage_Handler
                0x000001d8                SVC_Handler
                0x000001d8                DAC0_IRQHandler
                0x000001d8                UART1_RX_IRQHandler
                0x000001d8                CMU_IRQHandler
                0x000001d8                EBI_IRQHandler
                0x000001d8                LESENSE_IRQHandler
                0x000001d8                GPIO_ODD_IRQHandler
                0x000001d8                AES_IRQHandler
                0x000001d8                VCMP_IRQHandler
                0x000001d8                DMA_IRQHandler
                0x000001d8                BusFault_Handler
                0x000001d8                USART2_TX_IRQHandler
 .text.SystemCoreClockGet
                0x000001dc       0xdc ./CMSIS/EFM32GG/system_efm32gg.o
                0x000001dc                SystemCoreClockGet
 .text.SystemMaxCoreClockGet
                0x000002b8        0x8 ./CMSIS/EFM32GG/system_efm32gg.o
                0x000002b8                SystemMaxCoreClockGet
 .text.SystemHFClockGet
                0x000002c0       0xd0 ./CMSIS/EFM32GG/system_efm32gg.o
                0x000002c0                SystemHFClockGet
 .text.SystemInit
                0x00000390        0x4 ./CMSIS/EFM32GG/system_efm32gg.o
                0x00000390                SystemInit
 .text.SystemLFRCOClockGet
                0x00000394        0x8 ./CMSIS/EFM32GG/system_efm32gg.o
                0x00000394                SystemLFRCOClockGet
 .text.SystemULFRCOClockGet
                0x0000039c        0x8 ./CMSIS/EFM32GG/system_efm32gg.o
                0x0000039c                SystemULFRCOClockGet
 .text.SystemLFXOClockGet
                0x000003a4        0xc ./CMSIS/EFM32GG/system_efm32gg.o
                0x000003a4                SystemLFXOClockGet
 .text.assertEFM
                0x000003b0        0x4 ./emlib/em_assert.o
                0x000003b0                assertEFM
 .text.setHfLeConfig
                0x000003b4       0xf4 ./emlib/em_cmu.o
 .text.lfClkGet
                0x000004a8      0x1b4 ./emlib/em_cmu.o
 .text.CMU_ClockSelectGet
                0x0000065c       0xd8 ./emlib/em_cmu.o
                0x0000065c                CMU_ClockSelectGet
 .text.CMU_ClockFreqGet
                0x00000734      0x22c ./emlib/em_cmu.o
                0x00000734                CMU_ClockFreqGet
 .text.CMU_ClockEnable
                0x00000960       0x9c ./emlib/em_cmu.o
                0x00000960                CMU_ClockEnable
 .text.CMU_HFRCOBandSet
                0x000009fc      0x270 ./emlib/em_cmu.o
                0x000009fc                CMU_HFRCOBandSet
 .text.GPIO_PinModeSet
                0x00000c6c      0x184 ./emlib/em_gpio.o
                0x00000c6c                GPIO_PinModeSet
 .text.SYSTEM_ChipRevisionGet
                0x00000df0       0x48 ./emlib/em_system.o
                0x00000df0                SYSTEM_ChipRevisionGet
 .text.TIMER_Init
                0x00000e38       0xf4 ./emlib/em_timer.o
                0x00000e38                TIMER_Init
 .text.TIMER_InitCC
                0x00000f2c       0xc0 ./emlib/em_timer.o
                0x00000f2c                TIMER_InitCC
 .text.TIMER0_IRQHandler
                0x00000fec       0x18 ./src/blink.o
                0x00000fec                TIMER0_IRQHandler
 .text.startup.main
                0x00001004      0x164 ./src/blink.o
                0x00001004                main
 .text.exit     0x00001168       0x28 /usr/local/SimplicityStudio_v4/developer/toolchains/gnu_arm/4.9_2015q3/bin/../lib/gcc/arm-none-eabi/4.9.3/../../../../arm-none-eabi/lib/armv7-m/libc_nano.a(lib_a-exit.o)
                0x00001168                exit
 .text.__libc_init_array
                0x00001190       0x4c /usr/local/SimplicityStudio_v4/developer/toolchains/gnu_arm/4.9_2015q3/bin/../lib/gcc/arm-none-eabi/4.9.3/../../../../arm-none-eabi/lib/armv7-m/libc_nano.a(lib_a-init.o)
                0x00001190                __libc_init_array
 .text.memset   0x000011dc       0x10 /usr/local/SimplicityStudio_v4/developer/toolchains/gnu_arm/4.9_2015q3/bin/../lib/gcc/arm-none-eabi/4.9.3/../../../../arm-none-eabi/lib/armv7-m/libc_nano.a(lib_a-memset.o)
                0x000011dc                memset
 .text._exit    0x000011ec        0x4 /usr/local/SimplicityStudio_v4/developer/toolchains/gnu_arm/4.9_2015q3/bin/../lib/gcc/arm-none-eabi/4.9.3/../../../../arm-none-eabi/lib/armv7-m/libnosys.a(_exit.o)
                0x000011ec                _exit
 *(.init)
 .init          0x000011f0        0x4 /usr/local/SimplicityStudio_v4/developer/toolchains/gnu_arm/4.9_2015q3/bin/../lib/gcc/arm-none-eabi/4.9.3/armv7-m/crti.o
                0x000011f0                _init
 .init          0x000011f4        0x8 /usr/local/SimplicityStudio_v4/developer/toolchains/gnu_arm/4.9_2015q3/bin/../lib/gcc/arm-none-eabi/4.9.3/armv7-m/crtn.o
 *(.fini)
 .fini          0x000011fc        0x4 /usr/local/SimplicityStudio_v4/developer/toolchains/gnu_arm/4.9_2015q3/bin/../lib/gcc/arm-none-eabi/4.9.3/armv7-m/crti.o
                0x000011fc                _fini
 .fini          0x00001200        0x8 /usr/local/SimplicityStudio_v4/developer/toolchains/gnu_arm/4.9_2015q3/bin/../lib/gcc/arm-none-eabi/4.9.3/armv7-m/crtn.o
 *crtbegin.o(.ctors)
 *crtbegin?.o(.ctors)
 *(EXCLUDE_FILE(*crtend.o *crtend?.o) .ctors)
 *(SORT(.ctors.*))
 *(.ctors)
 *crtbegin.o(.dtors)
 *crtbegin?.o(.dtors)
 *(EXCLUDE_FILE(*crtend.o *crtend?.o) .dtors)
 *(SORT(.dtors.*))
 *(.dtors)
 *(.rodata*)
 .rodata.str1.4
                0x00001208       0xc0 ./emlib/em_cmu.o
 .rodata.str1.4
                0x000012c8       0xc1 ./emlib/em_gpio.o
 *fill*         0x00001389        0x3 
 .rodata.str1.4
                0x0000138c       0x62 ./emlib/em_system.o
 *fill*         0x000013ee        0x2 
 .rodata.str1.4
                0x000013f0       0x78 ./emlib/em_timer.o
                                 0x76 (size before relaxing)
 .rodata        0x00001468        0xb ./src/blink.o
 .rodata.str1.4
                0x00000000       0x62 ./src/blink.o
 .rodata.str1.1
                0x00001473        0x2 /usr/local/SimplicityStudio_v4/developer/toolchains/gnu_arm/4.9_2015q3/bin/../lib/gcc/arm-none-eabi/4.9.3/../../../../arm-none-eabi/lib/armv7-m/libc_nano.a(lib_a-impure.o)
 *fill*         0x00001475        0x3 
 .rodata._global_impure_ptr
                0x00001478        0x4 /usr/local/SimplicityStudio_v4/developer/toolchains/gnu_arm/4.9_2015q3/bin/../lib/gcc/arm-none-eabi/4.9.3/../../../../arm-none-eabi/lib/armv7-m/libc_nano.a(lib_a-impure.o)
                0x00001478                _global_impure_ptr
 *(.eh_frame*)
 .eh_frame      0x0000147c        0x0 /usr/local/SimplicityStudio_v4/developer/toolchains/gnu_arm/4.9_2015q3/bin/../lib/gcc/arm-none-eabi/4.9.3/armv7-m/crtbegin.o
 .eh_frame      0x0000147c        0x4 /usr/local/SimplicityStudio_v4/developer/toolchains/gnu_arm/4.9_2015q3/bin/../lib/gcc/arm-none-eabi/4.9.3/armv7-m/crtend.o

.glue_7         0x00001480        0x0
 .glue_7        0x00000000        0x0 linker stubs

.glue_7t        0x00001480        0x0
 .glue_7t       0x00000000        0x0 linker stubs

.vfp11_veneer   0x00001480        0x0
 .vfp11_veneer  0x00000000        0x0 linker stubs

.v4_bx          0x00001480        0x0
 .v4_bx         0x00000000        0x0 linker stubs

.iplt           0x00001480        0x0
 .iplt          0x00000000        0x0 /usr/local/SimplicityStudio_v4/developer/toolchains/gnu_arm/4.9_2015q3/bin/../lib/gcc/arm-none-eabi/4.9.3/armv7-m/crtbegin.o

.ARM.extab
 *(.ARM.extab* .gnu.linkonce.armextab.*)
                0x00001480                __exidx_start = .

.ARM.exidx      0x00001480        0x8
 *(.ARM.exidx* .gnu.linkonce.armexidx.*)
 .ARM.exidx     0x00001480        0x8 /usr/local/SimplicityStudio_v4/developer/toolchains/gnu_arm/4.9_2015q3/bin/../lib/gcc/arm-none-eabi/4.9.3/../../../../arm-none-eabi/lib/armv7-m/crt0.o
                0x00001488                __exidx_end = .
                0x00001488                __etext = .

.rel.dyn        0x00001488        0x0
 .rel.iplt      0x00000000        0x0 /usr/local/SimplicityStudio_v4/developer/toolchains/gnu_arm/4.9_2015q3/bin/../lib/gcc/arm-none-eabi/4.9.3/armv7-m/crtbegin.o

.data           0x20000000       0x78 load address 0x00001488
                0x20000000                __data_start__ = .
 *(vtable)
 *(.data*)
 .data.SystemLFXOClock
                0x20000000        0x4 ./CMSIS/EFM32GG/system_efm32gg.o
 .data.SystemHFXOClock
                0x20000004        0x4 ./CMSIS/EFM32GG/system_efm32gg.o
 .data.SystemCoreClock
                0x20000008        0x4 ./CMSIS/EFM32GG/system_efm32gg.o
                0x20000008                SystemCoreClock
 .data.impure_data
                0x2000000c       0x60 /usr/local/SimplicityStudio_v4/developer/toolchains/gnu_arm/4.9_2015q3/bin/../lib/gcc/arm-none-eabi/4.9.3/../../../../arm-none-eabi/lib/armv7-m/libc_nano.a(lib_a-impure.o)
                0x2000006c                . = ALIGN (0x4)
 *(.ram)
                0x2000006c                . = ALIGN (0x4)
                0x2000006c                PROVIDE (__preinit_array_start, .)
 *(.preinit_array)
                0x2000006c                PROVIDE (__preinit_array_end, .)
                0x2000006c                . = ALIGN (0x4)
                0x2000006c                PROVIDE (__init_array_start, .)
 *(SORT(.init_array.*))
 *(.init_array)
 .init_array    0x2000006c        0x4 /usr/local/SimplicityStudio_v4/developer/toolchains/gnu_arm/4.9_2015q3/bin/../lib/gcc/arm-none-eabi/4.9.3/armv7-m/crtbegin.o
                0x20000070                PROVIDE (__init_array_end, .)
                0x20000070                . = ALIGN (0x4)
                0x20000070                PROVIDE (__fini_array_start, .)
 *(SORT(.fini_array.*))
 *(.fini_array)
 .fini_array    0x20000070        0x4 /usr/local/SimplicityStudio_v4/developer/toolchains/gnu_arm/4.9_2015q3/bin/../lib/gcc/arm-none-eabi/4.9.3/armv7-m/crtbegin.o
                0x20000074                PROVIDE (__fini_array_end, .)
 *(.jcr*)
 .jcr           0x20000074        0x0 /usr/local/SimplicityStudio_v4/developer/toolchains/gnu_arm/4.9_2015q3/bin/../lib/gcc/arm-none-eabi/4.9.3/armv7-m/crtbegin.o
 .jcr           0x20000074        0x4 /usr/local/SimplicityStudio_v4/developer/toolchains/gnu_arm/4.9_2015q3/bin/../lib/gcc/arm-none-eabi/4.9.3/armv7-m/crtend.o
                0x20000078                . = ALIGN (0x4)
                0x20000078                __data_end__ = .

.igot.plt       0x20000078        0x0 load address 0x00001500
 .igot.plt      0x00000000        0x0 /usr/local/SimplicityStudio_v4/developer/toolchains/gnu_arm/4.9_2015q3/bin/../lib/gcc/arm-none-eabi/4.9.3/armv7-m/crtbegin.o

.bss            0x20000078       0x20 load address 0x00001500
                0x20000078                . = ALIGN (0x4)
                0x20000078                __bss_start__ = .
 *(.bss*)
 .bss           0x20000078       0x1c /usr/local/SimplicityStudio_v4/developer/toolchains/gnu_arm/4.9_2015q3/bin/../lib/gcc/arm-none-eabi/4.9.3/armv7-m/crtbegin.o
 .bss.ms_counter
                0x20000094        0x2 ./src/blink.o
                0x20000094                ms_counter
 *(COMMON)
                0x20000098                . = ALIGN (0x4)
 *fill*         0x20000096        0x2 
                0x20000098                __bss_end__ = .

.heap           0x20000098      0xc00
                0x20000098                __HeapBase = .
                0x20000098                __end__ = .
                0x20000098                end = __end__
                0x20000098                _end = __end__
 *(.heap*)
 .heap          0x20000098      0xc00 ./CMSIS/EFM32GG/startup_efm32gg.o
                0x20000c98                __HeapLimit = .

.stack_dummy    0x20000098      0x400
 *(.stack*)
 .stack         0x20000098      0x400 ./CMSIS/EFM32GG/startup_efm32gg.o
                0x20020000                __StackTop = (ORIGIN (RAM) + 0x20000)
                0x2001fc00                __StackLimit = (__StackTop - SIZEOF (.stack_dummy))
                0x20020000                PROVIDE (__stack, __StackTop)
                0x00000001                ASSERT ((__StackLimit >= __HeapLimit), region RAM overflowed with stack)
                0x00000001                ASSERT ((0x100000 >= (__etext + SIZEOF (.data))), FLASH memory overflowed !)
OUTPUT(STK3700_blink.axf elf32-littlearm)

.ARM.attributes
                0x00000000       0x29
 .ARM.attributes
                0x00000000       0x1d /usr/local/SimplicityStudio_v4/developer/toolchains/gnu_arm/4.9_2015q3/bin/../lib/gcc/arm-none-eabi/4.9.3/armv7-m/crti.o
 .ARM.attributes
                0x0000001d       0x2d /usr/local/SimplicityStudio_v4/developer/toolchains/gnu_arm/4.9_2015q3/bin/../lib/gcc/arm-none-eabi/4.9.3/armv7-m/crtbegin.o
 .ARM.attributes
                0x0000004a       0x1b /usr/local/SimplicityStudio_v4/developer/toolchains/gnu_arm/4.9_2015q3/bin/../lib/gcc/arm-none-eabi/4.9.3/../../../../arm-none-eabi/lib/armv7-m/crt0.o
 .ARM.attributes
                0x00000065       0x1b ./CMSIS/EFM32GG/startup_efm32gg.o
 .ARM.attributes
                0x00000080       0x33 ./CMSIS/EFM32GG/system_efm32gg.o
 .ARM.attributes
                0x000000b3       0x33 ./emlib/em_assert.o
 .ARM.attributes
                0x000000e6       0x33 ./emlib/em_cmu.o
 .ARM.attributes
                0x00000119       0x33 ./emlib/em_gpio.o
 .ARM.attributes
                0x0000014c       0x33 ./emlib/em_system.o
 .ARM.attributes
                0x0000017f       0x33 ./emlib/em_timer.o
 .ARM.attributes
                0x000001b2       0x33 ./src/blink.o
 .ARM.attributes
                0x000001e5       0x2d /usr/local/SimplicityStudio_v4/developer/toolchains/gnu_arm/4.9_2015q3/bin/../lib/gcc/arm-none-eabi/4.9.3/../../../../arm-none-eabi/lib/armv7-m/libc_nano.a(lib_a-exit.o)
 .ARM.attributes
                0x00000212       0x2d /usr/local/SimplicityStudio_v4/developer/toolchains/gnu_arm/4.9_2015q3/bin/../lib/gcc/arm-none-eabi/4.9.3/../../../../arm-none-eabi/lib/armv7-m/libc_nano.a(lib_a-impure.o)
 .ARM.attributes
                0x0000023f       0x2d /usr/local/SimplicityStudio_v4/developer/toolchains/gnu_arm/4.9_2015q3/bin/../lib/gcc/arm-none-eabi/4.9.3/../../../../arm-none-eabi/lib/armv7-m/libc_nano.a(lib_a-init.o)
 .ARM.attributes
                0x0000026c       0x2d /usr/local/SimplicityStudio_v4/developer/toolchains/gnu_arm/4.9_2015q3/bin/../lib/gcc/arm-none-eabi/4.9.3/../../../../arm-none-eabi/lib/armv7-m/libc_nano.a(lib_a-memset.o)
 .ARM.attributes
                0x00000299       0x2d /usr/local/SimplicityStudio_v4/developer/toolchains/gnu_arm/4.9_2015q3/bin/../lib/gcc/arm-none-eabi/4.9.3/../../../../arm-none-eabi/lib/armv7-m/libnosys.a(_exit.o)
 .ARM.attributes
                0x000002c6       0x2d /usr/local/SimplicityStudio_v4/developer/toolchains/gnu_arm/4.9_2015q3/bin/../lib/gcc/arm-none-eabi/4.9.3/armv7-m/crtend.o
 .ARM.attributes
                0x000002f3       0x1d /usr/local/SimplicityStudio_v4/developer/toolchains/gnu_arm/4.9_2015q3/bin/../lib/gcc/arm-none-eabi/4.9.3/armv7-m/crtn.o

.comment        0x00000000       0x70
 .comment       0x00000000       0x70 ./CMSIS/EFM32GG/system_efm32gg.o
                                 0x71 (size before relaxing)
 .comment       0x00000000       0x71 ./emlib/em_assert.o
 .comment       0x00000000       0x71 ./emlib/em_cmu.o
 .comment       0x00000000       0x71 ./emlib/em_gpio.o
 .comment       0x00000000       0x71 ./emlib/em_system.o
 .comment       0x00000000       0x71 ./emlib/em_timer.o
 .comment       0x00000000       0x71 ./src/blink.o

.debug_line     0x00000000     0x2641
 .debug_line    0x00000000       0xcf ./CMSIS/EFM32GG/startup_efm32gg.o
 .debug_line    0x000000cf      0x472 ./CMSIS/EFM32GG/system_efm32gg.o
 .debug_line    0x00000541       0x97 ./emlib/em_assert.o
 .debug_line    0x000005d8      0xfb8 ./emlib/em_cmu.o
 .debug_line    0x00001590      0x4cf ./emlib/em_gpio.o
 .debug_line    0x00001a5f      0x30f ./emlib/em_system.o
 .debug_line    0x00001d6e      0x49a ./emlib/em_timer.o
 .debug_line    0x00002208      0x439 ./src/blink.o

.debug_info     0x00000000     0x6257
 .debug_info    0x00000000       0xf1 ./CMSIS/EFM32GG/startup_efm32gg.o
 .debug_info    0x000000f1      0x6a9 ./CMSIS/EFM32GG/system_efm32gg.o
 .debug_info    0x0000079a       0x73 ./emlib/em_assert.o
 .debug_info    0x0000080d     0x2f5b ./emlib/em_cmu.o
 .debug_info    0x00003768      0x931 ./emlib/em_gpio.o
 .debug_info    0x00004099      0x2ba ./emlib/em_system.o
 .debug_info    0x00004353      0xad2 ./emlib/em_timer.o
 .debug_info    0x00004e25     0x1432 ./src/blink.o

.debug_abbrev   0x00000000      0xeb4
 .debug_abbrev  0x00000000       0x14 ./CMSIS/EFM32GG/startup_efm32gg.o
 .debug_abbrev  0x00000014      0x1b3 ./CMSIS/EFM32GG/system_efm32gg.o
 .debug_abbrev  0x000001c7       0x63 ./emlib/em_assert.o
 .debug_abbrev  0x0000022a      0x43c ./emlib/em_cmu.o
 .debug_abbrev  0x00000666      0x26e ./emlib/em_gpio.o
 .debug_abbrev  0x000008d4      0x147 ./emlib/em_system.o
 .debug_abbrev  0x00000a1b      0x1c3 ./emlib/em_timer.o
 .debug_abbrev  0x00000bde      0x2d6 ./src/blink.o

.debug_aranges  0x00000000      0x270
 .debug_aranges
                0x00000000       0x20 ./CMSIS/EFM32GG/startup_efm32gg.o
 .debug_aranges
                0x00000020       0x68 ./CMSIS/EFM32GG/system_efm32gg.o
 .debug_aranges
                0x00000088       0x20 ./emlib/em_assert.o
 .debug_aranges
                0x000000a8       0xf8 ./emlib/em_cmu.o
 .debug_aranges
                0x000001a0       0x48 ./emlib/em_gpio.o
 .debug_aranges
                0x000001e8       0x28 ./emlib/em_system.o
 .debug_aranges
                0x00000210       0x38 ./emlib/em_timer.o
 .debug_aranges
                0x00000248       0x28 ./src/blink.o

.debug_loc      0x00000000     0x4d43
 .debug_loc     0x00000000      0x36a ./CMSIS/EFM32GG/system_efm32gg.o
 .debug_loc     0x0000036a     0x3c8c ./emlib/em_cmu.o
 .debug_loc     0x00003ff6      0x836 ./emlib/em_gpio.o
 .debug_loc     0x0000482c       0xc9 ./emlib/em_system.o
 .debug_loc     0x000048f5      0x33e ./emlib/em_timer.o
 .debug_loc     0x00004c33      0x110 ./src/blink.o

.debug_ranges   0x00000000      0xd30
 .debug_ranges  0x00000000      0x190 ./CMSIS/EFM32GG/system_efm32gg.o
 .debug_ranges  0x00000190       0x10 ./emlib/em_assert.o
 .debug_ranges  0x000001a0      0x828 ./emlib/em_cmu.o
 .debug_ranges  0x000009c8      0x128 ./emlib/em_gpio.o
 .debug_ranges  0x00000af0       0x18 ./emlib/em_system.o
 .debug_ranges  0x00000b08      0x108 ./emlib/em_timer.o
 .debug_ranges  0x00000c10      0x120 ./src/blink.o

.debug_str      0x00000000     0x221f
 .debug_str     0x00000000      0x426 ./CMSIS/EFM32GG/system_efm32gg.o
                                0x4a6 (size before relaxing)
 .debug_str     0x00000426       0x76 ./emlib/em_assert.o
                                0x12d (size before relaxing)
 .debug_str     0x0000049c      0xd2e ./emlib/em_cmu.o
                               0x1106 (size before relaxing)
 .debug_str     0x000011ca      0x408 ./emlib/em_gpio.o
                                0x5ec (size before relaxing)
 .debug_str     0x000015d2       0xf9 ./emlib/em_system.o
                                0x2d0 (size before relaxing)
 .debug_str     0x000016cb      0x7ba ./emlib/em_timer.o
                                0x978 (size before relaxing)
 .debug_str     0x00001e85      0x39a ./src/blink.o
                               0x11d5 (size before relaxing)

.debug_frame    0x00000000      0x6c8
 .debug_frame   0x00000000       0xb0 ./CMSIS/EFM32GG/system_efm32gg.o
 .debug_frame   0x000000b0       0x20 ./emlib/em_assert.o
 .debug_frame   0x000000d0      0x38c ./emlib/em_cmu.o
 .debug_frame   0x0000045c       0xc4 ./emlib/em_gpio.o
 .debug_frame   0x00000520       0x38 ./emlib/em_system.o
 .debug_frame   0x00000558       0x98 ./emlib/em_timer.o
 .debug_frame   0x000005f0       0x44 ./src/blink.o
 .debug_frame   0x00000634       0x28 /usr/local/SimplicityStudio_v4/developer/toolchains/gnu_arm/4.9_2015q3/bin/../lib/gcc/arm-none-eabi/4.9.3/../../../../arm-none-eabi/lib/armv7-m/libc_nano.a(lib_a-exit.o)
 .debug_frame   0x0000065c       0x2c /usr/local/SimplicityStudio_v4/developer/toolchains/gnu_arm/4.9_2015q3/bin/../lib/gcc/arm-none-eabi/4.9.3/../../../../arm-none-eabi/lib/armv7-m/libc_nano.a(lib_a-init.o)
 .debug_frame   0x00000688       0x20 /usr/local/SimplicityStudio_v4/developer/toolchains/gnu_arm/4.9_2015q3/bin/../lib/gcc/arm-none-eabi/4.9.3/../../../../arm-none-eabi/lib/armv7-m/libc_nano.a(lib_a-memset.o)
 .debug_frame   0x000006a8       0x20 /usr/local/SimplicityStudio_v4/developer/toolchains/gnu_arm/4.9_2015q3/bin/../lib/gcc/arm-none-eabi/4.9.3/../../../../arm-none-eabi/lib/armv7-m/libnosys.a(_exit.o)
