Archive member included because of file (symbol)

/usr/local/SimplicityStudio_v4/developer/toolchains/gnu_arm/4.9_2015q3/bin/../lib/gcc/arm-none-eabi/4.9.3/../../../../arm-none-eabi/lib/armv7-m/libc_nano.a(lib_a-exit.o)
                              /usr/local/SimplicityStudio_v4/developer/toolchains/gnu_arm/4.9_2015q3/bin/../lib/gcc/arm-none-eabi/4.9.3/../../../../arm-none-eabi/lib/armv7-m/crt0.o (exit)
/usr/local/SimplicityStudio_v4/developer/toolchains/gnu_arm/4.9_2015q3/bin/../lib/gcc/arm-none-eabi/4.9.3/../../../../arm-none-eabi/lib/armv7-m/libc_nano.a(lib_a-impure.o)
                              /usr/local/SimplicityStudio_v4/developer/toolchains/gnu_arm/4.9_2015q3/bin/../lib/gcc/arm-none-eabi/4.9.3/../../../../arm-none-eabi/lib/armv7-m/libc_nano.a(lib_a-exit.o) (_global_impure_ptr)
/usr/local/SimplicityStudio_v4/developer/toolchains/gnu_arm/4.9_2015q3/bin/../lib/gcc/arm-none-eabi/4.9.3/../../../../arm-none-eabi/lib/armv7-m/libc_nano.a(lib_a-init.o)
                              /usr/local/SimplicityStudio_v4/developer/toolchains/gnu_arm/4.9_2015q3/bin/../lib/gcc/arm-none-eabi/4.9.3/../../../../arm-none-eabi/lib/armv7-m/crt0.o (__libc_init_array)
/usr/local/SimplicityStudio_v4/developer/toolchains/gnu_arm/4.9_2015q3/bin/../lib/gcc/arm-none-eabi/4.9.3/../../../../arm-none-eabi/lib/armv7-m/libc_nano.a(lib_a-memcpy.o)
                              ./FreeRTOS/efm32gg/queue.o (memcpy)
/usr/local/SimplicityStudio_v4/developer/toolchains/gnu_arm/4.9_2015q3/bin/../lib/gcc/arm-none-eabi/4.9.3/../../../../arm-none-eabi/lib/armv7-m/libc_nano.a(lib_a-memset.o)
                              /usr/local/SimplicityStudio_v4/developer/toolchains/gnu_arm/4.9_2015q3/bin/../lib/gcc/arm-none-eabi/4.9.3/../../../../arm-none-eabi/lib/armv7-m/crt0.o (memset)
/usr/local/SimplicityStudio_v4/developer/toolchains/gnu_arm/4.9_2015q3/bin/../lib/gcc/arm-none-eabi/4.9.3/../../../../arm-none-eabi/lib/armv7-m/libnosys.a(_exit.o)
                              /usr/local/SimplicityStudio_v4/developer/toolchains/gnu_arm/4.9_2015q3/bin/../lib/gcc/arm-none-eabi/4.9.3/../../../../arm-none-eabi/lib/armv7-m/libc_nano.a(lib_a-exit.o) (_exit)

Allocating common symbols
Common symbol       size              file

xQueueRegistry      0x50              ./FreeRTOS/efm32gg/queue.o
TIMER0_INIT         0x4               ./src/main.o

Discarded input sections

 .text          0x00000000        0x0 /usr/local/SimplicityStudio_v4/developer/toolchains/gnu_arm/4.9_2015q3/bin/../lib/gcc/arm-none-eabi/4.9.3/armv7-m/crti.o
 .data          0x00000000        0x0 /usr/local/SimplicityStudio_v4/developer/toolchains/gnu_arm/4.9_2015q3/bin/../lib/gcc/arm-none-eabi/4.9.3/armv7-m/crti.o
 .bss           0x00000000        0x0 /usr/local/SimplicityStudio_v4/developer/toolchains/gnu_arm/4.9_2015q3/bin/../lib/gcc/arm-none-eabi/4.9.3/armv7-m/crti.o
 .data          0x00000000        0x4 /usr/local/SimplicityStudio_v4/developer/toolchains/gnu_arm/4.9_2015q3/bin/../lib/gcc/arm-none-eabi/4.9.3/armv7-m/crtbegin.o
 .data          0x00000000        0x0 /usr/local/SimplicityStudio_v4/developer/toolchains/gnu_arm/4.9_2015q3/bin/../lib/gcc/arm-none-eabi/4.9.3/../../../../arm-none-eabi/lib/armv7-m/crt0.o
 .bss           0x00000000        0x0 /usr/local/SimplicityStudio_v4/developer/toolchains/gnu_arm/4.9_2015q3/bin/../lib/gcc/arm-none-eabi/4.9.3/../../../../arm-none-eabi/lib/armv7-m/crt0.o
 .ARM.extab     0x00000000        0x0 /usr/local/SimplicityStudio_v4/developer/toolchains/gnu_arm/4.9_2015q3/bin/../lib/gcc/arm-none-eabi/4.9.3/../../../../arm-none-eabi/lib/armv7-m/crt0.o
 .text          0x00000000        0x0 ./BSP/bsp_stk_leds.o
 .data          0x00000000        0x0 ./BSP/bsp_stk_leds.o
 .bss           0x00000000        0x0 ./BSP/bsp_stk_leds.o
 .text.BSP_LedsGet
                0x00000000       0x70 ./BSP/bsp_stk_leds.o
 .text.BSP_LedsSet
                0x00000000       0xb0 ./BSP/bsp_stk_leds.o
 .text.BSP_LedClear
                0x00000000       0x5c ./BSP/bsp_stk_leds.o
 .text.BSP_LedGet
                0x00000000       0x5c ./BSP/bsp_stk_leds.o
 .text          0x00000000        0x0 ./BSP/bsp_trace.o
 .data          0x00000000        0x0 ./BSP/bsp_trace.o
 .bss           0x00000000        0x0 ./BSP/bsp_trace.o
 .data          0x00000000        0x0 ./CMSIS/EFM32GG/startup_efm32gg.o
 .bss           0x00000000        0x0 ./CMSIS/EFM32GG/startup_efm32gg.o
 .text          0x00000000        0x0 ./CMSIS/EFM32GG/system_efm32gg.o
 .data          0x00000000        0x0 ./CMSIS/EFM32GG/system_efm32gg.o
 .bss           0x00000000        0x0 ./CMSIS/EFM32GG/system_efm32gg.o
 .text.SystemHFXOClockSet
                0x00000000       0xe4 ./CMSIS/EFM32GG/system_efm32gg.o
 .text.SystemLFXOClockSet
                0x00000000       0xe4 ./CMSIS/EFM32GG/system_efm32gg.o
 .text          0x00000000        0x0 ./Drivers/sleep.o
 .data          0x00000000        0x0 ./Drivers/sleep.o
 .bss           0x00000000        0x0 ./Drivers/sleep.o
 .text.SLEEP_ForceSleepInEM4
                0x00000000       0x34 ./Drivers/sleep.o
 .text.SLEEP_SleepBlockBegin
                0x00000000       0x60 ./Drivers/sleep.o
 .text.SLEEP_SleepBlockEnd
                0x00000000       0x34 ./Drivers/sleep.o
 .text.SLEEP_LowestEnergyModeGet
                0x00000000       0x1c ./Drivers/sleep.o
 .rodata.str1.4
                0x00000000       0x64 ./Drivers/sleep.o
 .text          0x00000000        0x0 ./FreeRTOS/efm32gg/croutine.o
 .data          0x00000000        0x0 ./FreeRTOS/efm32gg/croutine.o
 .bss           0x00000000        0x0 ./FreeRTOS/efm32gg/croutine.o
 .debug_info    0x00000000       0x6e ./FreeRTOS/efm32gg/croutine.o
 .debug_abbrev  0x00000000       0x24 ./FreeRTOS/efm32gg/croutine.o
 .debug_aranges
                0x00000000       0x18 ./FreeRTOS/efm32gg/croutine.o
 .debug_line    0x00000000       0x1d ./FreeRTOS/efm32gg/croutine.o
 .debug_str     0x00000000      0x1b3 ./FreeRTOS/efm32gg/croutine.o
 .comment       0x00000000       0x71 ./FreeRTOS/efm32gg/croutine.o
 .ARM.attributes
                0x00000000       0x33 ./FreeRTOS/efm32gg/croutine.o
 .text          0x00000000        0x0 ./FreeRTOS/efm32gg/event_groups.o
 .data          0x00000000        0x0 ./FreeRTOS/efm32gg/event_groups.o
 .bss           0x00000000        0x0 ./FreeRTOS/efm32gg/event_groups.o
 .text.xEventGroupCreate
                0x00000000       0x1c ./FreeRTOS/efm32gg/event_groups.o
 .text.xEventGroupWaitBits
                0x00000000      0x118 ./FreeRTOS/efm32gg/event_groups.o
 .text.xEventGroupClearBits
                0x00000000       0x3c ./FreeRTOS/efm32gg/event_groups.o
 .text.xEventGroupGetBitsFromISR
                0x00000000       0x1c ./FreeRTOS/efm32gg/event_groups.o
 .text.xEventGroupSetBits
                0x00000000       0x94 ./FreeRTOS/efm32gg/event_groups.o
 .text.xEventGroupSync
                0x00000000      0x128 ./FreeRTOS/efm32gg/event_groups.o
 .text.vEventGroupDelete
                0x00000000       0x44 ./FreeRTOS/efm32gg/event_groups.o
 .text.vEventGroupSetBitsCallback
                0x00000000        0x4 ./FreeRTOS/efm32gg/event_groups.o
 .text.vEventGroupClearBitsCallback
                0x00000000       0x3c ./FreeRTOS/efm32gg/event_groups.o
 .rodata.str1.4
                0x00000000       0x73 ./FreeRTOS/efm32gg/event_groups.o
 .debug_info    0x00000000      0xc75 ./FreeRTOS/efm32gg/event_groups.o
 .debug_abbrev  0x00000000      0x330 ./FreeRTOS/efm32gg/event_groups.o
 .debug_loc     0x00000000      0xd2e ./FreeRTOS/efm32gg/event_groups.o
 .debug_aranges
                0x00000000       0x60 ./FreeRTOS/efm32gg/event_groups.o
 .debug_ranges  0x00000000       0xb8 ./FreeRTOS/efm32gg/event_groups.o
 .debug_line    0x00000000      0x5c4 ./FreeRTOS/efm32gg/event_groups.o
 .debug_str     0x00000000      0x662 ./FreeRTOS/efm32gg/event_groups.o
 .comment       0x00000000       0x71 ./FreeRTOS/efm32gg/event_groups.o
 .debug_frame   0x00000000      0x11c ./FreeRTOS/efm32gg/event_groups.o
 .ARM.attributes
                0x00000000       0x33 ./FreeRTOS/efm32gg/event_groups.o
 .text          0x00000000        0x0 ./FreeRTOS/efm32gg/heap_1.o
 .data          0x00000000        0x0 ./FreeRTOS/efm32gg/heap_1.o
 .bss           0x00000000        0x0 ./FreeRTOS/efm32gg/heap_1.o
 .text.vPortInitialiseBlocks
                0x00000000        0xc ./FreeRTOS/efm32gg/heap_1.o
 .text.xPortGetFreeHeapSize
                0x00000000       0x10 ./FreeRTOS/efm32gg/heap_1.o
 .text          0x00000000        0x0 ./FreeRTOS/efm32gg/list.o
 .data          0x00000000        0x0 ./FreeRTOS/efm32gg/list.o
 .bss           0x00000000        0x0 ./FreeRTOS/efm32gg/list.o
 .text          0x00000000        0x0 ./FreeRTOS/efm32gg/port.o
 .data          0x00000000        0x0 ./FreeRTOS/efm32gg/port.o
 .bss           0x00000000        0x0 ./FreeRTOS/efm32gg/port.o
 .text.vPortEndScheduler
                0x00000000       0x20 ./FreeRTOS/efm32gg/port.o
 .text.vPortSetupTimerInterrupt
                0x00000000       0x18 ./FreeRTOS/efm32gg/port.o
 .text          0x00000000        0x0 ./FreeRTOS/efm32gg/queue.o
 .data          0x00000000        0x0 ./FreeRTOS/efm32gg/queue.o
 .bss           0x00000000        0x0 ./FreeRTOS/efm32gg/queue.o
 .text.xQueueGenericReset
                0x00000000       0x90 ./FreeRTOS/efm32gg/queue.o
 .text.xQueueCreateMutex
                0x00000000       0x68 ./FreeRTOS/efm32gg/queue.o
 .text.xQueueGiveFromISR
                0x00000000       0xa8 ./FreeRTOS/efm32gg/queue.o
 .text.xQueueReceiveFromISR
                0x00000000       0xb8 ./FreeRTOS/efm32gg/queue.o
 .text.xQueuePeekFromISR
                0x00000000       0x84 ./FreeRTOS/efm32gg/queue.o
 .text.uxQueueMessagesWaiting
                0x00000000       0x24 ./FreeRTOS/efm32gg/queue.o
 .text.uxQueueSpacesAvailable
                0x00000000       0x28 ./FreeRTOS/efm32gg/queue.o
 .text.uxQueueMessagesWaitingFromISR
                0x00000000       0x1c ./FreeRTOS/efm32gg/queue.o
 .text.vQueueDelete
                0x00000000       0xa0 ./FreeRTOS/efm32gg/queue.o
 .text.xQueueIsQueueEmptyFromISR
                0x00000000       0x20 ./FreeRTOS/efm32gg/queue.o
 .text.xQueueIsQueueFullFromISR
                0x00000000       0x24 ./FreeRTOS/efm32gg/queue.o
 .text.pcQueueGetName
                0x00000000       0x74 ./FreeRTOS/efm32gg/queue.o
 .text.vQueueUnregisterQueue
                0x00000000       0x78 ./FreeRTOS/efm32gg/queue.o
 .text          0x00000000        0x0 ./FreeRTOS/efm32gg/tasks.o
 .data          0x00000000        0x0 ./FreeRTOS/efm32gg/tasks.o
 .bss           0x00000000        0x0 ./FreeRTOS/efm32gg/tasks.o
 .text.vTaskDelete
                0x00000000      0x108 ./FreeRTOS/efm32gg/tasks.o
 .text.uxTaskPriorityGet
                0x00000000       0x28 ./FreeRTOS/efm32gg/tasks.o
 .text.uxTaskPriorityGetFromISR
                0x00000000       0x38 ./FreeRTOS/efm32gg/tasks.o
 .text.vTaskPrioritySet
                0x00000000       0xf0 ./FreeRTOS/efm32gg/tasks.o
 .text.vTaskSuspend
                0x00000000      0x150 ./FreeRTOS/efm32gg/tasks.o
 .text.vTaskResume
                0x00000000       0xa8 ./FreeRTOS/efm32gg/tasks.o
 .text.xTaskResumeFromISR
                0x00000000       0xd4 ./FreeRTOS/efm32gg/tasks.o
 .text.vTaskEndScheduler
                0x00000000       0x20 ./FreeRTOS/efm32gg/tasks.o
 .text.xTaskGetTickCountFromISR
                0x00000000       0x10 ./FreeRTOS/efm32gg/tasks.o
 .text.uxTaskGetNumberOfTasks
                0x00000000        0xc ./FreeRTOS/efm32gg/tasks.o
 .text.pcTaskGetName
                0x00000000       0x2c ./FreeRTOS/efm32gg/tasks.o
 .text.vTaskDelayUntil
                0x00000000      0x100 ./FreeRTOS/efm32gg/tasks.o
 .text.vTaskPlaceOnUnorderedEventList
                0x00000000       0xc8 ./FreeRTOS/efm32gg/tasks.o
 .text.xTaskRemoveFromUnorderedEventList
                0x00000000       0x8c ./FreeRTOS/efm32gg/tasks.o
 .text.xTaskGetCurrentTaskHandle
                0x00000000        0xc ./FreeRTOS/efm32gg/tasks.o
 .text.uxTaskResetEventItemValue
                0x00000000       0x18 ./FreeRTOS/efm32gg/tasks.o
 .text.ulTaskNotifyTake
                0x00000000       0xe0 ./FreeRTOS/efm32gg/tasks.o
 .text.xTaskNotifyWait
                0x00000000      0x104 ./FreeRTOS/efm32gg/tasks.o
 .text.xTaskGenericNotify
                0x00000000       0xd0 ./FreeRTOS/efm32gg/tasks.o
 .text.xTaskGenericNotifyFromISR
                0x00000000      0x108 ./FreeRTOS/efm32gg/tasks.o
 .text.vTaskNotifyGiveFromISR
                0x00000000       0xdc ./FreeRTOS/efm32gg/tasks.o
 .text.xTaskNotifyStateClear
                0x00000000       0x30 ./FreeRTOS/efm32gg/tasks.o
 .text          0x00000000        0x0 ./FreeRTOS/efm32gg/timers.o
 .data          0x00000000        0x0 ./FreeRTOS/efm32gg/timers.o
 .bss           0x00000000        0x0 ./FreeRTOS/efm32gg/timers.o
 .text.xTimerCreate
                0x00000000       0xb0 ./FreeRTOS/efm32gg/timers.o
 .text.xTimerGetTimerDaemonTaskHandle
                0x00000000       0x20 ./FreeRTOS/efm32gg/timers.o
 .text.xTimerGetPeriod
                0x00000000       0x1c ./FreeRTOS/efm32gg/timers.o
 .text.xTimerGetExpiryTime
                0x00000000       0x1c ./FreeRTOS/efm32gg/timers.o
 .text.pcTimerGetName
                0x00000000       0x1c ./FreeRTOS/efm32gg/timers.o
 .text.xTimerIsTimerActive
                0x00000000       0x2c ./FreeRTOS/efm32gg/timers.o
 .text.pvTimerGetTimerID
                0x00000000       0x24 ./FreeRTOS/efm32gg/timers.o
 .text.vTimerSetTimerID
                0x00000000       0x34 ./FreeRTOS/efm32gg/timers.o
 .text          0x00000000        0x0 ./emlib/em_assert.o
 .data          0x00000000        0x0 ./emlib/em_assert.o
 .bss           0x00000000        0x0 ./emlib/em_assert.o
 .text          0x00000000        0x0 ./emlib/em_burtc.o
 .data          0x00000000        0x0 ./emlib/em_burtc.o
 .bss           0x00000000        0x0 ./emlib/em_burtc.o
 .text.BURTC_Reset
                0x00000000       0x18 ./emlib/em_burtc.o
 .text.BURTC_ClockFreqGet
                0x00000000       0x4c ./emlib/em_burtc.o
 .text          0x00000000        0x0 ./emlib/em_cmu.o
 .data          0x00000000        0x0 ./emlib/em_cmu.o
 .bss           0x00000000        0x0 ./emlib/em_cmu.o
 .text.CMU_UpdateWaitStates
                0x00000000       0x7c ./emlib/em_cmu.o
 .text.CMU_AUXHFRCOBandGet
                0x00000000       0x10 ./emlib/em_cmu.o
 .text.CMU_AUXHFRCOBandSet
                0x00000000       0x7c ./emlib/em_cmu.o
 .text.CMU_Calibrate
                0x00000000       0x7c ./emlib/em_cmu.o
 .text.CMU_CalibrateConfig
                0x00000000       0xac ./emlib/em_cmu.o
 .text.CMU_CalibrateCountGet
                0x00000000       0x20 ./emlib/em_cmu.o
 .text.CMU_ClockDivGet
                0x00000000      0x104 ./emlib/em_cmu.o
 .text.CMU_ClockDivSet
                0x00000000      0x494 ./emlib/em_cmu.o
 .text.CMU_FreezeEnable
                0x00000000       0x1c ./emlib/em_cmu.o
 .text.CMU_HFRCOBandGet
                0x00000000       0x10 ./emlib/em_cmu.o
 .text.CMU_HFRCOBandSet
                0x00000000      0x270 ./emlib/em_cmu.o
 .text.CMU_HFRCOStartupDelayGet
                0x00000000       0x10 ./emlib/em_cmu.o
 .text.CMU_HFRCOStartupDelaySet
                0x00000000       0x30 ./emlib/em_cmu.o
 .text.CMU_HFXOInit
                0x00000000       0x5c ./emlib/em_cmu.o
 .text.CMU_LCDClkFDIVGet
                0x00000000       0x10 ./emlib/em_cmu.o
 .text.CMU_LCDClkFDIVSet
                0x00000000       0x34 ./emlib/em_cmu.o
 .text.CMU_LFXOInit
                0x00000000       0x60 ./emlib/em_cmu.o
 .text.CMU_OscillatorEnable
                0x00000000       0x84 ./emlib/em_cmu.o
 .text.CMU_OscillatorTuningGet
                0x00000000       0x40 ./emlib/em_cmu.o
 .text.CMU_OscillatorTuningSet
                0x00000000       0x88 ./emlib/em_cmu.o
 .text.CMU_PCNTClockExternalGet
                0x00000000       0x30 ./emlib/em_cmu.o
 .text.CMU_PCNTClockExternalSet
                0x00000000       0x28 ./emlib/em_cmu.o
 .text          0x00000000        0x0 ./emlib/em_core.o
 .data          0x00000000        0x0 ./emlib/em_core.o
 .bss           0x00000000        0x0 ./emlib/em_core.o
 .text.CORE_CriticalDisableIrq
                0x00000000        0x4 ./emlib/em_core.o
 .text.CORE_CriticalEnableIrq
                0x00000000        0x4 ./emlib/em_core.o
 .text.CORE_YieldCritical
                0x00000000       0x10 ./emlib/em_core.o
 .text.CORE_AtomicDisableIrq
                0x00000000        0x4 ./emlib/em_core.o
 .text.CORE_AtomicEnableIrq
                0x00000000        0x4 ./emlib/em_core.o
 .text.CORE_EnterAtomic
                0x00000000        0x8 ./emlib/em_core.o
 .text.CORE_ExitAtomic
                0x00000000        0x8 ./emlib/em_core.o
 .text.CORE_YieldAtomic
                0x00000000       0x10 ./emlib/em_core.o
 .text.CORE_EnterNvicMask
                0x00000000       0x2c ./emlib/em_core.o
 .text.CORE_NvicDisableMask
                0x00000000       0x20 ./emlib/em_core.o
 .text.CORE_NvicEnableMask
                0x00000000       0x20 ./emlib/em_core.o
 .text.CORE_YieldNvicMask
                0x00000000       0x38 ./emlib/em_core.o
 .text.CORE_NvicMaskSetIRQ
                0x00000000       0x30 ./emlib/em_core.o
 .text.CORE_NvicMaskClearIRQ
                0x00000000       0x34 ./emlib/em_core.o
 .text.CORE_InIrqContext
                0x00000000       0x14 ./emlib/em_core.o
 .text.CORE_IrqIsBlocked
                0x00000000       0xc4 ./emlib/em_core.o
 .text.CORE_IrqIsDisabled
                0x00000000        0xc ./emlib/em_core.o
 .text.CORE_GetNvicEnabledMask
                0x00000000       0x20 ./emlib/em_core.o
 .text.CORE_GetNvicMaskDisableState
                0x00000000       0x2c ./emlib/em_core.o
 .text.CORE_NvicIRQDisabled
                0x00000000       0x38 ./emlib/em_core.o
 .text.CORE_GetNvicRamTableHandler
                0x00000000       0x2c ./emlib/em_core.o
 .text.CORE_SetNvicRamTableHandler
                0x00000000       0x30 ./emlib/em_core.o
 .text.CORE_InitNvicVectorTable
                0x00000000       0xcc ./emlib/em_core.o
 .rodata.str1.4
                0x00000000       0x60 ./emlib/em_core.o
 .text          0x00000000        0x0 ./emlib/em_emu.o
 .data          0x00000000        0x0 ./emlib/em_emu.o
 .bss           0x00000000        0x0 ./emlib/em_emu.o
 .text.EMU_Save
                0x00000000       0x24 ./emlib/em_emu.o
 .text.EMU_Restore
                0x00000000       0x58 ./emlib/em_emu.o
 .text.EMU_EnterEM4
                0x00000000       0x30 ./emlib/em_emu.o
 .text.EMU_MemPwrDown
                0x00000000       0x10 ./emlib/em_emu.o
 .text.EMU_RamPowerDown
                0x00000000       0x50 ./emlib/em_emu.o
 .text.EMU_UpdateOscConfig
                0x00000000       0x24 ./emlib/em_emu.o
 .text.EMU_EM23Init
                0x00000000       0x24 ./emlib/em_emu.o
 .text.EMU_EM4Init
                0x00000000       0x2c ./emlib/em_emu.o
 .text.EMU_BUPDInit
                0x00000000       0x70 ./emlib/em_emu.o
 .text.EMU_BUThresholdSet
                0x00000000       0x50 ./emlib/em_emu.o
 .text.EMU_BUThresRangeSet
                0x00000000       0x54 ./emlib/em_emu.o
 .rodata.str1.4
                0x00000000       0x5f ./emlib/em_emu.o
 .text          0x00000000        0x0 ./emlib/em_gpio.o
 .data          0x00000000        0x0 ./emlib/em_gpio.o
 .bss           0x00000000        0x0 ./emlib/em_gpio.o
 .text.GPIO_DbgLocationSet
                0x00000000       0x2c ./emlib/em_gpio.o
 .text.GPIO_DriveModeSet
                0x00000000       0x34 ./emlib/em_gpio.o
 .text.GPIO_ExtIntConfig
                0x00000000       0xa8 ./emlib/em_gpio.o
 .text.GPIO_PinModeGet
                0x00000000       0x54 ./emlib/em_gpio.o
 .text.GPIO_EM4EnablePinWakeup
                0x00000000       0x68 ./emlib/em_gpio.o
 .text          0x00000000        0x0 ./emlib/em_rmu.o
 .data          0x00000000        0x0 ./emlib/em_rmu.o
 .bss           0x00000000        0x0 ./emlib/em_rmu.o
 .text          0x00000000        0x0 ./emlib/em_rtc.o
 .data          0x00000000        0x0 ./emlib/em_rtc.o
 .bss           0x00000000        0x0 ./emlib/em_rtc.o
 .text.RTC_CompareGet
                0x00000000       0x30 ./emlib/em_rtc.o
 .text.RTC_CompareSet
                0x00000000       0x40 ./emlib/em_rtc.o
 .text.RTC_Enable
                0x00000000        0x8 ./emlib/em_rtc.o
 .text.RTC_FreezeEnable
                0x00000000       0x14 ./emlib/em_rtc.o
 .text.RTC_Init
                0x00000000       0x1c ./emlib/em_rtc.o
 .text.RTC_Reset
                0x00000000       0x18 ./emlib/em_rtc.o
 .text.RTC_CounterReset
                0x00000000       0x10 ./emlib/em_rtc.o
 .rodata.str1.4
                0x00000000       0x5f ./emlib/em_rtc.o
 .debug_info    0x00000000      0x485 ./emlib/em_rtc.o
 .debug_abbrev  0x00000000      0x24a ./emlib/em_rtc.o
 .debug_loc     0x00000000       0xe4 ./emlib/em_rtc.o
 .debug_aranges
                0x00000000       0x50 ./emlib/em_rtc.o
 .debug_ranges  0x00000000       0x70 ./emlib/em_rtc.o
 .debug_line    0x00000000      0x39b ./emlib/em_rtc.o
 .debug_str     0x00000000      0x2d2 ./emlib/em_rtc.o
 .comment       0x00000000       0x71 ./emlib/em_rtc.o
 .debug_frame   0x00000000       0x94 ./emlib/em_rtc.o
 .ARM.attributes
                0x00000000       0x33 ./emlib/em_rtc.o
 .text          0x00000000        0x0 ./emlib/em_system.o
 .data          0x00000000        0x0 ./emlib/em_system.o
 .bss           0x00000000        0x0 ./emlib/em_system.o
 .text.SYSTEM_GetCalibrationValue
                0x00000000       0x30 ./emlib/em_system.o
 .text          0x00000000        0x0 ./emlib/em_timer.o
 .data          0x00000000        0x0 ./emlib/em_timer.o
 .bss           0x00000000        0x0 ./emlib/em_timer.o
 .text.TIMER_InitCC
                0x00000000       0xc0 ./emlib/em_timer.o
 .text.TIMER_InitDTI
                0x00000000      0x148 ./emlib/em_timer.o
 .text.TIMER_Reset
                0x00000000       0x78 ./emlib/em_timer.o
 .text          0x00000000        0x0 ./src/low_power_tick_management.o
 .data          0x00000000        0x0 ./src/low_power_tick_management.o
 .bss           0x00000000        0x0 ./src/low_power_tick_management.o
 .text          0x00000000        0x0 ./src/main.o
 .data          0x00000000        0x0 ./src/main.o
 .bss           0x00000000        0x0 ./src/main.o
 .text          0x00000000        0x0 /usr/local/SimplicityStudio_v4/developer/toolchains/gnu_arm/4.9_2015q3/bin/../lib/gcc/arm-none-eabi/4.9.3/../../../../arm-none-eabi/lib/armv7-m/libc_nano.a(lib_a-exit.o)
 .data          0x00000000        0x0 /usr/local/SimplicityStudio_v4/developer/toolchains/gnu_arm/4.9_2015q3/bin/../lib/gcc/arm-none-eabi/4.9.3/../../../../arm-none-eabi/lib/armv7-m/libc_nano.a(lib_a-exit.o)
 .bss           0x00000000        0x0 /usr/local/SimplicityStudio_v4/developer/toolchains/gnu_arm/4.9_2015q3/bin/../lib/gcc/arm-none-eabi/4.9.3/../../../../arm-none-eabi/lib/armv7-m/libc_nano.a(lib_a-exit.o)
 .text          0x00000000        0x0 /usr/local/SimplicityStudio_v4/developer/toolchains/gnu_arm/4.9_2015q3/bin/../lib/gcc/arm-none-eabi/4.9.3/../../../../arm-none-eabi/lib/armv7-m/libc_nano.a(lib_a-impure.o)
 .data          0x00000000        0x0 /usr/local/SimplicityStudio_v4/developer/toolchains/gnu_arm/4.9_2015q3/bin/../lib/gcc/arm-none-eabi/4.9.3/../../../../arm-none-eabi/lib/armv7-m/libc_nano.a(lib_a-impure.o)
 .bss           0x00000000        0x0 /usr/local/SimplicityStudio_v4/developer/toolchains/gnu_arm/4.9_2015q3/bin/../lib/gcc/arm-none-eabi/4.9.3/../../../../arm-none-eabi/lib/armv7-m/libc_nano.a(lib_a-impure.o)
 .data._impure_ptr
                0x00000000        0x4 /usr/local/SimplicityStudio_v4/developer/toolchains/gnu_arm/4.9_2015q3/bin/../lib/gcc/arm-none-eabi/4.9.3/../../../../arm-none-eabi/lib/armv7-m/libc_nano.a(lib_a-impure.o)
 .text          0x00000000        0x0 /usr/local/SimplicityStudio_v4/developer/toolchains/gnu_arm/4.9_2015q3/bin/../lib/gcc/arm-none-eabi/4.9.3/../../../../arm-none-eabi/lib/armv7-m/libc_nano.a(lib_a-init.o)
 .data          0x00000000        0x0 /usr/local/SimplicityStudio_v4/developer/toolchains/gnu_arm/4.9_2015q3/bin/../lib/gcc/arm-none-eabi/4.9.3/../../../../arm-none-eabi/lib/armv7-m/libc_nano.a(lib_a-init.o)
 .bss           0x00000000        0x0 /usr/local/SimplicityStudio_v4/developer/toolchains/gnu_arm/4.9_2015q3/bin/../lib/gcc/arm-none-eabi/4.9.3/../../../../arm-none-eabi/lib/armv7-m/libc_nano.a(lib_a-init.o)
 .text          0x00000000        0x0 /usr/local/SimplicityStudio_v4/developer/toolchains/gnu_arm/4.9_2015q3/bin/../lib/gcc/arm-none-eabi/4.9.3/../../../../arm-none-eabi/lib/armv7-m/libc_nano.a(lib_a-memcpy.o)
 .data          0x00000000        0x0 /usr/local/SimplicityStudio_v4/developer/toolchains/gnu_arm/4.9_2015q3/bin/../lib/gcc/arm-none-eabi/4.9.3/../../../../arm-none-eabi/lib/armv7-m/libc_nano.a(lib_a-memcpy.o)
 .bss           0x00000000        0x0 /usr/local/SimplicityStudio_v4/developer/toolchains/gnu_arm/4.9_2015q3/bin/../lib/gcc/arm-none-eabi/4.9.3/../../../../arm-none-eabi/lib/armv7-m/libc_nano.a(lib_a-memcpy.o)
 .text          0x00000000        0x0 /usr/local/SimplicityStudio_v4/developer/toolchains/gnu_arm/4.9_2015q3/bin/../lib/gcc/arm-none-eabi/4.9.3/../../../../arm-none-eabi/lib/armv7-m/libc_nano.a(lib_a-memset.o)
 .data          0x00000000        0x0 /usr/local/SimplicityStudio_v4/developer/toolchains/gnu_arm/4.9_2015q3/bin/../lib/gcc/arm-none-eabi/4.9.3/../../../../arm-none-eabi/lib/armv7-m/libc_nano.a(lib_a-memset.o)
 .bss           0x00000000        0x0 /usr/local/SimplicityStudio_v4/developer/toolchains/gnu_arm/4.9_2015q3/bin/../lib/gcc/arm-none-eabi/4.9.3/../../../../arm-none-eabi/lib/armv7-m/libc_nano.a(lib_a-memset.o)
 .text          0x00000000        0x0 /usr/local/SimplicityStudio_v4/developer/toolchains/gnu_arm/4.9_2015q3/bin/../lib/gcc/arm-none-eabi/4.9.3/../../../../arm-none-eabi/lib/armv7-m/libnosys.a(_exit.o)
 .data          0x00000000        0x0 /usr/local/SimplicityStudio_v4/developer/toolchains/gnu_arm/4.9_2015q3/bin/../lib/gcc/arm-none-eabi/4.9.3/../../../../arm-none-eabi/lib/armv7-m/libnosys.a(_exit.o)
 .bss           0x00000000        0x0 /usr/local/SimplicityStudio_v4/developer/toolchains/gnu_arm/4.9_2015q3/bin/../lib/gcc/arm-none-eabi/4.9.3/../../../../arm-none-eabi/lib/armv7-m/libnosys.a(_exit.o)
 .text          0x00000000        0x0 /usr/local/SimplicityStudio_v4/developer/toolchains/gnu_arm/4.9_2015q3/bin/../lib/gcc/arm-none-eabi/4.9.3/armv7-m/crtend.o
 .data          0x00000000        0x0 /usr/local/SimplicityStudio_v4/developer/toolchains/gnu_arm/4.9_2015q3/bin/../lib/gcc/arm-none-eabi/4.9.3/armv7-m/crtend.o
 .bss           0x00000000        0x0 /usr/local/SimplicityStudio_v4/developer/toolchains/gnu_arm/4.9_2015q3/bin/../lib/gcc/arm-none-eabi/4.9.3/armv7-m/crtend.o
 .text          0x00000000        0x0 /usr/local/SimplicityStudio_v4/developer/toolchains/gnu_arm/4.9_2015q3/bin/../lib/gcc/arm-none-eabi/4.9.3/armv7-m/crtn.o
 .data          0x00000000        0x0 /usr/local/SimplicityStudio_v4/developer/toolchains/gnu_arm/4.9_2015q3/bin/../lib/gcc/arm-none-eabi/4.9.3/armv7-m/crtn.o
 .bss           0x00000000        0x0 /usr/local/SimplicityStudio_v4/developer/toolchains/gnu_arm/4.9_2015q3/bin/../lib/gcc/arm-none-eabi/4.9.3/armv7-m/crtn.o

Memory Configuration

Name             Origin             Length             Attributes
FLASH            0x00000000         0x00100000         xr
RAM              0x20000000         0x00020000         xrw
*default*        0x00000000         0xffffffff

Linker script and memory map

LOAD /usr/local/SimplicityStudio_v4/developer/toolchains/gnu_arm/4.9_2015q3/bin/../lib/gcc/arm-none-eabi/4.9.3/armv7-m/crti.o
LOAD /usr/local/SimplicityStudio_v4/developer/toolchains/gnu_arm/4.9_2015q3/bin/../lib/gcc/arm-none-eabi/4.9.3/armv7-m/crtbegin.o
LOAD /usr/local/SimplicityStudio_v4/developer/toolchains/gnu_arm/4.9_2015q3/bin/../lib/gcc/arm-none-eabi/4.9.3/../../../../arm-none-eabi/lib/armv7-m/crt0.o
LOAD ./BSP/bsp_stk_leds.o
LOAD ./BSP/bsp_trace.o
LOAD ./CMSIS/EFM32GG/startup_efm32gg.o
LOAD ./CMSIS/EFM32GG/system_efm32gg.o
LOAD ./Drivers/sleep.o
LOAD ./FreeRTOS/efm32gg/croutine.o
LOAD ./FreeRTOS/efm32gg/event_groups.o
LOAD ./FreeRTOS/efm32gg/heap_1.o
LOAD ./FreeRTOS/efm32gg/list.o
LOAD ./FreeRTOS/efm32gg/port.o
LOAD ./FreeRTOS/efm32gg/queue.o
LOAD ./FreeRTOS/efm32gg/tasks.o
LOAD ./FreeRTOS/efm32gg/timers.o
LOAD ./emlib/em_assert.o
LOAD ./emlib/em_burtc.o
LOAD ./emlib/em_cmu.o
LOAD ./emlib/em_core.o
LOAD ./emlib/em_emu.o
LOAD ./emlib/em_gpio.o
LOAD ./emlib/em_rmu.o
LOAD ./emlib/em_rtc.o
LOAD ./emlib/em_system.o
LOAD ./emlib/em_timer.o
LOAD ./src/low_power_tick_management.o
LOAD ./src/main.o
START GROUP
LOAD /usr/local/SimplicityStudio_v4/developer/toolchains/gnu_arm/4.9_2015q3/bin/../lib/gcc/arm-none-eabi/4.9.3/armv7-m/libgcc.a
LOAD /usr/local/SimplicityStudio_v4/developer/toolchains/gnu_arm/4.9_2015q3/bin/../lib/gcc/arm-none-eabi/4.9.3/../../../../arm-none-eabi/lib/armv7-m/libc_nano.a
LOAD /usr/local/SimplicityStudio_v4/developer/toolchains/gnu_arm/4.9_2015q3/bin/../lib/gcc/arm-none-eabi/4.9.3/../../../../arm-none-eabi/lib/armv7-m/libnosys.a
END GROUP
START GROUP
LOAD /usr/local/SimplicityStudio_v4/developer/toolchains/gnu_arm/4.9_2015q3/bin/../lib/gcc/arm-none-eabi/4.9.3/armv7-m/libgcc.a
LOAD /usr/local/SimplicityStudio_v4/developer/toolchains/gnu_arm/4.9_2015q3/bin/../lib/gcc/arm-none-eabi/4.9.3/../../../../arm-none-eabi/lib/armv7-m/libg_nano.a
LOAD /usr/local/SimplicityStudio_v4/developer/toolchains/gnu_arm/4.9_2015q3/bin/../lib/gcc/arm-none-eabi/4.9.3/../../../../arm-none-eabi/lib/armv7-m/libc_nano.a
END GROUP
START GROUP
LOAD /usr/local/SimplicityStudio_v4/developer/toolchains/gnu_arm/4.9_2015q3/bin/../lib/gcc/arm-none-eabi/4.9.3/armv7-m/libgcc.a
LOAD /usr/local/SimplicityStudio_v4/developer/toolchains/gnu_arm/4.9_2015q3/bin/../lib/gcc/arm-none-eabi/4.9.3/../../../../arm-none-eabi/lib/armv7-m/libc_nano.a
END GROUP
LOAD /usr/local/SimplicityStudio_v4/developer/toolchains/gnu_arm/4.9_2015q3/bin/../lib/gcc/arm-none-eabi/4.9.3/armv7-m/crtend.o
LOAD /usr/local/SimplicityStudio_v4/developer/toolchains/gnu_arm/4.9_2015q3/bin/../lib/gcc/arm-none-eabi/4.9.3/armv7-m/crtn.o

.text           0x00000000     0x3f34
 *(.vectors)
 .vectors       0x00000000       0xdc ./CMSIS/EFM32GG/startup_efm32gg.o
                0x00000000                __Vectors
                0x000000dc                __Vectors_End = .
                0x000000dc                __Vectors_Size = (__Vectors_End - __Vectors)
                0x000000dc                __end__ = .
 *(.text*)
 .text          0x000000dc       0x5c /usr/local/SimplicityStudio_v4/developer/toolchains/gnu_arm/4.9_2015q3/bin/../lib/gcc/arm-none-eabi/4.9.3/armv7-m/crtbegin.o
 .text          0x00000138       0x74 /usr/local/SimplicityStudio_v4/developer/toolchains/gnu_arm/4.9_2015q3/bin/../lib/gcc/arm-none-eabi/4.9.3/../../../../arm-none-eabi/lib/armv7-m/crt0.o
                0x00000138                _mainCRTStartup
                0x00000138                _start
 .text.BSP_LedsInit
                0x000001ac       0x38 ./BSP/bsp_stk_leds.o
                0x000001ac                BSP_LedsInit
 .text.BSP_LedSet
                0x000001e4       0x5c ./BSP/bsp_stk_leds.o
                0x000001e4                BSP_LedSet
 .text.BSP_LedToggle
                0x00000240       0x5c ./BSP/bsp_stk_leds.o
                0x00000240                BSP_LedToggle
 .text.BSP_TraceSwoSetup
                0x0000029c       0xd4 ./BSP/bsp_trace.o
                0x0000029c                BSP_TraceSwoSetup
 .text.BSP_TraceProfilerSetup
                0x00000370       0x14 ./BSP/bsp_trace.o
                0x00000370                BSP_TraceProfilerSetup
 .text          0x00000384       0x30 ./CMSIS/EFM32GG/startup_efm32gg.o
                0x00000384                Reset_Handler
                0x000003b0                TIMER2_IRQHandler
                0x000003b0                DebugMon_Handler
                0x000003b0                USART0_TX_IRQHandler
                0x000003b0                I2C0_IRQHandler
                0x000003b0                HardFault_Handler
                0x000003b0                LEUART1_IRQHandler
                0x000003b0                USART1_RX_IRQHandler
                0x000003b0                NMI_Handler
                0x000003b0                I2C1_IRQHandler
                0x000003b0                TIMER3_IRQHandler
                0x000003b0                USART1_TX_IRQHandler
                0x000003b0                MSC_IRQHandler
                0x000003b0                ADC0_IRQHandler
                0x000003b0                UsageFault_Handler
                0x000003b0                LEUART0_IRQHandler
                0x000003b0                GPIO_EVEN_IRQHandler
                0x000003b0                UART0_TX_IRQHandler
                0x000003b0                UART1_TX_IRQHandler
                0x000003b0                RTC_IRQHandler
                0x000003b0                LCD_IRQHandler
                0x000003b0                PCNT2_IRQHandler
                0x000003b0                UART0_RX_IRQHandler
                0x000003b0                LETIMER0_IRQHandler
                0x000003b0                TIMER1_IRQHandler
                0x000003b0                USART2_RX_IRQHandler
                0x000003b0                Default_Handler
                0x000003b0                EMU_IRQHandler
                0x000003b0                PCNT0_IRQHandler
                0x000003b0                USB_IRQHandler
                0x000003b0                PCNT1_IRQHandler
                0x000003b0                ACMP0_IRQHandler
                0x000003b0                USART0_RX_IRQHandler
                0x000003b0                MemManage_Handler
                0x000003b0                DAC0_IRQHandler
                0x000003b0                UART1_RX_IRQHandler
                0x000003b0                CMU_IRQHandler
                0x000003b0                EBI_IRQHandler
                0x000003b0                LESENSE_IRQHandler
                0x000003b0                GPIO_ODD_IRQHandler
                0x000003b0                AES_IRQHandler
                0x000003b0                VCMP_IRQHandler
                0x000003b0                DMA_IRQHandler
                0x000003b0                BusFault_Handler
                0x000003b0                USART2_TX_IRQHandler
 .text.SystemCoreClockGet
                0x000003b4       0xdc ./CMSIS/EFM32GG/system_efm32gg.o
                0x000003b4                SystemCoreClockGet
 .text.SystemMaxCoreClockGet
                0x00000490        0x8 ./CMSIS/EFM32GG/system_efm32gg.o
                0x00000490                SystemMaxCoreClockGet
 .text.SystemHFClockGet
                0x00000498       0xd0 ./CMSIS/EFM32GG/system_efm32gg.o
                0x00000498                SystemHFClockGet
 .text.SystemHFXOClockGet
                0x00000568        0xc ./CMSIS/EFM32GG/system_efm32gg.o
                0x00000568                SystemHFXOClockGet
 .text.SystemInit
                0x00000574        0x4 ./CMSIS/EFM32GG/system_efm32gg.o
                0x00000574                SystemInit
 .text.SystemLFRCOClockGet
                0x00000578        0x8 ./CMSIS/EFM32GG/system_efm32gg.o
                0x00000578                SystemLFRCOClockGet
 .text.SystemULFRCOClockGet
                0x00000580        0x8 ./CMSIS/EFM32GG/system_efm32gg.o
                0x00000580                SystemULFRCOClockGet
 .text.SystemLFXOClockGet
                0x00000588        0xc ./CMSIS/EFM32GG/system_efm32gg.o
                0x00000588                SystemLFXOClockGet
 .text.SLEEP_Init
                0x00000594       0x3c ./Drivers/sleep.o
                0x00000594                SLEEP_Init
 .text.SLEEP_Sleep
                0x000005d0       0x78 ./Drivers/sleep.o
                0x000005d0                SLEEP_Sleep
 .text.pvPortMalloc
                0x00000648       0x58 ./FreeRTOS/efm32gg/heap_1.o
                0x00000648                pvPortMalloc
 .text.vPortFree
                0x000006a0       0x10 ./FreeRTOS/efm32gg/heap_1.o
                0x000006a0                vPortFree
 .text.vListInitialise
                0x000006b0       0x18 ./FreeRTOS/efm32gg/list.o
                0x000006b0                vListInitialise
 .text.vListInitialiseItem
                0x000006c8        0x8 ./FreeRTOS/efm32gg/list.o
                0x000006c8                vListInitialiseItem
 .text.vListInsertEnd
                0x000006d0       0x20 ./FreeRTOS/efm32gg/list.o
                0x000006d0                vListInsertEnd
 .text.vListInsert
                0x000006f0       0x34 ./FreeRTOS/efm32gg/list.o
                0x000006f0                vListInsert
 .text.uxListRemove
                0x00000724       0x28 ./FreeRTOS/efm32gg/list.o
                0x00000724                uxListRemove
 .text.prvPortStartFirstTask
                0x0000074c       0x20 ./FreeRTOS/efm32gg/port.o
 .text.prvTaskExitError
                0x0000076c       0x2c ./FreeRTOS/efm32gg/port.o
 .text.pxPortInitialiseStack
                0x00000798       0x24 ./FreeRTOS/efm32gg/port.o
                0x00000798                pxPortInitialiseStack
 *fill*         0x000007bc        0x4 
 .text.SVC_Handler
                0x000007c0       0x24 ./FreeRTOS/efm32gg/port.o
                0x000007c0                SVC_Handler
 .text.vPortEnterCritical
                0x000007e4       0x40 ./FreeRTOS/efm32gg/port.o
                0x000007e4                vPortEnterCritical
 .text.vPortExitCritical
                0x00000824       0x2c ./FreeRTOS/efm32gg/port.o
                0x00000824                vPortExitCritical
 .text.PendSV_Handler
                0x00000850       0x44 ./FreeRTOS/efm32gg/port.o
                0x00000850                PendSV_Handler
 .text.SysTick_Handler
                0x00000894       0x2c ./FreeRTOS/efm32gg/port.o
                0x00000894                SysTick_Handler
 .text.xPortStartScheduler
                0x000008c0       0x98 ./FreeRTOS/efm32gg/port.o
                0x000008c0                xPortStartScheduler
 .text.vPortValidateInterruptPriority
                0x00000958       0x58 ./FreeRTOS/efm32gg/port.o
                0x00000958                vPortValidateInterruptPriority
 .text.xQueueGenericCreate
                0x000009b0       0x84 ./FreeRTOS/efm32gg/queue.o
                0x000009b0                xQueueGenericCreate
 .text.xQueueGenericSend
                0x00000a34      0x40c ./FreeRTOS/efm32gg/queue.o
                0x00000a34                xQueueGenericSend
 .text.xQueueGenericSendFromISR
                0x00000e40      0x138 ./FreeRTOS/efm32gg/queue.o
                0x00000e40                xQueueGenericSendFromISR
 .text.xQueueGenericReceive
                0x00000f78      0x3c0 ./FreeRTOS/efm32gg/queue.o
                0x00000f78                xQueueGenericReceive
 .text.vQueueAddToRegistry
                0x00001338       0x68 ./FreeRTOS/efm32gg/queue.o
                0x00001338                vQueueAddToRegistry
 .text.vQueueWaitForMessageRestricted
                0x000013a0       0xd0 ./FreeRTOS/efm32gg/queue.o
                0x000013a0                vQueueWaitForMessageRestricted
 .text.xTaskCreate
                0x00001470      0x20c ./FreeRTOS/efm32gg/tasks.o
                0x00001470                xTaskCreate
 .text.vTaskStartScheduler
                0x0000167c      0x208 ./FreeRTOS/efm32gg/tasks.o
                0x0000167c                vTaskStartScheduler
 .text.vTaskSuspendAll
                0x00001884       0x10 ./FreeRTOS/efm32gg/tasks.o
                0x00001884                vTaskSuspendAll
 .text.xTaskGetTickCount
                0x00001894        0xc ./FreeRTOS/efm32gg/tasks.o
                0x00001894                xTaskGetTickCount
 .text.xTaskIncrementTick
                0x000018a0      0x168 ./FreeRTOS/efm32gg/tasks.o
                0x000018a0                xTaskIncrementTick
 .text.xTaskResumeAll
                0x00001a08      0x130 ./FreeRTOS/efm32gg/tasks.o
                0x00001a08                xTaskResumeAll
 .text.vTaskDelay
                0x00001b38       0xb4 ./FreeRTOS/efm32gg/tasks.o
                0x00001b38                vTaskDelay
 .text.prvIdleTask
                0x00001bec       0x7c ./FreeRTOS/efm32gg/tasks.o
 .text.vTaskSwitchContext
                0x00001c68       0x74 ./FreeRTOS/efm32gg/tasks.o
                0x00001c68                vTaskSwitchContext
 .text.vTaskPlaceOnEventList
                0x00001cdc       0xa8 ./FreeRTOS/efm32gg/tasks.o
                0x00001cdc                vTaskPlaceOnEventList
 .text.vTaskPlaceOnEventListRestricted
                0x00001d84       0xc0 ./FreeRTOS/efm32gg/tasks.o
                0x00001d84                vTaskPlaceOnEventListRestricted
 .text.xTaskRemoveFromEventList
                0x00001e44       0x88 ./FreeRTOS/efm32gg/tasks.o
                0x00001e44                xTaskRemoveFromEventList
 .text.vTaskSetTimeOutState
                0x00001ecc       0x2c ./FreeRTOS/efm32gg/tasks.o
                0x00001ecc                vTaskSetTimeOutState
 .text.xTaskCheckForTimeOut
                0x00001ef8       0x78 ./FreeRTOS/efm32gg/tasks.o
                0x00001ef8                xTaskCheckForTimeOut
 .text.vTaskMissedYield
                0x00001f70        0xc ./FreeRTOS/efm32gg/tasks.o
                0x00001f70                vTaskMissedYield
 .text.xTaskGetSchedulerState
                0x00001f7c       0x20 ./FreeRTOS/efm32gg/tasks.o
                0x00001f7c                xTaskGetSchedulerState
 .text.vTaskPriorityInherit
                0x00001f9c       0xa0 ./FreeRTOS/efm32gg/tasks.o
                0x00001f9c                vTaskPriorityInherit
 .text.xTaskPriorityDisinherit
                0x0000203c       0xb4 ./FreeRTOS/efm32gg/tasks.o
                0x0000203c                xTaskPriorityDisinherit
 .text.pvTaskIncrementMutexHeldCount
                0x000020f0       0x18 ./FreeRTOS/efm32gg/tasks.o
                0x000020f0                pvTaskIncrementMutexHeldCount
 .text.prvSwitchTimerLists
                0x00002108       0xa0 ./FreeRTOS/efm32gg/timers.o
 .text.xTimerCreateTimerTask
                0x000021a8       0x9c ./FreeRTOS/efm32gg/timers.o
                0x000021a8                xTimerCreateTimerTask
 .text.xTimerGenericCommand
                0x00002244       0x6c ./FreeRTOS/efm32gg/timers.o
                0x00002244                xTimerGenericCommand
 .text.prvTimerTask
                0x000022b0      0x248 ./FreeRTOS/efm32gg/timers.o
 .text.assertEFM
                0x000024f8        0x4 ./emlib/em_assert.o
                0x000024f8                assertEFM
 .text.BURTC_Init
                0x000024fc      0x10c ./emlib/em_burtc.o
                0x000024fc                BURTC_Init
 .text.BURTC_CompareSet
                0x00002608       0x34 ./emlib/em_burtc.o
                0x00002608                BURTC_CompareSet
 .text.BURTC_CompareGet
                0x0000263c       0x1c ./emlib/em_burtc.o
                0x0000263c                BURTC_CompareGet
 .text.BURTC_CounterReset
                0x00002658       0x10 ./emlib/em_burtc.o
                0x00002658                BURTC_CounterReset
 .text.setHfLeConfig
                0x00002668       0xf4 ./emlib/em_cmu.o
 .text.lfClkGet
                0x0000275c      0x1b4 ./emlib/em_cmu.o
 .text.CMU_ClockSelectGet
                0x00002910       0xd8 ./emlib/em_cmu.o
                0x00002910                CMU_ClockSelectGet
 .text.CMU_ClockFreqGet
                0x000029e8      0x22c ./emlib/em_cmu.o
                0x000029e8                CMU_ClockFreqGet
 .text.CMU_ClockEnable
                0x00002c14       0x9c ./emlib/em_cmu.o
                0x00002c14                CMU_ClockEnable
 .text.CMU_ClockSelectSet
                0x00002cb0      0x3cc ./emlib/em_cmu.o
                0x00002cb0                CMU_ClockSelectSet
 .text.CORE_EnterCritical
                0x0000307c        0x8 ./emlib/em_core.o
                0x0000307c                CORE_EnterCritical
 .text.CORE_ExitCritical
                0x00003084        0x8 ./emlib/em_core.o
                0x00003084                CORE_ExitCritical
 .text.EMU_EnterEM2
                0x0000308c       0xf0 ./emlib/em_emu.o
                0x0000308c                EMU_EnterEM2
 .text.EMU_EnterEM3
                0x0000317c      0x110 ./emlib/em_emu.o
                0x0000317c                EMU_EnterEM3
 .text.GPIO_PinModeSet
                0x0000328c      0x184 ./emlib/em_gpio.o
                0x0000328c                GPIO_PinModeSet
 .text.RMU_ResetControl
                0x00003410       0x1c ./emlib/em_rmu.o
                0x00003410                RMU_ResetControl
 .text.RMU_ResetCauseClear
                0x0000342c       0x3c ./emlib/em_rmu.o
                0x0000342c                RMU_ResetCauseClear
 .text.RMU_ResetCauseGet
                0x00003468       0xf4 ./emlib/em_rmu.o
                0x00003468                RMU_ResetCauseGet
 .text.SYSTEM_ChipRevisionGet
                0x0000355c       0x48 ./emlib/em_system.o
                0x0000355c                SYSTEM_ChipRevisionGet
 .text.TIMER_Init
                0x000035a4       0xf4 ./emlib/em_timer.o
                0x000035a4                TIMER_Init
 .text.vApplicationIdleHook
                0x00003698        0x4 ./src/low_power_tick_management.o
                0x00003698                vApplicationIdleHook
 .text.BURTC_IRQHandler
                0x0000369c       0x7c ./src/low_power_tick_management.o
                0x0000369c                BURTC_IRQHandler
 .text.vPortSetupTimerInterrupt
                0x00003718       0x80 ./src/low_power_tick_management.o
                0x00003718                vPortSetupTimerInterrupt
 .text.TimerInit
                0x00003798       0x30 ./src/main.o
                0x00003798                TimerInit
 .text.LedBlink
                0x000037c8       0x20 ./src/main.o
 .text.TIMER0_IRQHandler
                0x000037e8       0x18 ./src/main.o
                0x000037e8                TIMER0_IRQHandler
 .text.startup.main
                0x00003800       0xa8 ./src/main.o
                0x00003800                main
 .text.exit     0x000038a8       0x28 /usr/local/SimplicityStudio_v4/developer/toolchains/gnu_arm/4.9_2015q3/bin/../lib/gcc/arm-none-eabi/4.9.3/../../../../arm-none-eabi/lib/armv7-m/libc_nano.a(lib_a-exit.o)
                0x000038a8                exit
 .text.__libc_init_array
                0x000038d0       0x4c /usr/local/SimplicityStudio_v4/developer/toolchains/gnu_arm/4.9_2015q3/bin/../lib/gcc/arm-none-eabi/4.9.3/../../../../arm-none-eabi/lib/armv7-m/libc_nano.a(lib_a-init.o)
                0x000038d0                __libc_init_array
 .text.memcpy   0x0000391c       0x16 /usr/local/SimplicityStudio_v4/developer/toolchains/gnu_arm/4.9_2015q3/bin/../lib/gcc/arm-none-eabi/4.9.3/../../../../arm-none-eabi/lib/armv7-m/libc_nano.a(lib_a-memcpy.o)
                0x0000391c                memcpy
 .text.memset   0x00003932       0x10 /usr/local/SimplicityStudio_v4/developer/toolchains/gnu_arm/4.9_2015q3/bin/../lib/gcc/arm-none-eabi/4.9.3/../../../../arm-none-eabi/lib/armv7-m/libc_nano.a(lib_a-memset.o)
                0x00003932                memset
 *fill*         0x00003942        0x2 
 .text._exit    0x00003944        0x4 /usr/local/SimplicityStudio_v4/developer/toolchains/gnu_arm/4.9_2015q3/bin/../lib/gcc/arm-none-eabi/4.9.3/../../../../arm-none-eabi/lib/armv7-m/libnosys.a(_exit.o)
                0x00003944                _exit
 *(.init)
 .init          0x00003948        0x4 /usr/local/SimplicityStudio_v4/developer/toolchains/gnu_arm/4.9_2015q3/bin/../lib/gcc/arm-none-eabi/4.9.3/armv7-m/crti.o
                0x00003948                _init
 .init          0x0000394c        0x8 /usr/local/SimplicityStudio_v4/developer/toolchains/gnu_arm/4.9_2015q3/bin/../lib/gcc/arm-none-eabi/4.9.3/armv7-m/crtn.o
 *(.fini)
 .fini          0x00003954        0x4 /usr/local/SimplicityStudio_v4/developer/toolchains/gnu_arm/4.9_2015q3/bin/../lib/gcc/arm-none-eabi/4.9.3/armv7-m/crti.o
                0x00003954                _fini
 .fini          0x00003958        0x8 /usr/local/SimplicityStudio_v4/developer/toolchains/gnu_arm/4.9_2015q3/bin/../lib/gcc/arm-none-eabi/4.9.3/armv7-m/crtn.o
 *crtbegin.o(.ctors)
 *crtbegin?.o(.ctors)
 *(EXCLUDE_FILE(*crtend.o *crtend?.o) .ctors)
 *(SORT(.ctors.*))
 *(.ctors)
 *crtbegin.o(.dtors)
 *crtbegin?.o(.dtors)
 *(EXCLUDE_FILE(*crtend.o *crtend?.o) .dtors)
 *(SORT(.dtors.*))
 *(.dtors)
 *(.rodata*)
 .rodata.str1.4
                0x00003960       0x61 ./BSP/bsp_stk_leds.o
 *fill*         0x000039c1        0x3 
 .rodata.ledArray
                0x000039c4       0x10 ./BSP/bsp_stk_leds.o
 .rodata.str1.4
                0x000039d4       0x7e ./FreeRTOS/efm32gg/heap_1.o
 *fill*         0x00003a52        0x2 
 .rodata.str1.4
                0x00003a54       0x80 ./FreeRTOS/efm32gg/port.o
 .rodata.str1.4
                0x00003ad4       0x6c ./FreeRTOS/efm32gg/queue.o
 .rodata.str1.4
                0x00003b40       0x6c ./FreeRTOS/efm32gg/tasks.o
 .rodata.str1.4
                0x00003bac       0x80 ./FreeRTOS/efm32gg/timers.o
 .rodata.str1.4
                0x00003c2c       0xc6 ./emlib/em_burtc.o
 *fill*         0x00003cf2        0x2 
 .rodata.str1.4
                0x00003cf4       0xc0 ./emlib/em_cmu.o
 .rodata.str1.4
                0x00003db4       0x60 ./emlib/em_gpio.o
                                 0xc1 (size before relaxing)
 .rodata.str1.4
                0x00003e14       0x62 ./emlib/em_system.o
 *fill*         0x00003e76        0x2 
 .rodata.str1.4
                0x00003e78       0x76 ./emlib/em_timer.o
 *fill*         0x00003eee        0x2 
 .rodata        0x00003ef0       0x14 ./src/low_power_tick_management.o
 .rodata.str1.4
                0x00000000       0x62 ./src/low_power_tick_management.o
 .rodata.str1.4
                0x00003f04       0x24 ./src/main.o
                                 0x22 (size before relaxing)
 .rodata.str1.1
                0x00003f28        0x2 /usr/local/SimplicityStudio_v4/developer/toolchains/gnu_arm/4.9_2015q3/bin/../lib/gcc/arm-none-eabi/4.9.3/../../../../arm-none-eabi/lib/armv7-m/libc_nano.a(lib_a-impure.o)
 *fill*         0x00003f2a        0x2 
 .rodata._global_impure_ptr
                0x00003f2c        0x4 /usr/local/SimplicityStudio_v4/developer/toolchains/gnu_arm/4.9_2015q3/bin/../lib/gcc/arm-none-eabi/4.9.3/../../../../arm-none-eabi/lib/armv7-m/libc_nano.a(lib_a-impure.o)
                0x00003f2c                _global_impure_ptr
 *(.eh_frame*)
 .eh_frame      0x00003f30        0x0 /usr/local/SimplicityStudio_v4/developer/toolchains/gnu_arm/4.9_2015q3/bin/../lib/gcc/arm-none-eabi/4.9.3/armv7-m/crtbegin.o
 .eh_frame      0x00003f30        0x4 /usr/local/SimplicityStudio_v4/developer/toolchains/gnu_arm/4.9_2015q3/bin/../lib/gcc/arm-none-eabi/4.9.3/armv7-m/crtend.o

.glue_7         0x00003f34        0x0
 .glue_7        0x00000000        0x0 linker stubs

.glue_7t        0x00003f34        0x0
 .glue_7t       0x00000000        0x0 linker stubs

.vfp11_veneer   0x00003f34        0x0
 .vfp11_veneer  0x00000000        0x0 linker stubs

.v4_bx          0x00003f34        0x0
 .v4_bx         0x00000000        0x0 linker stubs

.iplt           0x00003f34        0x0
 .iplt          0x00000000        0x0 /usr/local/SimplicityStudio_v4/developer/toolchains/gnu_arm/4.9_2015q3/bin/../lib/gcc/arm-none-eabi/4.9.3/armv7-m/crtbegin.o

.ARM.extab
 *(.ARM.extab* .gnu.linkonce.armextab.*)
                0x00003f34                __exidx_start = .

.ARM.exidx      0x00003f34        0x8
 *(.ARM.exidx* .gnu.linkonce.armexidx.*)
 .ARM.exidx     0x00003f34        0x8 /usr/local/SimplicityStudio_v4/developer/toolchains/gnu_arm/4.9_2015q3/bin/../lib/gcc/arm-none-eabi/4.9.3/../../../../arm-none-eabi/lib/armv7-m/crt0.o
                0x00003f3c                __exidx_end = .
                0x00003f3c                __etext = .

.rel.dyn        0x00003f3c        0x0
 .rel.iplt      0x00000000        0x0 /usr/local/SimplicityStudio_v4/developer/toolchains/gnu_arm/4.9_2015q3/bin/../lib/gcc/arm-none-eabi/4.9.3/armv7-m/crtbegin.o

.data           0x20000000       0x8c load address 0x00003f3c
                0x20000000                __data_start__ = .
 *(vtable)
 *(.data*)
 .data.SystemLFXOClock
                0x20000000        0x4 ./CMSIS/EFM32GG/system_efm32gg.o
 .data.SystemHFXOClock
                0x20000004        0x4 ./CMSIS/EFM32GG/system_efm32gg.o
 .data.SystemCoreClock
                0x20000008        0x4 ./CMSIS/EFM32GG/system_efm32gg.o
                0x20000008                SystemCoreClock
 .data.uxCriticalNesting
                0x2000000c        0x4 ./FreeRTOS/efm32gg/port.o
 .data.parametersToTask1.7777
                0x20000010        0x8 ./src/main.o
 .data.parametersToTask2.7778
                0x20000018        0x8 ./src/main.o
 .data.impure_data
                0x20000020       0x60 /usr/local/SimplicityStudio_v4/developer/toolchains/gnu_arm/4.9_2015q3/bin/../lib/gcc/arm-none-eabi/4.9.3/../../../../arm-none-eabi/lib/armv7-m/libc_nano.a(lib_a-impure.o)
                0x20000080                . = ALIGN (0x4)
 *(.ram)
                0x20000080                . = ALIGN (0x4)
                0x20000080                PROVIDE (__preinit_array_start, .)
 *(.preinit_array)
                0x20000080                PROVIDE (__preinit_array_end, .)
                0x20000080                . = ALIGN (0x4)
                0x20000080                PROVIDE (__init_array_start, .)
 *(SORT(.init_array.*))
 *(.init_array)
 .init_array    0x20000080        0x4 /usr/local/SimplicityStudio_v4/developer/toolchains/gnu_arm/4.9_2015q3/bin/../lib/gcc/arm-none-eabi/4.9.3/armv7-m/crtbegin.o
                0x20000084                PROVIDE (__init_array_end, .)
                0x20000084                . = ALIGN (0x4)
                0x20000084                PROVIDE (__fini_array_start, .)
 *(SORT(.fini_array.*))
 *(.fini_array)
 .fini_array    0x20000084        0x4 /usr/local/SimplicityStudio_v4/developer/toolchains/gnu_arm/4.9_2015q3/bin/../lib/gcc/arm-none-eabi/4.9.3/armv7-m/crtbegin.o
                0x20000088                PROVIDE (__fini_array_end, .)
 *(.jcr*)
 .jcr           0x20000088        0x0 /usr/local/SimplicityStudio_v4/developer/toolchains/gnu_arm/4.9_2015q3/bin/../lib/gcc/arm-none-eabi/4.9.3/armv7-m/crtbegin.o
 .jcr           0x20000088        0x4 /usr/local/SimplicityStudio_v4/developer/toolchains/gnu_arm/4.9_2015q3/bin/../lib/gcc/arm-none-eabi/4.9.3/armv7-m/crtend.o
                0x2000008c                . = ALIGN (0x4)
                0x2000008c                __data_end__ = .

.igot.plt       0x2000008c        0x0 load address 0x00003fc8
 .igot.plt      0x00000000        0x0 /usr/local/SimplicityStudio_v4/developer/toolchains/gnu_arm/4.9_2015q3/bin/../lib/gcc/arm-none-eabi/4.9.3/armv7-m/crtbegin.o

.bss            0x2000008c     0x24d4 load address 0x00003fc8
                0x2000008c                . = ALIGN (0x4)
                0x2000008c                __bss_start__ = .
 *(.bss*)
 .bss           0x2000008c       0x1c /usr/local/SimplicityStudio_v4/developer/toolchains/gnu_arm/4.9_2015q3/bin/../lib/gcc/arm-none-eabi/4.9.3/armv7-m/crtbegin.o
 .bss.wakeUpCallback
                0x200000a8        0x4 ./Drivers/sleep.o
 .bss.sleepCallback
                0x200000ac        0x4 ./Drivers/sleep.o
 .bss.sleepBlockCnt
                0x200000b0        0x2 ./Drivers/sleep.o
 *fill*         0x200000b2        0x2 
 .bss.xNextFreeByte
                0x200000b4        0x4 ./FreeRTOS/efm32gg/heap_1.o
 .bss.ucHeap    0x200000b8     0x2328 ./FreeRTOS/efm32gg/heap_1.o
 .bss.pucAlignedHeap.4705
                0x200023e0        0x4 ./FreeRTOS/efm32gg/heap_1.o
 .bss.ucMaxSysCallPriority
                0x200023e4        0x1 ./FreeRTOS/efm32gg/port.o
 *fill*         0x200023e5        0x3 
 .bss.ulMaxPRIGROUPValue
                0x200023e8        0x4 ./FreeRTOS/efm32gg/port.o
 .bss.xNextTaskUnblockTime
                0x200023ec        0x4 ./FreeRTOS/efm32gg/tasks.o
 .bss.xNumOfOverflows
                0x200023f0        0x4 ./FreeRTOS/efm32gg/tasks.o
 .bss.pxDelayedTaskList
                0x200023f4        0x4 ./FreeRTOS/efm32gg/tasks.o
 .bss.xSchedulerRunning
                0x200023f8        0x4 ./FreeRTOS/efm32gg/tasks.o
 .bss.xTasksWaitingTermination
                0x200023fc       0x14 ./FreeRTOS/efm32gg/tasks.o
 .bss.xSuspendedTaskList
                0x20002410       0x14 ./FreeRTOS/efm32gg/tasks.o
 .bss.uxPendedTicks
                0x20002424        0x4 ./FreeRTOS/efm32gg/tasks.o
 .bss.pxReadyTasksLists
                0x20002428       0x3c ./FreeRTOS/efm32gg/tasks.o
 .bss.uxSchedulerSuspended
                0x20002464        0x4 ./FreeRTOS/efm32gg/tasks.o
 .bss.uxDeletedTasksWaitingCleanUp
                0x20002468        0x4 ./FreeRTOS/efm32gg/tasks.o
 .bss.pxCurrentTCB
                0x2000246c        0x4 ./FreeRTOS/efm32gg/tasks.o
                0x2000246c                pxCurrentTCB
 .bss.xPendingReadyList
                0x20002470       0x14 ./FreeRTOS/efm32gg/tasks.o
 .bss.xIdleTaskHandle
                0x20002484        0x4 ./FreeRTOS/efm32gg/tasks.o
 .bss.xTickCount
                0x20002488        0x4 ./FreeRTOS/efm32gg/tasks.o
 .bss.pxOverflowDelayedTaskList
                0x2000248c        0x4 ./FreeRTOS/efm32gg/tasks.o
 .bss.uxTaskNumber
                0x20002490        0x4 ./FreeRTOS/efm32gg/tasks.o
 .bss.xDelayedTaskList1
                0x20002494       0x14 ./FreeRTOS/efm32gg/tasks.o
 .bss.xDelayedTaskList2
                0x200024a8       0x14 ./FreeRTOS/efm32gg/tasks.o
 .bss.uxCurrentNumberOfTasks
                0x200024bc        0x4 ./FreeRTOS/efm32gg/tasks.o
 .bss.uxTopReadyPriority
                0x200024c0        0x4 ./FreeRTOS/efm32gg/tasks.o
 .bss.xYieldPending
                0x200024c4        0x4 ./FreeRTOS/efm32gg/tasks.o
 .bss.pxCurrentTimerList
                0x200024c8        0x4 ./FreeRTOS/efm32gg/timers.o
 .bss.xActiveTimerList1
                0x200024cc       0x14 ./FreeRTOS/efm32gg/timers.o
 .bss.xActiveTimerList2
                0x200024e0       0x14 ./FreeRTOS/efm32gg/timers.o
 .bss.xTimerQueue
                0x200024f4        0x4 ./FreeRTOS/efm32gg/timers.o
 .bss.xLastTime.4988
                0x200024f8        0x4 ./FreeRTOS/efm32gg/timers.o
 .bss.pxOverflowTimerList
                0x200024fc        0x4 ./FreeRTOS/efm32gg/timers.o
 .bss.xTimerTaskHandle
                0x20002500        0x4 ./FreeRTOS/efm32gg/timers.o
 .bss.cmuStatus.5822
                0x20002504        0x4 ./emlib/em_emu.o
 .bss.hfClock.5823
                0x20002508        0x1 ./emlib/em_emu.o
 *fill*         0x20002509        0x1 
 .bss.ms_counter
                0x2000250a        0x2 ./src/main.o
                0x2000250a                ms_counter
 *(COMMON)
 COMMON         0x2000250c       0x50 ./FreeRTOS/efm32gg/queue.o
                0x2000250c                xQueueRegistry
 COMMON         0x2000255c        0x4 ./src/main.o
                0x2000255c                TIMER0_INIT
                0x20002560                . = ALIGN (0x4)
                0x20002560                __bss_end__ = .

.heap           0x20002560      0xc00
                0x20002560                __HeapBase = .
                0x20002560                __end__ = .
                0x20002560                end = __end__
                0x20002560                _end = __end__
 *(.heap*)
 .heap          0x20002560      0xc00 ./CMSIS/EFM32GG/startup_efm32gg.o
                0x20003160                __HeapLimit = .

.stack_dummy    0x20002560      0x400
 *(.stack*)
 .stack         0x20002560      0x400 ./CMSIS/EFM32GG/startup_efm32gg.o
                0x20020000                __StackTop = (ORIGIN (RAM) + 0x20000)
                0x2001fc00                __StackLimit = (__StackTop - SIZEOF (.stack_dummy))
                0x20020000                PROVIDE (__stack, __StackTop)
                0x00000001                ASSERT ((__StackLimit >= __HeapLimit), region RAM overflowed with stack)
                0x00000001                ASSERT ((0x100000 >= (__etext + SIZEOF (.data))), FLASH memory overflowed !)
OUTPUT(STK3700_freertos_blink.axf elf32-littlearm)

.ARM.attributes
                0x00000000       0x29
 .ARM.attributes
                0x00000000       0x1d /usr/local/SimplicityStudio_v4/developer/toolchains/gnu_arm/4.9_2015q3/bin/../lib/gcc/arm-none-eabi/4.9.3/armv7-m/crti.o
 .ARM.attributes
                0x0000001d       0x2d /usr/local/SimplicityStudio_v4/developer/toolchains/gnu_arm/4.9_2015q3/bin/../lib/gcc/arm-none-eabi/4.9.3/armv7-m/crtbegin.o
 .ARM.attributes
                0x0000004a       0x1b /usr/local/SimplicityStudio_v4/developer/toolchains/gnu_arm/4.9_2015q3/bin/../lib/gcc/arm-none-eabi/4.9.3/../../../../arm-none-eabi/lib/armv7-m/crt0.o
 .ARM.attributes
                0x00000065       0x33 ./BSP/bsp_stk_leds.o
 .ARM.attributes
                0x00000098       0x33 ./BSP/bsp_trace.o
 .ARM.attributes
                0x000000cb       0x1b ./CMSIS/EFM32GG/startup_efm32gg.o
 .ARM.attributes
                0x000000e6       0x33 ./CMSIS/EFM32GG/system_efm32gg.o
 .ARM.attributes
                0x00000119       0x33 ./Drivers/sleep.o
 .ARM.attributes
                0x0000014c       0x33 ./FreeRTOS/efm32gg/heap_1.o
 .ARM.attributes
                0x0000017f       0x33 ./FreeRTOS/efm32gg/list.o
 .ARM.attributes
                0x000001b2       0x33 ./FreeRTOS/efm32gg/port.o
 .ARM.attributes
                0x000001e5       0x33 ./FreeRTOS/efm32gg/queue.o
 .ARM.attributes
                0x00000218       0x33 ./FreeRTOS/efm32gg/tasks.o
 .ARM.attributes
                0x0000024b       0x33 ./FreeRTOS/efm32gg/timers.o
 .ARM.attributes
                0x0000027e       0x33 ./emlib/em_assert.o
 .ARM.attributes
                0x000002b1       0x33 ./emlib/em_burtc.o
 .ARM.attributes
                0x000002e4       0x33 ./emlib/em_cmu.o
 .ARM.attributes
                0x00000317       0x33 ./emlib/em_core.o
 .ARM.attributes
                0x0000034a       0x33 ./emlib/em_emu.o
 .ARM.attributes
                0x0000037d       0x33 ./emlib/em_gpio.o
 .ARM.attributes
                0x000003b0       0x33 ./emlib/em_rmu.o
 .ARM.attributes
                0x000003e3       0x33 ./emlib/em_system.o
 .ARM.attributes
                0x00000416       0x33 ./emlib/em_timer.o
 .ARM.attributes
                0x00000449       0x33 ./src/low_power_tick_management.o
 .ARM.attributes
                0x0000047c       0x33 ./src/main.o
 .ARM.attributes
                0x000004af       0x2d /usr/local/SimplicityStudio_v4/developer/toolchains/gnu_arm/4.9_2015q3/bin/../lib/gcc/arm-none-eabi/4.9.3/../../../../arm-none-eabi/lib/armv7-m/libc_nano.a(lib_a-exit.o)
 .ARM.attributes
                0x000004dc       0x2d /usr/local/SimplicityStudio_v4/developer/toolchains/gnu_arm/4.9_2015q3/bin/../lib/gcc/arm-none-eabi/4.9.3/../../../../arm-none-eabi/lib/armv7-m/libc_nano.a(lib_a-impure.o)
 .ARM.attributes
                0x00000509       0x2d /usr/local/SimplicityStudio_v4/developer/toolchains/gnu_arm/4.9_2015q3/bin/../lib/gcc/arm-none-eabi/4.9.3/../../../../arm-none-eabi/lib/armv7-m/libc_nano.a(lib_a-init.o)
 .ARM.attributes
                0x00000536       0x2d /usr/local/SimplicityStudio_v4/developer/toolchains/gnu_arm/4.9_2015q3/bin/../lib/gcc/arm-none-eabi/4.9.3/../../../../arm-none-eabi/lib/armv7-m/libc_nano.a(lib_a-memcpy.o)
 .ARM.attributes
                0x00000563       0x2d /usr/local/SimplicityStudio_v4/developer/toolchains/gnu_arm/4.9_2015q3/bin/../lib/gcc/arm-none-eabi/4.9.3/../../../../arm-none-eabi/lib/armv7-m/libc_nano.a(lib_a-memset.o)
 .ARM.attributes
                0x00000590       0x2d /usr/local/SimplicityStudio_v4/developer/toolchains/gnu_arm/4.9_2015q3/bin/../lib/gcc/arm-none-eabi/4.9.3/../../../../arm-none-eabi/lib/armv7-m/libnosys.a(_exit.o)
 .ARM.attributes
                0x000005bd       0x2d /usr/local/SimplicityStudio_v4/developer/toolchains/gnu_arm/4.9_2015q3/bin/../lib/gcc/arm-none-eabi/4.9.3/armv7-m/crtend.o
 .ARM.attributes
                0x000005ea       0x1d /usr/local/SimplicityStudio_v4/developer/toolchains/gnu_arm/4.9_2015q3/bin/../lib/gcc/arm-none-eabi/4.9.3/armv7-m/crtn.o

.comment        0x00000000       0x70
 .comment       0x00000000       0x70 ./BSP/bsp_stk_leds.o
                                 0x71 (size before relaxing)
 .comment       0x00000000       0x71 ./BSP/bsp_trace.o
 .comment       0x00000000       0x71 ./CMSIS/EFM32GG/system_efm32gg.o
 .comment       0x00000000       0x71 ./Drivers/sleep.o
 .comment       0x00000000       0x71 ./FreeRTOS/efm32gg/heap_1.o
 .comment       0x00000000       0x71 ./FreeRTOS/efm32gg/list.o
 .comment       0x00000000       0x71 ./FreeRTOS/efm32gg/port.o
 .comment       0x00000000       0x71 ./FreeRTOS/efm32gg/queue.o
 .comment       0x00000000       0x71 ./FreeRTOS/efm32gg/tasks.o
 .comment       0x00000000       0x71 ./FreeRTOS/efm32gg/timers.o
 .comment       0x00000000       0x71 ./emlib/em_assert.o
 .comment       0x00000000       0x71 ./emlib/em_burtc.o
 .comment       0x00000000       0x71 ./emlib/em_cmu.o
 .comment       0x00000000       0x71 ./emlib/em_core.o
 .comment       0x00000000       0x71 ./emlib/em_emu.o
 .comment       0x00000000       0x71 ./emlib/em_gpio.o
 .comment       0x00000000       0x71 ./emlib/em_rmu.o
 .comment       0x00000000       0x71 ./emlib/em_system.o
 .comment       0x00000000       0x71 ./emlib/em_timer.o
 .comment       0x00000000       0x71 ./src/low_power_tick_management.o
 .comment       0x00000000       0x71 ./src/main.o

.debug_info     0x00000000    0x128b2
 .debug_info    0x00000000      0xa6f ./BSP/bsp_stk_leds.o
 .debug_info    0x00000a6f      0xcd1 ./BSP/bsp_trace.o
 .debug_info    0x00001740       0xfa ./CMSIS/EFM32GG/startup_efm32gg.o
 .debug_info    0x0000183a      0x6a9 ./CMSIS/EFM32GG/system_efm32gg.o
 .debug_info    0x00001ee3      0x93b ./Drivers/sleep.o
 .debug_info    0x0000281e      0x20a ./FreeRTOS/efm32gg/heap_1.o
 .debug_info    0x00002a28      0x2c5 ./FreeRTOS/efm32gg/list.o
 .debug_info    0x00002ced      0x4e2 ./FreeRTOS/efm32gg/port.o
 .debug_info    0x000031cf     0x1f82 ./FreeRTOS/efm32gg/queue.o
 .debug_info    0x00005151     0x2be2 ./FreeRTOS/efm32gg/tasks.o
 .debug_info    0x00007d33     0x147d ./FreeRTOS/efm32gg/timers.o
 .debug_info    0x000091b0       0x73 ./emlib/em_assert.o
 .debug_info    0x00009223      0x9d7 ./emlib/em_burtc.o
 .debug_info    0x00009bfa     0x2f5b ./emlib/em_cmu.o
 .debug_info    0x0000cb55      0xf41 ./emlib/em_core.o
 .debug_info    0x0000da96     0x157d ./emlib/em_emu.o
 .debug_info    0x0000f013      0x931 ./emlib/em_gpio.o
 .debug_info    0x0000f944      0x5ce ./emlib/em_rmu.o
 .debug_info    0x0000ff12      0x2ba ./emlib/em_system.o
 .debug_info    0x000101cc      0xad2 ./emlib/em_timer.o
 .debug_info    0x00010c9e      0xe9e ./src/low_power_tick_management.o
 .debug_info    0x00011b3c      0xd76 ./src/main.o

.debug_abbrev   0x00000000     0x357b
 .debug_abbrev  0x00000000      0x233 ./BSP/bsp_stk_leds.o
 .debug_abbrev  0x00000233      0x1c6 ./BSP/bsp_trace.o
 .debug_abbrev  0x000003f9       0x14 ./CMSIS/EFM32GG/startup_efm32gg.o
 .debug_abbrev  0x0000040d      0x1b3 ./CMSIS/EFM32GG/system_efm32gg.o
 .debug_abbrev  0x000005c0      0x38a ./Drivers/sleep.o
 .debug_abbrev  0x0000094a      0x165 ./FreeRTOS/efm32gg/heap_1.o
 .debug_abbrev  0x00000aaf       0xf6 ./FreeRTOS/efm32gg/list.o
 .debug_abbrev  0x00000ba5      0x287 ./FreeRTOS/efm32gg/port.o
 .debug_abbrev  0x00000e2c      0x3c0 ./FreeRTOS/efm32gg/queue.o
 .debug_abbrev  0x000011ec      0x44b ./FreeRTOS/efm32gg/tasks.o
 .debug_abbrev  0x00001637      0x316 ./FreeRTOS/efm32gg/timers.o
 .debug_abbrev  0x0000194d       0x63 ./emlib/em_assert.o
 .debug_abbrev  0x000019b0      0x2f6 ./emlib/em_burtc.o
 .debug_abbrev  0x00001ca6      0x43c ./emlib/em_cmu.o
 .debug_abbrev  0x000020e2      0x2f3 ./emlib/em_core.o
 .debug_abbrev  0x000023d5      0x377 ./emlib/em_emu.o
 .debug_abbrev  0x0000274c      0x26e ./emlib/em_gpio.o
 .debug_abbrev  0x000029ba      0x277 ./emlib/em_rmu.o
 .debug_abbrev  0x00002c31      0x147 ./emlib/em_system.o
 .debug_abbrev  0x00002d78      0x1c3 ./emlib/em_timer.o
 .debug_abbrev  0x00002f3b      0x312 ./src/low_power_tick_management.o
 .debug_abbrev  0x0000324d      0x32e ./src/main.o

.debug_loc      0x00000000     0xc787
 .debug_loc     0x00000000      0x7af ./BSP/bsp_stk_leds.o
 .debug_loc     0x000007af       0xc6 ./BSP/bsp_trace.o
 .debug_loc     0x00000875      0x36a ./CMSIS/EFM32GG/system_efm32gg.o
 .debug_loc     0x00000bdf      0x312 ./Drivers/sleep.o
 .debug_loc     0x00000ef1       0xfa ./FreeRTOS/efm32gg/heap_1.o
 .debug_loc     0x00000feb       0xf9 ./FreeRTOS/efm32gg/list.o
 .debug_loc     0x000010e4      0x19b ./FreeRTOS/efm32gg/port.o
 .debug_loc     0x0000127f     0x1c78 ./FreeRTOS/efm32gg/queue.o
 .debug_loc     0x00002ef7     0x283a ./FreeRTOS/efm32gg/tasks.o
 .debug_loc     0x00005731      0xe11 ./FreeRTOS/efm32gg/timers.o
 .debug_loc     0x00006542      0x37b ./emlib/em_burtc.o
 .debug_loc     0x000068bd     0x3c8c ./emlib/em_cmu.o
 .debug_loc     0x0000a549      0x867 ./emlib/em_core.o
 .debug_loc     0x0000adb0      0x749 ./emlib/em_emu.o
 .debug_loc     0x0000b4f9      0x836 ./emlib/em_gpio.o
 .debug_loc     0x0000bd2f      0x3e2 ./emlib/em_rmu.o
 .debug_loc     0x0000c111       0xc9 ./emlib/em_system.o
 .debug_loc     0x0000c1da      0x33e ./emlib/em_timer.o
 .debug_loc     0x0000c518      0x1bb ./src/low_power_tick_management.o
 .debug_loc     0x0000c6d3       0xb4 ./src/main.o

.debug_aranges  0x00000000      0x8c0
 .debug_aranges
                0x00000000       0x50 ./BSP/bsp_stk_leds.o
 .debug_aranges
                0x00000050       0x28 ./BSP/bsp_trace.o
 .debug_aranges
                0x00000078       0x20 ./CMSIS/EFM32GG/startup_efm32gg.o
 .debug_aranges
                0x00000098       0x68 ./CMSIS/EFM32GG/system_efm32gg.o
 .debug_aranges
                0x00000100       0x48 ./Drivers/sleep.o
 .debug_aranges
                0x00000148       0x38 ./FreeRTOS/efm32gg/heap_1.o
 .debug_aranges
                0x00000180       0x40 ./FreeRTOS/efm32gg/list.o
 .debug_aranges
                0x000001c0       0x78 ./FreeRTOS/efm32gg/port.o
 .debug_aranges
                0x00000238       0xb0 ./FreeRTOS/efm32gg/queue.o
 .debug_aranges
                0x000002e8      0x160 ./FreeRTOS/efm32gg/tasks.o
 .debug_aranges
                0x00000448       0x78 ./FreeRTOS/efm32gg/timers.o
 .debug_aranges
                0x000004c0       0x20 ./emlib/em_assert.o
 .debug_aranges
                0x000004e0       0x48 ./emlib/em_burtc.o
 .debug_aranges
                0x00000528       0xf8 ./emlib/em_cmu.o
 .debug_aranges
                0x00000620       0xe0 ./emlib/em_core.o
 .debug_aranges
                0x00000700       0x80 ./emlib/em_emu.o
 .debug_aranges
                0x00000780       0x48 ./emlib/em_gpio.o
 .debug_aranges
                0x000007c8       0x30 ./emlib/em_rmu.o
 .debug_aranges
                0x000007f8       0x28 ./emlib/em_system.o
 .debug_aranges
                0x00000820       0x38 ./emlib/em_timer.o
 .debug_aranges
                0x00000858       0x30 ./src/low_power_tick_management.o
 .debug_aranges
                0x00000888       0x38 ./src/main.o

.debug_ranges   0x00000000     0x2048
 .debug_ranges  0x00000000      0x138 ./BSP/bsp_stk_leds.o
 .debug_ranges  0x00000138       0x18 ./BSP/bsp_trace.o
 .debug_ranges  0x00000150      0x190 ./CMSIS/EFM32GG/system_efm32gg.o
 .debug_ranges  0x000002e0       0xb0 ./Drivers/sleep.o
 .debug_ranges  0x00000390       0x28 ./FreeRTOS/efm32gg/heap_1.o
 .debug_ranges  0x000003b8       0x30 ./FreeRTOS/efm32gg/list.o
 .debug_ranges  0x000003e8       0x88 ./FreeRTOS/efm32gg/port.o
 .debug_ranges  0x00000470      0x300 ./FreeRTOS/efm32gg/queue.o
 .debug_ranges  0x00000770      0x608 ./FreeRTOS/efm32gg/tasks.o
 .debug_ranges  0x00000d78      0x238 ./FreeRTOS/efm32gg/timers.o
 .debug_ranges  0x00000fb0       0x10 ./emlib/em_assert.o
 .debug_ranges  0x00000fc0      0x100 ./emlib/em_burtc.o
 .debug_ranges  0x000010c0      0x828 ./emlib/em_cmu.o
 .debug_ranges  0x000018e8      0x100 ./emlib/em_core.o
 .debug_ranges  0x000019e8      0x220 ./emlib/em_emu.o
 .debug_ranges  0x00001c08      0x128 ./emlib/em_gpio.o
 .debug_ranges  0x00001d30       0xc8 ./emlib/em_rmu.o
 .debug_ranges  0x00001df8       0x18 ./emlib/em_system.o
 .debug_ranges  0x00001e10      0x108 ./emlib/em_timer.o
 .debug_ranges  0x00001f18       0x98 ./src/low_power_tick_management.o
 .debug_ranges  0x00001fb0       0x98 ./src/main.o

.debug_line     0x00000000     0x7989
 .debug_line    0x00000000      0x4a5 ./BSP/bsp_stk_leds.o
 .debug_line    0x000004a5      0x33f ./BSP/bsp_trace.o
 .debug_line    0x000007e4       0xcf ./CMSIS/EFM32GG/startup_efm32gg.o
 .debug_line    0x000008b3      0x472 ./CMSIS/EFM32GG/system_efm32gg.o
 .debug_line    0x00000d25      0x480 ./Drivers/sleep.o
 .debug_line    0x000011a5      0x3e0 ./FreeRTOS/efm32gg/heap_1.o
 .debug_line    0x00001585      0x331 ./FreeRTOS/efm32gg/list.o
 .debug_line    0x000018b6      0x495 ./FreeRTOS/efm32gg/port.o
 .debug_line    0x00001d4b      0xa9c ./FreeRTOS/efm32gg/queue.o
 .debug_line    0x000027e7      0xf09 ./FreeRTOS/efm32gg/tasks.o
 .debug_line    0x000036f0      0x676 ./FreeRTOS/efm32gg/timers.o
 .debug_line    0x00003d66       0x97 ./emlib/em_assert.o
 .debug_line    0x00003dfd      0x44d ./emlib/em_burtc.o
 .debug_line    0x0000424a      0xfb8 ./emlib/em_cmu.o
 .debug_line    0x00005202      0x5e3 ./emlib/em_core.o
 .debug_line    0x000057e5      0x6a9 ./emlib/em_emu.o
 .debug_line    0x00005e8e      0x4cf ./emlib/em_gpio.o
 .debug_line    0x0000635d      0x3c9 ./emlib/em_rmu.o
 .debug_line    0x00006726      0x30f ./emlib/em_system.o
 .debug_line    0x00006a35      0x49a ./emlib/em_timer.o
 .debug_line    0x00006ecf      0x530 ./src/low_power_tick_management.o
 .debug_line    0x000073ff      0x58a ./src/main.o

.debug_str      0x00000000     0x4c9b
 .debug_str     0x00000000      0x77d ./BSP/bsp_stk_leds.o
                                0x7d6 (size before relaxing)
 .debug_str     0x0000077d      0x34c ./BSP/bsp_trace.o
                                0x7f9 (size before relaxing)
 .debug_str     0x00000ac9      0x1ec ./CMSIS/EFM32GG/system_efm32gg.o
                                0x4a6 (size before relaxing)
 .debug_str     0x00000cb5      0x305 ./Drivers/sleep.o
                                0x4d8 (size before relaxing)
 .debug_str     0x00000fba      0x11f ./FreeRTOS/efm32gg/heap_1.o
                                0x29e (size before relaxing)
 .debug_str     0x000010d9      0x19f ./FreeRTOS/efm32gg/list.o
                                0x302 (size before relaxing)
 .debug_str     0x00001278      0x2b7 ./FreeRTOS/efm32gg/port.o
                                0x442 (size before relaxing)
 .debug_str     0x0000152f      0x634 ./FreeRTOS/efm32gg/queue.o
                                0x951 (size before relaxing)
 .debug_str     0x00001b63      0x8f3 ./FreeRTOS/efm32gg/tasks.o
                                0xea3 (size before relaxing)
 .debug_str     0x00002456      0x457 ./FreeRTOS/efm32gg/timers.o
                                0x8a9 (size before relaxing)
 .debug_str     0x000028ad       0x6c ./emlib/em_assert.o
                                0x12d (size before relaxing)
 .debug_str     0x00002919      0x2cd ./emlib/em_burtc.o
                                0x4f4 (size before relaxing)
 .debug_str     0x00002be6      0x9cb ./emlib/em_cmu.o
                               0x1106 (size before relaxing)
 .debug_str     0x000035b1      0x5b9 ./emlib/em_core.o
                                0x83c (size before relaxing)
 .debug_str     0x00003b6a      0x43a ./emlib/em_emu.o
                                0xc29 (size before relaxing)
 .debug_str     0x00003fa4      0x177 ./emlib/em_gpio.o
                                0x5ec (size before relaxing)
 .debug_str     0x0000411b      0x167 ./emlib/em_rmu.o
                                0x3e5 (size before relaxing)
 .debug_str     0x00004282       0xf9 ./emlib/em_system.o
                                0x2d0 (size before relaxing)
 .debug_str     0x0000437b      0x7ad ./emlib/em_timer.o
                                0x981 (size before relaxing)
 .debug_str     0x00004b28       0xab ./src/low_power_tick_management.o
                                0xbc1 (size before relaxing)
 .debug_str     0x00004bd3       0xc8 ./src/main.o
                                0xa6d (size before relaxing)

.debug_frame    0x00000000     0x1970
 .debug_frame   0x00000000      0x134 ./BSP/bsp_stk_leds.o
 .debug_frame   0x00000134       0x44 ./BSP/bsp_trace.o
 .debug_frame   0x00000178       0xb0 ./CMSIS/EFM32GG/system_efm32gg.o
 .debug_frame   0x00000228       0xb8 ./Drivers/sleep.o
 .debug_frame   0x000002e0       0x5c ./FreeRTOS/efm32gg/heap_1.o
 .debug_frame   0x0000033c       0x88 ./FreeRTOS/efm32gg/list.o
 .debug_frame   0x000003c4      0x110 ./FreeRTOS/efm32gg/port.o
 .debug_frame   0x000004d4      0x26c ./FreeRTOS/efm32gg/queue.o
 .debug_frame   0x00000740      0x53c ./FreeRTOS/efm32gg/tasks.o
 .debug_frame   0x00000c7c      0x1ac ./FreeRTOS/efm32gg/timers.o
 .debug_frame   0x00000e28       0x20 ./emlib/em_assert.o
 .debug_frame   0x00000e48       0x9c ./emlib/em_burtc.o
 .debug_frame   0x00000ee4      0x38c ./emlib/em_cmu.o
 .debug_frame   0x00001270      0x234 ./emlib/em_core.o
 .debug_frame   0x000014a4      0x160 ./emlib/em_emu.o
 .debug_frame   0x00001604       0xc4 ./emlib/em_gpio.o
 .debug_frame   0x000016c8       0x4c ./emlib/em_rmu.o
 .debug_frame   0x00001714       0x38 ./emlib/em_system.o
 .debug_frame   0x0000174c       0x98 ./emlib/em_timer.o
 .debug_frame   0x000017e4       0x5c ./src/low_power_tick_management.o
 .debug_frame   0x00001840       0x74 ./src/main.o
 .debug_frame   0x000018b4       0x28 /usr/local/SimplicityStudio_v4/developer/toolchains/gnu_arm/4.9_2015q3/bin/../lib/gcc/arm-none-eabi/4.9.3/../../../../arm-none-eabi/lib/armv7-m/libc_nano.a(lib_a-exit.o)
 .debug_frame   0x000018dc       0x2c /usr/local/SimplicityStudio_v4/developer/toolchains/gnu_arm/4.9_2015q3/bin/../lib/gcc/arm-none-eabi/4.9.3/../../../../arm-none-eabi/lib/armv7-m/libc_nano.a(lib_a-init.o)
 .debug_frame   0x00001908       0x28 /usr/local/SimplicityStudio_v4/developer/toolchains/gnu_arm/4.9_2015q3/bin/../lib/gcc/arm-none-eabi/4.9.3/../../../../arm-none-eabi/lib/armv7-m/libc_nano.a(lib_a-memcpy.o)
 .debug_frame   0x00001930       0x20 /usr/local/SimplicityStudio_v4/developer/toolchains/gnu_arm/4.9_2015q3/bin/../lib/gcc/arm-none-eabi/4.9.3/../../../../arm-none-eabi/lib/armv7-m/libc_nano.a(lib_a-memset.o)
 .debug_frame   0x00001950       0x20 /usr/local/SimplicityStudio_v4/developer/toolchains/gnu_arm/4.9_2015q3/bin/../lib/gcc/arm-none-eabi/4.9.3/../../../../arm-none-eabi/lib/armv7-m/libnosys.a(_exit.o)
