Archive member included because of file (symbol)

/usr/local/SimplicityStudio_v4/developer/toolchains/gnu_arm/4.9_2015q3/bin/../lib/gcc/arm-none-eabi/4.9.3/armv7-m/libgcc.a(_aeabi_uldivmod.o)
                              ./emlib/em_usart.o (__aeabi_uldivmod)
/usr/local/SimplicityStudio_v4/developer/toolchains/gnu_arm/4.9_2015q3/bin/../lib/gcc/arm-none-eabi/4.9.3/armv7-m/libgcc.a(bpabi.o)
                              /usr/local/SimplicityStudio_v4/developer/toolchains/gnu_arm/4.9_2015q3/bin/../lib/gcc/arm-none-eabi/4.9.3/armv7-m/libgcc.a(_aeabi_uldivmod.o) (__gnu_uldivmod_helper)
/usr/local/SimplicityStudio_v4/developer/toolchains/gnu_arm/4.9_2015q3/bin/../lib/gcc/arm-none-eabi/4.9.3/armv7-m/libgcc.a(_dvmd_tls.o)
                              /usr/local/SimplicityStudio_v4/developer/toolchains/gnu_arm/4.9_2015q3/bin/../lib/gcc/arm-none-eabi/4.9.3/armv7-m/libgcc.a(_aeabi_uldivmod.o) (__aeabi_ldiv0)
/usr/local/SimplicityStudio_v4/developer/toolchains/gnu_arm/4.9_2015q3/bin/../lib/gcc/arm-none-eabi/4.9.3/armv7-m/libgcc.a(_divdi3.o)
                              /usr/local/SimplicityStudio_v4/developer/toolchains/gnu_arm/4.9_2015q3/bin/../lib/gcc/arm-none-eabi/4.9.3/armv7-m/libgcc.a(bpabi.o) (__divdi3)
/usr/local/SimplicityStudio_v4/developer/toolchains/gnu_arm/4.9_2015q3/bin/../lib/gcc/arm-none-eabi/4.9.3/armv7-m/libgcc.a(_udivdi3.o)
                              /usr/local/SimplicityStudio_v4/developer/toolchains/gnu_arm/4.9_2015q3/bin/../lib/gcc/arm-none-eabi/4.9.3/armv7-m/libgcc.a(bpabi.o) (__udivdi3)
/usr/local/SimplicityStudio_v4/developer/toolchains/gnu_arm/4.9_2015q3/bin/../lib/gcc/arm-none-eabi/4.9.3/../../../../arm-none-eabi/lib/armv7-m/libc_nano.a(lib_a-exit.o)
                              /usr/local/SimplicityStudio_v4/developer/toolchains/gnu_arm/4.9_2015q3/bin/../lib/gcc/arm-none-eabi/4.9.3/../../../../arm-none-eabi/lib/armv7-m/crt0.o (exit)
/usr/local/SimplicityStudio_v4/developer/toolchains/gnu_arm/4.9_2015q3/bin/../lib/gcc/arm-none-eabi/4.9.3/../../../../arm-none-eabi/lib/armv7-m/libc_nano.a(lib_a-impure.o)
                              /usr/local/SimplicityStudio_v4/developer/toolchains/gnu_arm/4.9_2015q3/bin/../lib/gcc/arm-none-eabi/4.9.3/../../../../arm-none-eabi/lib/armv7-m/libc_nano.a(lib_a-exit.o) (_global_impure_ptr)
/usr/local/SimplicityStudio_v4/developer/toolchains/gnu_arm/4.9_2015q3/bin/../lib/gcc/arm-none-eabi/4.9.3/../../../../arm-none-eabi/lib/armv7-m/libc_nano.a(lib_a-init.o)
                              /usr/local/SimplicityStudio_v4/developer/toolchains/gnu_arm/4.9_2015q3/bin/../lib/gcc/arm-none-eabi/4.9.3/../../../../arm-none-eabi/lib/armv7-m/crt0.o (__libc_init_array)
/usr/local/SimplicityStudio_v4/developer/toolchains/gnu_arm/4.9_2015q3/bin/../lib/gcc/arm-none-eabi/4.9.3/../../../../arm-none-eabi/lib/armv7-m/libc_nano.a(lib_a-memset.o)
                              /usr/local/SimplicityStudio_v4/developer/toolchains/gnu_arm/4.9_2015q3/bin/../lib/gcc/arm-none-eabi/4.9.3/../../../../arm-none-eabi/lib/armv7-m/crt0.o (memset)
/usr/local/SimplicityStudio_v4/developer/toolchains/gnu_arm/4.9_2015q3/bin/../lib/gcc/arm-none-eabi/4.9.3/../../../../arm-none-eabi/lib/armv7-m/libc_nano.a(lib_a-strlen.o)
                              ./src/main.o (strlen)
/usr/local/SimplicityStudio_v4/developer/toolchains/gnu_arm/4.9_2015q3/bin/../lib/gcc/arm-none-eabi/4.9.3/../../../../arm-none-eabi/lib/armv7-m/libnosys.a(_exit.o)
                              /usr/local/SimplicityStudio_v4/developer/toolchains/gnu_arm/4.9_2015q3/bin/../lib/gcc/arm-none-eabi/4.9.3/../../../../arm-none-eabi/lib/armv7-m/libc_nano.a(lib_a-exit.o) (_exit)

Discarded input sections

 .text          0x00000000        0x0 /usr/local/SimplicityStudio_v4/developer/toolchains/gnu_arm/4.9_2015q3/bin/../lib/gcc/arm-none-eabi/4.9.3/armv7-m/crti.o
 .data          0x00000000        0x0 /usr/local/SimplicityStudio_v4/developer/toolchains/gnu_arm/4.9_2015q3/bin/../lib/gcc/arm-none-eabi/4.9.3/armv7-m/crti.o
 .bss           0x00000000        0x0 /usr/local/SimplicityStudio_v4/developer/toolchains/gnu_arm/4.9_2015q3/bin/../lib/gcc/arm-none-eabi/4.9.3/armv7-m/crti.o
 .data          0x00000000        0x4 /usr/local/SimplicityStudio_v4/developer/toolchains/gnu_arm/4.9_2015q3/bin/../lib/gcc/arm-none-eabi/4.9.3/armv7-m/crtbegin.o
 .data          0x00000000        0x0 /usr/local/SimplicityStudio_v4/developer/toolchains/gnu_arm/4.9_2015q3/bin/../lib/gcc/arm-none-eabi/4.9.3/../../../../arm-none-eabi/lib/armv7-m/crt0.o
 .bss           0x00000000        0x0 /usr/local/SimplicityStudio_v4/developer/toolchains/gnu_arm/4.9_2015q3/bin/../lib/gcc/arm-none-eabi/4.9.3/../../../../arm-none-eabi/lib/armv7-m/crt0.o
 .ARM.extab     0x00000000        0x0 /usr/local/SimplicityStudio_v4/developer/toolchains/gnu_arm/4.9_2015q3/bin/../lib/gcc/arm-none-eabi/4.9.3/../../../../arm-none-eabi/lib/armv7-m/crt0.o
 .data          0x00000000        0x0 ./CMSIS/EFM32GG/startup_efm32gg.o
 .bss           0x00000000        0x0 ./CMSIS/EFM32GG/startup_efm32gg.o
 .text          0x00000000        0x0 ./CMSIS/EFM32GG/system_efm32gg.o
 .data          0x00000000        0x0 ./CMSIS/EFM32GG/system_efm32gg.o
 .bss           0x00000000        0x0 ./CMSIS/EFM32GG/system_efm32gg.o
 .text.SystemHFXOClockGet
                0x00000000       0x18 ./CMSIS/EFM32GG/system_efm32gg.o
 .text.SystemHFXOClockSet
                0x00000000       0x2c ./CMSIS/EFM32GG/system_efm32gg.o
 .text.SystemLFXOClockSet
                0x00000000       0x2c ./CMSIS/EFM32GG/system_efm32gg.o
 .text          0x00000000        0x0 ./emlib/em_cmu.o
 .data          0x00000000        0x0 ./emlib/em_cmu.o
 .bss           0x00000000        0x0 ./emlib/em_cmu.o
 .text.BUS_RegMaskedWrite
                0x00000000       0x28 ./emlib/em_cmu.o
 .text.CMU_Log2ToDiv
                0x00000000       0x1c ./emlib/em_cmu.o
 .text.CMU_AUXHFRCOBandGet
                0x00000000       0x20 ./emlib/em_cmu.o
 .text.CMU_AUXHFRCOBandSet
                0x00000000       0xb0 ./emlib/em_cmu.o
 .text.CMU_Calibrate
                0x00000000       0x88 ./emlib/em_cmu.o
 .text.CMU_CalibrateConfig
                0x00000000       0xd8 ./emlib/em_cmu.o
 .text.CMU_CalibrateCountGet
                0x00000000       0x38 ./emlib/em_cmu.o
 .text.CMU_ClockDivGet
                0x00000000      0x174 ./emlib/em_cmu.o
 .text.CMU_ClockDivSet
                0x00000000      0x230 ./emlib/em_cmu.o
 .text.CMU_ClockSelectSet
                0x00000000      0x2bc ./emlib/em_cmu.o
 .text.CMU_FreezeEnable
                0x00000000       0x38 ./emlib/em_cmu.o
 .text.CMU_HFRCOBandGet
                0x00000000       0x20 ./emlib/em_cmu.o
 .text.CMU_HFRCOStartupDelayGet
                0x00000000       0x1c ./emlib/em_cmu.o
 .text.CMU_HFRCOStartupDelaySet
                0x00000000       0x30 ./emlib/em_cmu.o
 .text.CMU_HFXOInit
                0x00000000       0x54 ./emlib/em_cmu.o
 .text.CMU_LCDClkFDIVGet
                0x00000000       0x1c ./emlib/em_cmu.o
 .text.CMU_LCDClkFDIVSet
                0x00000000       0x3c ./emlib/em_cmu.o
 .text.CMU_LFXOInit
                0x00000000       0x78 ./emlib/em_cmu.o
 .text.CMU_OscillatorEnable
                0x00000000       0xbc ./emlib/em_cmu.o
 .text.CMU_OscillatorTuningGet
                0x00000000       0x50 ./emlib/em_cmu.o
 .text.CMU_OscillatorTuningSet
                0x00000000       0x74 ./emlib/em_cmu.o
 .text.CMU_PCNTClockExternalGet
                0x00000000       0x60 ./emlib/em_cmu.o
 .text.CMU_PCNTClockExternalSet
                0x00000000       0x34 ./emlib/em_cmu.o
 .text          0x00000000        0x0 ./emlib/em_gpio.o
 .data          0x00000000        0x0 ./emlib/em_gpio.o
 .bss           0x00000000        0x0 ./emlib/em_gpio.o
 .text.BUS_RegBitWrite
                0x00000000       0x2c ./emlib/em_gpio.o
 .text.BUS_RegMaskedWrite
                0x00000000       0x28 ./emlib/em_gpio.o
 .text.GPIO_EM4SetPinRetention
                0x00000000       0x40 ./emlib/em_gpio.o
 .text.GPIO_DbgLocationSet
                0x00000000       0x2c ./emlib/em_gpio.o
 .text.GPIO_DriveModeSet
                0x00000000       0x70 ./emlib/em_gpio.o
 .text.GPIO_ExtIntConfig
                0x00000000       0xd4 ./emlib/em_gpio.o
 .text.GPIO_PinModeGet
                0x00000000       0x8c ./emlib/em_gpio.o
 .text.GPIO_EM4EnablePinWakeup
                0x00000000       0x58 ./emlib/em_gpio.o
 .text          0x00000000        0x0 ./emlib/em_system.o
 .data          0x00000000        0x0 ./emlib/em_system.o
 .bss           0x00000000        0x0 ./emlib/em_system.o
 .text.SYSTEM_GetCalibrationValue
                0x00000000       0x5c ./emlib/em_system.o
 .text          0x00000000        0x0 ./emlib/em_timer.o
 .data          0x00000000        0x0 ./emlib/em_timer.o
 .bss           0x00000000        0x0 ./emlib/em_timer.o
 .text.TIMER_EnableDTI
                0x00000000       0x38 ./emlib/em_timer.o
 .text.TIMER_GetDTIFault
                0x00000000       0x1c ./emlib/em_timer.o
 .text.TIMER_ClearDTIFault
                0x00000000       0x1c ./emlib/em_timer.o
 .text.TIMER_InitDTI
                0x00000000      0x104 ./emlib/em_timer.o
 .text.TIMER_Reset
                0x00000000       0xa8 ./emlib/em_timer.o
 .text          0x00000000        0x0 ./emlib/em_usart.o
 .data          0x00000000        0x0 ./emlib/em_usart.o
 .bss           0x00000000        0x0 ./emlib/em_usart.o
 .text.BUS_RegMaskedWrite
                0x00000000       0x28 ./emlib/em_usart.o
 .text.USART_BaudrateAsyncSet
                0x00000000       0xb0 ./emlib/em_usart.o
 .text.USART_BaudrateCalc
                0x00000000      0x124 ./emlib/em_usart.o
 .text.USART_BaudrateGet
                0x00000000       0x50 ./emlib/em_usart.o
 .text.USART_BaudrateSyncSet
                0x00000000       0x54 ./emlib/em_usart.o
 .text.USART_Enable
                0x00000000       0x70 ./emlib/em_usart.o
 .text.USART_InitAsync
                0x00000000       0xb4 ./emlib/em_usart.o
 .text.USART_InitSync
                0x00000000       0xcc ./emlib/em_usart.o
 .text.USARTn_InitIrDA
                0x00000000       0x70 ./emlib/em_usart.o
 .text.USART_InitI2s
                0x00000000       0x94 ./emlib/em_usart.o
 .text.USART_InitPrsTrigger
                0x00000000       0x60 ./emlib/em_usart.o
 .text.USART_Rx
                0x00000000       0x28 ./emlib/em_usart.o
 .text.USART_RxDouble
                0x00000000       0x28 ./emlib/em_usart.o
 .text.USART_RxDoubleExt
                0x00000000       0x28 ./emlib/em_usart.o
 .text.USART_RxExt
                0x00000000       0x28 ./emlib/em_usart.o
 .text.USART_SpiTransfer
                0x00000000       0x40 ./emlib/em_usart.o
 .text.USART_TxDouble
                0x00000000       0x2c ./emlib/em_usart.o
 .text.USART_TxDoubleExt
                0x00000000       0x28 ./emlib/em_usart.o
 .text.USART_TxExt
                0x00000000       0x2c ./emlib/em_usart.o
 .text          0x00000000        0x0 ./src/main.o
 .data          0x00000000        0x0 ./src/main.o
 .bss           0x00000000        0x0 ./src/main.o
 .text          0x00000000        0x0 ./src/pwm.o
 .data          0x00000000        0x0 ./src/pwm.o
 .bss           0x00000000        0x0 ./src/pwm.o
 .text          0x00000000        0x0 ./src/uart.o
 .data          0x00000000        0x0 ./src/uart.o
 .bss           0x00000000        0x0 ./src/uart.o
 .text          0x00000000       0x30 /usr/local/SimplicityStudio_v4/developer/toolchains/gnu_arm/4.9_2015q3/bin/../lib/gcc/arm-none-eabi/4.9.3/armv7-m/libgcc.a(_aeabi_uldivmod.o)
 .data          0x00000000        0x0 /usr/local/SimplicityStudio_v4/developer/toolchains/gnu_arm/4.9_2015q3/bin/../lib/gcc/arm-none-eabi/4.9.3/armv7-m/libgcc.a(_aeabi_uldivmod.o)
 .bss           0x00000000        0x0 /usr/local/SimplicityStudio_v4/developer/toolchains/gnu_arm/4.9_2015q3/bin/../lib/gcc/arm-none-eabi/4.9.3/armv7-m/libgcc.a(_aeabi_uldivmod.o)
 .debug_frame   0x00000000       0x28 /usr/local/SimplicityStudio_v4/developer/toolchains/gnu_arm/4.9_2015q3/bin/../lib/gcc/arm-none-eabi/4.9.3/armv7-m/libgcc.a(_aeabi_uldivmod.o)
 .ARM.attributes
                0x00000000       0x1d /usr/local/SimplicityStudio_v4/developer/toolchains/gnu_arm/4.9_2015q3/bin/../lib/gcc/arm-none-eabi/4.9.3/armv7-m/libgcc.a(_aeabi_uldivmod.o)
 .text          0x00000000       0x60 /usr/local/SimplicityStudio_v4/developer/toolchains/gnu_arm/4.9_2015q3/bin/../lib/gcc/arm-none-eabi/4.9.3/armv7-m/libgcc.a(bpabi.o)
 .data          0x00000000        0x0 /usr/local/SimplicityStudio_v4/developer/toolchains/gnu_arm/4.9_2015q3/bin/../lib/gcc/arm-none-eabi/4.9.3/armv7-m/libgcc.a(bpabi.o)
 .bss           0x00000000        0x0 /usr/local/SimplicityStudio_v4/developer/toolchains/gnu_arm/4.9_2015q3/bin/../lib/gcc/arm-none-eabi/4.9.3/armv7-m/libgcc.a(bpabi.o)
 .debug_frame   0x00000000       0x54 /usr/local/SimplicityStudio_v4/developer/toolchains/gnu_arm/4.9_2015q3/bin/../lib/gcc/arm-none-eabi/4.9.3/armv7-m/libgcc.a(bpabi.o)
 .ARM.attributes
                0x00000000       0x2d /usr/local/SimplicityStudio_v4/developer/toolchains/gnu_arm/4.9_2015q3/bin/../lib/gcc/arm-none-eabi/4.9.3/armv7-m/libgcc.a(bpabi.o)
 .text          0x00000000        0x4 /usr/local/SimplicityStudio_v4/developer/toolchains/gnu_arm/4.9_2015q3/bin/../lib/gcc/arm-none-eabi/4.9.3/armv7-m/libgcc.a(_dvmd_tls.o)
 .data          0x00000000        0x0 /usr/local/SimplicityStudio_v4/developer/toolchains/gnu_arm/4.9_2015q3/bin/../lib/gcc/arm-none-eabi/4.9.3/armv7-m/libgcc.a(_dvmd_tls.o)
 .bss           0x00000000        0x0 /usr/local/SimplicityStudio_v4/developer/toolchains/gnu_arm/4.9_2015q3/bin/../lib/gcc/arm-none-eabi/4.9.3/armv7-m/libgcc.a(_dvmd_tls.o)
 .ARM.attributes
                0x00000000       0x1d /usr/local/SimplicityStudio_v4/developer/toolchains/gnu_arm/4.9_2015q3/bin/../lib/gcc/arm-none-eabi/4.9.3/armv7-m/libgcc.a(_dvmd_tls.o)
 .text          0x00000000      0x2ac /usr/local/SimplicityStudio_v4/developer/toolchains/gnu_arm/4.9_2015q3/bin/../lib/gcc/arm-none-eabi/4.9.3/armv7-m/libgcc.a(_divdi3.o)
 .data          0x00000000        0x0 /usr/local/SimplicityStudio_v4/developer/toolchains/gnu_arm/4.9_2015q3/bin/../lib/gcc/arm-none-eabi/4.9.3/armv7-m/libgcc.a(_divdi3.o)
 .bss           0x00000000        0x0 /usr/local/SimplicityStudio_v4/developer/toolchains/gnu_arm/4.9_2015q3/bin/../lib/gcc/arm-none-eabi/4.9.3/armv7-m/libgcc.a(_divdi3.o)
 .ARM.extab     0x00000000        0x0 /usr/local/SimplicityStudio_v4/developer/toolchains/gnu_arm/4.9_2015q3/bin/../lib/gcc/arm-none-eabi/4.9.3/armv7-m/libgcc.a(_divdi3.o)
 .ARM.exidx     0x00000000        0x8 /usr/local/SimplicityStudio_v4/developer/toolchains/gnu_arm/4.9_2015q3/bin/../lib/gcc/arm-none-eabi/4.9.3/armv7-m/libgcc.a(_divdi3.o)
 .debug_frame   0x00000000       0x34 /usr/local/SimplicityStudio_v4/developer/toolchains/gnu_arm/4.9_2015q3/bin/../lib/gcc/arm-none-eabi/4.9.3/armv7-m/libgcc.a(_divdi3.o)
 .ARM.attributes
                0x00000000       0x2d /usr/local/SimplicityStudio_v4/developer/toolchains/gnu_arm/4.9_2015q3/bin/../lib/gcc/arm-none-eabi/4.9.3/armv7-m/libgcc.a(_divdi3.o)
 .text          0x00000000      0x270 /usr/local/SimplicityStudio_v4/developer/toolchains/gnu_arm/4.9_2015q3/bin/../lib/gcc/arm-none-eabi/4.9.3/armv7-m/libgcc.a(_udivdi3.o)
 .data          0x00000000        0x0 /usr/local/SimplicityStudio_v4/developer/toolchains/gnu_arm/4.9_2015q3/bin/../lib/gcc/arm-none-eabi/4.9.3/armv7-m/libgcc.a(_udivdi3.o)
 .bss           0x00000000        0x0 /usr/local/SimplicityStudio_v4/developer/toolchains/gnu_arm/4.9_2015q3/bin/../lib/gcc/arm-none-eabi/4.9.3/armv7-m/libgcc.a(_udivdi3.o)
 .ARM.extab     0x00000000        0x0 /usr/local/SimplicityStudio_v4/developer/toolchains/gnu_arm/4.9_2015q3/bin/../lib/gcc/arm-none-eabi/4.9.3/armv7-m/libgcc.a(_udivdi3.o)
 .ARM.exidx     0x00000000        0x8 /usr/local/SimplicityStudio_v4/developer/toolchains/gnu_arm/4.9_2015q3/bin/../lib/gcc/arm-none-eabi/4.9.3/armv7-m/libgcc.a(_udivdi3.o)
 .debug_frame   0x00000000       0x34 /usr/local/SimplicityStudio_v4/developer/toolchains/gnu_arm/4.9_2015q3/bin/../lib/gcc/arm-none-eabi/4.9.3/armv7-m/libgcc.a(_udivdi3.o)
 .ARM.attributes
                0x00000000       0x2d /usr/local/SimplicityStudio_v4/developer/toolchains/gnu_arm/4.9_2015q3/bin/../lib/gcc/arm-none-eabi/4.9.3/armv7-m/libgcc.a(_udivdi3.o)
 .text          0x00000000        0x0 /usr/local/SimplicityStudio_v4/developer/toolchains/gnu_arm/4.9_2015q3/bin/../lib/gcc/arm-none-eabi/4.9.3/../../../../arm-none-eabi/lib/armv7-m/libc_nano.a(lib_a-exit.o)
 .data          0x00000000        0x0 /usr/local/SimplicityStudio_v4/developer/toolchains/gnu_arm/4.9_2015q3/bin/../lib/gcc/arm-none-eabi/4.9.3/../../../../arm-none-eabi/lib/armv7-m/libc_nano.a(lib_a-exit.o)
 .bss           0x00000000        0x0 /usr/local/SimplicityStudio_v4/developer/toolchains/gnu_arm/4.9_2015q3/bin/../lib/gcc/arm-none-eabi/4.9.3/../../../../arm-none-eabi/lib/armv7-m/libc_nano.a(lib_a-exit.o)
 .text          0x00000000        0x0 /usr/local/SimplicityStudio_v4/developer/toolchains/gnu_arm/4.9_2015q3/bin/../lib/gcc/arm-none-eabi/4.9.3/../../../../arm-none-eabi/lib/armv7-m/libc_nano.a(lib_a-impure.o)
 .data          0x00000000        0x0 /usr/local/SimplicityStudio_v4/developer/toolchains/gnu_arm/4.9_2015q3/bin/../lib/gcc/arm-none-eabi/4.9.3/../../../../arm-none-eabi/lib/armv7-m/libc_nano.a(lib_a-impure.o)
 .bss           0x00000000        0x0 /usr/local/SimplicityStudio_v4/developer/toolchains/gnu_arm/4.9_2015q3/bin/../lib/gcc/arm-none-eabi/4.9.3/../../../../arm-none-eabi/lib/armv7-m/libc_nano.a(lib_a-impure.o)
 .data._impure_ptr
                0x00000000        0x4 /usr/local/SimplicityStudio_v4/developer/toolchains/gnu_arm/4.9_2015q3/bin/../lib/gcc/arm-none-eabi/4.9.3/../../../../arm-none-eabi/lib/armv7-m/libc_nano.a(lib_a-impure.o)
 .text          0x00000000        0x0 /usr/local/SimplicityStudio_v4/developer/toolchains/gnu_arm/4.9_2015q3/bin/../lib/gcc/arm-none-eabi/4.9.3/../../../../arm-none-eabi/lib/armv7-m/libc_nano.a(lib_a-init.o)
 .data          0x00000000        0x0 /usr/local/SimplicityStudio_v4/developer/toolchains/gnu_arm/4.9_2015q3/bin/../lib/gcc/arm-none-eabi/4.9.3/../../../../arm-none-eabi/lib/armv7-m/libc_nano.a(lib_a-init.o)
 .bss           0x00000000        0x0 /usr/local/SimplicityStudio_v4/developer/toolchains/gnu_arm/4.9_2015q3/bin/../lib/gcc/arm-none-eabi/4.9.3/../../../../arm-none-eabi/lib/armv7-m/libc_nano.a(lib_a-init.o)
 .text          0x00000000        0x0 /usr/local/SimplicityStudio_v4/developer/toolchains/gnu_arm/4.9_2015q3/bin/../lib/gcc/arm-none-eabi/4.9.3/../../../../arm-none-eabi/lib/armv7-m/libc_nano.a(lib_a-memset.o)
 .data          0x00000000        0x0 /usr/local/SimplicityStudio_v4/developer/toolchains/gnu_arm/4.9_2015q3/bin/../lib/gcc/arm-none-eabi/4.9.3/../../../../arm-none-eabi/lib/armv7-m/libc_nano.a(lib_a-memset.o)
 .bss           0x00000000        0x0 /usr/local/SimplicityStudio_v4/developer/toolchains/gnu_arm/4.9_2015q3/bin/../lib/gcc/arm-none-eabi/4.9.3/../../../../arm-none-eabi/lib/armv7-m/libc_nano.a(lib_a-memset.o)
 .text          0x00000000        0x0 /usr/local/SimplicityStudio_v4/developer/toolchains/gnu_arm/4.9_2015q3/bin/../lib/gcc/arm-none-eabi/4.9.3/../../../../arm-none-eabi/lib/armv7-m/libc_nano.a(lib_a-strlen.o)
 .data          0x00000000        0x0 /usr/local/SimplicityStudio_v4/developer/toolchains/gnu_arm/4.9_2015q3/bin/../lib/gcc/arm-none-eabi/4.9.3/../../../../arm-none-eabi/lib/armv7-m/libc_nano.a(lib_a-strlen.o)
 .bss           0x00000000        0x0 /usr/local/SimplicityStudio_v4/developer/toolchains/gnu_arm/4.9_2015q3/bin/../lib/gcc/arm-none-eabi/4.9.3/../../../../arm-none-eabi/lib/armv7-m/libc_nano.a(lib_a-strlen.o)
 .text          0x00000000        0x0 /usr/local/SimplicityStudio_v4/developer/toolchains/gnu_arm/4.9_2015q3/bin/../lib/gcc/arm-none-eabi/4.9.3/../../../../arm-none-eabi/lib/armv7-m/libnosys.a(_exit.o)
 .data          0x00000000        0x0 /usr/local/SimplicityStudio_v4/developer/toolchains/gnu_arm/4.9_2015q3/bin/../lib/gcc/arm-none-eabi/4.9.3/../../../../arm-none-eabi/lib/armv7-m/libnosys.a(_exit.o)
 .bss           0x00000000        0x0 /usr/local/SimplicityStudio_v4/developer/toolchains/gnu_arm/4.9_2015q3/bin/../lib/gcc/arm-none-eabi/4.9.3/../../../../arm-none-eabi/lib/armv7-m/libnosys.a(_exit.o)
 .text          0x00000000        0x0 /usr/local/SimplicityStudio_v4/developer/toolchains/gnu_arm/4.9_2015q3/bin/../lib/gcc/arm-none-eabi/4.9.3/armv7-m/crtend.o
 .data          0x00000000        0x0 /usr/local/SimplicityStudio_v4/developer/toolchains/gnu_arm/4.9_2015q3/bin/../lib/gcc/arm-none-eabi/4.9.3/armv7-m/crtend.o
 .bss           0x00000000        0x0 /usr/local/SimplicityStudio_v4/developer/toolchains/gnu_arm/4.9_2015q3/bin/../lib/gcc/arm-none-eabi/4.9.3/armv7-m/crtend.o
 .text          0x00000000        0x0 /usr/local/SimplicityStudio_v4/developer/toolchains/gnu_arm/4.9_2015q3/bin/../lib/gcc/arm-none-eabi/4.9.3/armv7-m/crtn.o
 .data          0x00000000        0x0 /usr/local/SimplicityStudio_v4/developer/toolchains/gnu_arm/4.9_2015q3/bin/../lib/gcc/arm-none-eabi/4.9.3/armv7-m/crtn.o
 .bss           0x00000000        0x0 /usr/local/SimplicityStudio_v4/developer/toolchains/gnu_arm/4.9_2015q3/bin/../lib/gcc/arm-none-eabi/4.9.3/armv7-m/crtn.o

Memory Configuration

Name             Origin             Length             Attributes
FLASH            0x00000000         0x00100000         xr
RAM              0x20000000         0x00020000         xrw
*default*        0x00000000         0xffffffff

Linker script and memory map

LOAD /usr/local/SimplicityStudio_v4/developer/toolchains/gnu_arm/4.9_2015q3/bin/../lib/gcc/arm-none-eabi/4.9.3/armv7-m/crti.o
LOAD /usr/local/SimplicityStudio_v4/developer/toolchains/gnu_arm/4.9_2015q3/bin/../lib/gcc/arm-none-eabi/4.9.3/armv7-m/crtbegin.o
LOAD /usr/local/SimplicityStudio_v4/developer/toolchains/gnu_arm/4.9_2015q3/bin/../lib/gcc/arm-none-eabi/4.9.3/../../../../arm-none-eabi/lib/armv7-m/crt0.o
LOAD ./CMSIS/EFM32GG/startup_efm32gg.o
LOAD ./CMSIS/EFM32GG/system_efm32gg.o
LOAD ./emlib/em_cmu.o
LOAD ./emlib/em_gpio.o
LOAD ./emlib/em_system.o
LOAD ./emlib/em_timer.o
LOAD ./emlib/em_usart.o
LOAD ./src/main.o
LOAD ./src/pwm.o
LOAD ./src/uart.o
START GROUP
LOAD /usr/local/SimplicityStudio_v4/developer/toolchains/gnu_arm/4.9_2015q3/bin/../lib/gcc/arm-none-eabi/4.9.3/armv7-m/libgcc.a
LOAD /usr/local/SimplicityStudio_v4/developer/toolchains/gnu_arm/4.9_2015q3/bin/../lib/gcc/arm-none-eabi/4.9.3/../../../../arm-none-eabi/lib/armv7-m/libc_nano.a
LOAD /usr/local/SimplicityStudio_v4/developer/toolchains/gnu_arm/4.9_2015q3/bin/../lib/gcc/arm-none-eabi/4.9.3/../../../../arm-none-eabi/lib/armv7-m/libnosys.a
END GROUP
START GROUP
LOAD /usr/local/SimplicityStudio_v4/developer/toolchains/gnu_arm/4.9_2015q3/bin/../lib/gcc/arm-none-eabi/4.9.3/armv7-m/libgcc.a
LOAD /usr/local/SimplicityStudio_v4/developer/toolchains/gnu_arm/4.9_2015q3/bin/../lib/gcc/arm-none-eabi/4.9.3/../../../../arm-none-eabi/lib/armv7-m/libg_nano.a
LOAD /usr/local/SimplicityStudio_v4/developer/toolchains/gnu_arm/4.9_2015q3/bin/../lib/gcc/arm-none-eabi/4.9.3/../../../../arm-none-eabi/lib/armv7-m/libc_nano.a
END GROUP
START GROUP
LOAD /usr/local/SimplicityStudio_v4/developer/toolchains/gnu_arm/4.9_2015q3/bin/../lib/gcc/arm-none-eabi/4.9.3/armv7-m/libgcc.a
LOAD /usr/local/SimplicityStudio_v4/developer/toolchains/gnu_arm/4.9_2015q3/bin/../lib/gcc/arm-none-eabi/4.9.3/../../../../arm-none-eabi/lib/armv7-m/libc_nano.a
END GROUP
LOAD /usr/local/SimplicityStudio_v4/developer/toolchains/gnu_arm/4.9_2015q3/bin/../lib/gcc/arm-none-eabi/4.9.3/armv7-m/crtend.o
LOAD /usr/local/SimplicityStudio_v4/developer/toolchains/gnu_arm/4.9_2015q3/bin/../lib/gcc/arm-none-eabi/4.9.3/armv7-m/crtn.o

.text           0x00000000     0x17a0
 *(.vectors)
 .vectors       0x00000000       0xdc ./CMSIS/EFM32GG/startup_efm32gg.o
                0x00000000                __Vectors
                0x000000dc                __Vectors_End = .
                0x000000dc                __Vectors_Size = (__Vectors_End - __Vectors)
                0x000000dc                __end__ = .
 *(.text*)
 .text          0x000000dc       0x5c /usr/local/SimplicityStudio_v4/developer/toolchains/gnu_arm/4.9_2015q3/bin/../lib/gcc/arm-none-eabi/4.9.3/armv7-m/crtbegin.o
 .text          0x00000138       0x74 /usr/local/SimplicityStudio_v4/developer/toolchains/gnu_arm/4.9_2015q3/bin/../lib/gcc/arm-none-eabi/4.9.3/../../../../arm-none-eabi/lib/armv7-m/crt0.o
                0x00000138                _mainCRTStartup
                0x00000138                _start
 .text          0x000001ac       0x30 ./CMSIS/EFM32GG/startup_efm32gg.o
                0x000001ac                Reset_Handler
                0x000001d8                TIMER2_IRQHandler
                0x000001d8                DebugMon_Handler
                0x000001d8                USART0_TX_IRQHandler
                0x000001d8                I2C0_IRQHandler
                0x000001d8                HardFault_Handler
                0x000001d8                LEUART1_IRQHandler
                0x000001d8                SysTick_Handler
                0x000001d8                USART1_RX_IRQHandler
                0x000001d8                PendSV_Handler
                0x000001d8                NMI_Handler
                0x000001d8                I2C1_IRQHandler
                0x000001d8                TIMER3_IRQHandler
                0x000001d8                USART1_TX_IRQHandler
                0x000001d8                MSC_IRQHandler
                0x000001d8                ADC0_IRQHandler
                0x000001d8                UsageFault_Handler
                0x000001d8                LEUART0_IRQHandler
                0x000001d8                GPIO_EVEN_IRQHandler
                0x000001d8                UART0_TX_IRQHandler
                0x000001d8                UART1_TX_IRQHandler
                0x000001d8                RTC_IRQHandler
                0x000001d8                LCD_IRQHandler
                0x000001d8                PCNT2_IRQHandler
                0x000001d8                UART0_RX_IRQHandler
                0x000001d8                LETIMER0_IRQHandler
                0x000001d8                TIMER1_IRQHandler
                0x000001d8                USART2_RX_IRQHandler
                0x000001d8                Default_Handler
                0x000001d8                EMU_IRQHandler
                0x000001d8                PCNT0_IRQHandler
                0x000001d8                USB_IRQHandler
                0x000001d8                BURTC_IRQHandler
                0x000001d8                PCNT1_IRQHandler
                0x000001d8                ACMP0_IRQHandler
                0x000001d8                USART0_RX_IRQHandler
                0x000001d8                MemManage_Handler
                0x000001d8                SVC_Handler
                0x000001d8                DAC0_IRQHandler
                0x000001d8                UART1_RX_IRQHandler
                0x000001d8                CMU_IRQHandler
                0x000001d8                EBI_IRQHandler
                0x000001d8                LESENSE_IRQHandler
                0x000001d8                GPIO_ODD_IRQHandler
                0x000001d8                AES_IRQHandler
                0x000001d8                VCMP_IRQHandler
                0x000001d8                DMA_IRQHandler
                0x000001d8                BusFault_Handler
                0x000001d8                USART2_TX_IRQHandler
 .text.GetProdRev
                0x000001dc       0x1c ./CMSIS/EFM32GG/system_efm32gg.o
 .text.SystemCoreClockGet
                0x000001f8       0x34 ./CMSIS/EFM32GG/system_efm32gg.o
                0x000001f8                SystemCoreClockGet
 .text.SystemMaxCoreClockGet
                0x0000022c       0x14 ./CMSIS/EFM32GG/system_efm32gg.o
                0x0000022c                SystemMaxCoreClockGet
 .text.SystemHFClockGet
                0x00000240      0x100 ./CMSIS/EFM32GG/system_efm32gg.o
                0x00000240                SystemHFClockGet
 .text.SystemInit
                0x00000340        0xc ./CMSIS/EFM32GG/system_efm32gg.o
                0x00000340                SystemInit
 .text.SystemLFRCOClockGet
                0x0000034c       0x14 ./CMSIS/EFM32GG/system_efm32gg.o
                0x0000034c                SystemLFRCOClockGet
 .text.SystemULFRCOClockGet
                0x00000360       0x14 ./CMSIS/EFM32GG/system_efm32gg.o
                0x00000360                SystemULFRCOClockGet
 .text.SystemLFXOClockGet
                0x00000374       0x18 ./CMSIS/EFM32GG/system_efm32gg.o
                0x00000374                SystemLFXOClockGet
 .text.BUS_RegBitWrite
                0x0000038c       0x2c ./emlib/em_cmu.o
 .text.BUS_RegBitRead
                0x000003b8       0x2c ./emlib/em_cmu.o
 .text.CMU_DivToLog2
                0x000003e4       0x34 ./emlib/em_cmu.o
 .text.SYSTEM_GetProdRev
                0x00000418       0x1c ./emlib/em_cmu.o
 .text.SYSTEM_GetFamily
                0x00000434       0x20 ./emlib/em_cmu.o
 .text.maxFreqHfle
                0x00000454       0x78 ./emlib/em_cmu.o
 .text.setHfLeConfig
                0x000004cc       0x3c ./emlib/em_cmu.o
 .text.getHfLeConfig
                0x00000508       0x2c ./emlib/em_cmu.o
 .text.auxClkGet
                0x00000534       0xb0 ./emlib/em_cmu.o
 .text.dbgClkGet
                0x000005e4       0x40 ./emlib/em_cmu.o
 .text.flashWaitStateControl
                0x00000624       0xb8 ./emlib/em_cmu.o
 .text.flashWaitStateMax
                0x000006dc       0x14 ./emlib/em_cmu.o
 .text.lfClkGet
                0x000006f0       0xec ./emlib/em_cmu.o
 .text.syncReg  0x000007dc       0x34 ./emlib/em_cmu.o
 .text.usbCClkGet
                0x00000810       0x4c ./emlib/em_cmu.o
 .text.CMU_ClockEnable
                0x0000085c       0xd8 ./emlib/em_cmu.o
                0x0000085c                CMU_ClockEnable
 .text.CMU_ClockFreqGet
                0x00000934      0x1d8 ./emlib/em_cmu.o
                0x00000934                CMU_ClockFreqGet
 .text.CMU_ClockSelectGet
                0x00000b0c      0x15c ./emlib/em_cmu.o
                0x00000b0c                CMU_ClockSelectGet
 .text.CMU_HFRCOBandSet
                0x00000c68       0xe4 ./emlib/em_cmu.o
                0x00000c68                CMU_HFRCOBandSet
 .text.GPIO_PinOutClear
                0x00000d4c       0x58 ./emlib/em_gpio.o
 .text.GPIO_PinOutSet
                0x00000da4       0x58 ./emlib/em_gpio.o
 .text.GPIO_PinModeSet
                0x00000dfc      0x10c ./emlib/em_gpio.o
                0x00000dfc                GPIO_PinModeSet
 .text.SYSTEM_ChipRevisionGet
                0x00000f08       0x74 ./emlib/em_system.o
                0x00000f08                SYSTEM_ChipRevisionGet
 .text.TIMER_Valid
                0x00000f7c       0x50 ./emlib/em_timer.o
 .text.TIMER_Init
                0x00000fcc       0xdc ./emlib/em_timer.o
                0x00000fcc                TIMER_Init
 .text.TIMER_InitCC
                0x000010a8       0x9c ./emlib/em_timer.o
                0x000010a8                TIMER_InitCC
 .text.USART_Reset
                0x00001144       0xb0 ./emlib/em_usart.o
                0x00001144                USART_Reset
 .text.USART_Tx
                0x000011f4       0x2c ./emlib/em_usart.o
                0x000011f4                USART_Tx
 .text.SYSTEM_GetProdRev
                0x00001220       0x1c ./src/main.o
 .text.CHIP_Init
                0x0000123c       0x3c ./src/main.o
 .text.main     0x00001278       0x90 ./src/main.o
                0x00001278                main
 .text.NVIC_EnableIRQ
                0x00001308       0x30 ./src/pwm.o
 .text.GPIO_PinOutToggle
                0x00001338       0x58 ./src/pwm.o
 .text.TIMER_MaxCount
                0x00001390       0x18 ./src/pwm.o
 .text.TIMER_CompareBufSet
                0x000013a8       0x28 ./src/pwm.o
 .text.TIMER_CompareSet
                0x000013d0       0x28 ./src/pwm.o
 .text.TIMER_CounterSet
                0x000013f8       0x1c ./src/pwm.o
 .text.TIMER_IntClear
                0x00001414       0x1c ./src/pwm.o
 .text.TIMER_IntEnable
                0x00001430       0x20 ./src/pwm.o
 .text.TIMER_TopSet
                0x00001450       0x1c ./src/pwm.o
 .text.TIMER0_IRQHandler
                0x0000146c       0x20 ./src/pwm.o
                0x0000146c                TIMER0_IRQHandler
 .text.getCounter
                0x0000148c       0x1c ./src/pwm.o
                0x0000148c                getCounter
 .text.generate_PWM
                0x000014a8       0x74 ./src/pwm.o
                0x000014a8                generate_PWM
 .text.initPwm  0x0000151c      0x130 ./src/pwm.o
                0x0000151c                initPwm
 .text.initUart
                0x0000164c       0x78 ./src/uart.o
                0x0000164c                initUart
 .text.exit     0x000016c4       0x28 /usr/local/SimplicityStudio_v4/developer/toolchains/gnu_arm/4.9_2015q3/bin/../lib/gcc/arm-none-eabi/4.9.3/../../../../arm-none-eabi/lib/armv7-m/libc_nano.a(lib_a-exit.o)
                0x000016c4                exit
 .text.__libc_init_array
                0x000016ec       0x4c /usr/local/SimplicityStudio_v4/developer/toolchains/gnu_arm/4.9_2015q3/bin/../lib/gcc/arm-none-eabi/4.9.3/../../../../arm-none-eabi/lib/armv7-m/libc_nano.a(lib_a-init.o)
                0x000016ec                __libc_init_array
 .text.memset   0x00001738       0x10 /usr/local/SimplicityStudio_v4/developer/toolchains/gnu_arm/4.9_2015q3/bin/../lib/gcc/arm-none-eabi/4.9.3/../../../../arm-none-eabi/lib/armv7-m/libc_nano.a(lib_a-memset.o)
                0x00001738                memset
 .text.strlen   0x00001748       0x10 /usr/local/SimplicityStudio_v4/developer/toolchains/gnu_arm/4.9_2015q3/bin/../lib/gcc/arm-none-eabi/4.9.3/../../../../arm-none-eabi/lib/armv7-m/libc_nano.a(lib_a-strlen.o)
                0x00001748                strlen
 .text._exit    0x00001758        0x4 /usr/local/SimplicityStudio_v4/developer/toolchains/gnu_arm/4.9_2015q3/bin/../lib/gcc/arm-none-eabi/4.9.3/../../../../arm-none-eabi/lib/armv7-m/libnosys.a(_exit.o)
                0x00001758                _exit
 *(.init)
 .init          0x0000175c        0x4 /usr/local/SimplicityStudio_v4/developer/toolchains/gnu_arm/4.9_2015q3/bin/../lib/gcc/arm-none-eabi/4.9.3/armv7-m/crti.o
                0x0000175c                _init
 .init          0x00001760        0x8 /usr/local/SimplicityStudio_v4/developer/toolchains/gnu_arm/4.9_2015q3/bin/../lib/gcc/arm-none-eabi/4.9.3/armv7-m/crtn.o
 *(.fini)
 .fini          0x00001768        0x4 /usr/local/SimplicityStudio_v4/developer/toolchains/gnu_arm/4.9_2015q3/bin/../lib/gcc/arm-none-eabi/4.9.3/armv7-m/crti.o
                0x00001768                _fini
 .fini          0x0000176c        0x8 /usr/local/SimplicityStudio_v4/developer/toolchains/gnu_arm/4.9_2015q3/bin/../lib/gcc/arm-none-eabi/4.9.3/armv7-m/crtn.o
 *crtbegin.o(.ctors)
 *crtbegin?.o(.ctors)
 *(EXCLUDE_FILE(*crtend.o *crtend?.o) .ctors)
 *(SORT(.ctors.*))
 *(.ctors)
 *crtbegin.o(.dtors)
 *crtbegin?.o(.dtors)
 *(EXCLUDE_FILE(*crtend.o *crtend?.o) .dtors)
 *(SORT(.dtors.*))
 *(.dtors)
 *(.rodata*)
 .rodata        0x00001774       0x11 ./src/main.o
 *fill*         0x00001785        0x3 
 .rodata        0x00001788        0xb ./src/pwm.o
 .rodata.str1.1
                0x00001793        0x2 /usr/local/SimplicityStudio_v4/developer/toolchains/gnu_arm/4.9_2015q3/bin/../lib/gcc/arm-none-eabi/4.9.3/../../../../arm-none-eabi/lib/armv7-m/libc_nano.a(lib_a-impure.o)
 *fill*         0x00001795        0x3 
 .rodata._global_impure_ptr
                0x00001798        0x4 /usr/local/SimplicityStudio_v4/developer/toolchains/gnu_arm/4.9_2015q3/bin/../lib/gcc/arm-none-eabi/4.9.3/../../../../arm-none-eabi/lib/armv7-m/libc_nano.a(lib_a-impure.o)
                0x00001798                _global_impure_ptr
 *(.eh_frame*)
 .eh_frame      0x0000179c        0x0 /usr/local/SimplicityStudio_v4/developer/toolchains/gnu_arm/4.9_2015q3/bin/../lib/gcc/arm-none-eabi/4.9.3/armv7-m/crtbegin.o
 .eh_frame      0x0000179c        0x4 /usr/local/SimplicityStudio_v4/developer/toolchains/gnu_arm/4.9_2015q3/bin/../lib/gcc/arm-none-eabi/4.9.3/armv7-m/crtend.o

.glue_7         0x000017a0        0x0
 .glue_7        0x00000000        0x0 linker stubs

.glue_7t        0x000017a0        0x0
 .glue_7t       0x00000000        0x0 linker stubs

.vfp11_veneer   0x000017a0        0x0
 .vfp11_veneer  0x00000000        0x0 linker stubs

.v4_bx          0x000017a0        0x0
 .v4_bx         0x00000000        0x0 linker stubs

.iplt           0x000017a0        0x0
 .iplt          0x00000000        0x0 /usr/local/SimplicityStudio_v4/developer/toolchains/gnu_arm/4.9_2015q3/bin/../lib/gcc/arm-none-eabi/4.9.3/armv7-m/crtbegin.o

.ARM.extab
 *(.ARM.extab* .gnu.linkonce.armextab.*)
                0x000017a0                __exidx_start = .

.ARM.exidx      0x000017a0        0x8
 *(.ARM.exidx* .gnu.linkonce.armexidx.*)
 .ARM.exidx     0x000017a0        0x8 /usr/local/SimplicityStudio_v4/developer/toolchains/gnu_arm/4.9_2015q3/bin/../lib/gcc/arm-none-eabi/4.9.3/../../../../arm-none-eabi/lib/armv7-m/crt0.o
                0x000017a8                __exidx_end = .
                0x000017a8                __etext = .

.rel.dyn        0x000017a8        0x0
 .rel.iplt      0x00000000        0x0 /usr/local/SimplicityStudio_v4/developer/toolchains/gnu_arm/4.9_2015q3/bin/../lib/gcc/arm-none-eabi/4.9.3/armv7-m/crtbegin.o

.data           0x20000000       0x7c load address 0x000017a8
                0x20000000                __data_start__ = .
 *(vtable)
 *(.data*)
 .data.SystemHFXOClock
                0x20000000        0x4 ./CMSIS/EFM32GG/system_efm32gg.o
 .data.SystemLFXOClock
                0x20000004        0x4 ./CMSIS/EFM32GG/system_efm32gg.o
 .data.SystemCoreClock
                0x20000008        0x4 ./CMSIS/EFM32GG/system_efm32gg.o
                0x20000008                SystemCoreClock
 .data.inc      0x2000000c        0x1 ./src/pwm.o
                0x2000000c                inc
 *fill*         0x2000000d        0x3 
 .data.impure_data
                0x20000010       0x60 /usr/local/SimplicityStudio_v4/developer/toolchains/gnu_arm/4.9_2015q3/bin/../lib/gcc/arm-none-eabi/4.9.3/../../../../arm-none-eabi/lib/armv7-m/libc_nano.a(lib_a-impure.o)
                0x20000070                . = ALIGN (0x4)
 *(.ram)
                0x20000070                . = ALIGN (0x4)
                0x20000070                PROVIDE (__preinit_array_start, .)
 *(.preinit_array)
                0x20000070                PROVIDE (__preinit_array_end, .)
                0x20000070                . = ALIGN (0x4)
                0x20000070                PROVIDE (__init_array_start, .)
 *(SORT(.init_array.*))
 *(.init_array)
 .init_array    0x20000070        0x4 /usr/local/SimplicityStudio_v4/developer/toolchains/gnu_arm/4.9_2015q3/bin/../lib/gcc/arm-none-eabi/4.9.3/armv7-m/crtbegin.o
                0x20000074                PROVIDE (__init_array_end, .)
                0x20000074                . = ALIGN (0x4)
                0x20000074                PROVIDE (__fini_array_start, .)
 *(SORT(.fini_array.*))
 *(.fini_array)
 .fini_array    0x20000074        0x4 /usr/local/SimplicityStudio_v4/developer/toolchains/gnu_arm/4.9_2015q3/bin/../lib/gcc/arm-none-eabi/4.9.3/armv7-m/crtbegin.o
                0x20000078                PROVIDE (__fini_array_end, .)
 *(.jcr*)
 .jcr           0x20000078        0x0 /usr/local/SimplicityStudio_v4/developer/toolchains/gnu_arm/4.9_2015q3/bin/../lib/gcc/arm-none-eabi/4.9.3/armv7-m/crtbegin.o
 .jcr           0x20000078        0x4 /usr/local/SimplicityStudio_v4/developer/toolchains/gnu_arm/4.9_2015q3/bin/../lib/gcc/arm-none-eabi/4.9.3/armv7-m/crtend.o
                0x2000007c                . = ALIGN (0x4)
                0x2000007c                __data_end__ = .

.igot.plt       0x2000007c        0x0 load address 0x00001824
 .igot.plt      0x00000000        0x0 /usr/local/SimplicityStudio_v4/developer/toolchains/gnu_arm/4.9_2015q3/bin/../lib/gcc/arm-none-eabi/4.9.3/armv7-m/crtbegin.o

.bss            0x2000007c       0x24 load address 0x00001824
                0x2000007c                . = ALIGN (0x4)
                0x2000007c                __bss_start__ = .
 *(.bss*)
 .bss           0x2000007c       0x1c /usr/local/SimplicityStudio_v4/developer/toolchains/gnu_arm/4.9_2015q3/bin/../lib/gcc/arm-none-eabi/4.9.3/armv7-m/crtbegin.o
 .bss.us_counter
                0x20000098        0x4 ./src/pwm.o
                0x20000098                us_counter
 .bss.compare_val
                0x2000009c        0x4 ./src/pwm.o
                0x2000009c                compare_val
 *(COMMON)
                0x200000a0                . = ALIGN (0x4)
                0x200000a0                __bss_end__ = .

.heap           0x200000a0      0xc00
                0x200000a0                __HeapBase = .
                0x200000a0                __end__ = .
                0x200000a0                end = __end__
                0x200000a0                _end = __end__
 *(.heap*)
 .heap          0x200000a0      0xc00 ./CMSIS/EFM32GG/startup_efm32gg.o
                0x20000ca0                __HeapLimit = .

.stack_dummy    0x200000a0      0x400
 *(.stack*)
 .stack         0x200000a0      0x400 ./CMSIS/EFM32GG/startup_efm32gg.o
                0x20020000                __StackTop = (ORIGIN (RAM) + 0x20000)
                0x2001fc00                __StackLimit = (__StackTop - SIZEOF (.stack_dummy))
                0x20020000                PROVIDE (__stack, __StackTop)
                0x00000001                ASSERT ((__StackLimit >= __HeapLimit), region RAM overflowed with stack)
                0x00000001                ASSERT ((0x100000 >= (__etext + SIZEOF (.data))), FLASH memory overflowed !)
OUTPUT(motor-controller.axf elf32-littlearm)

.ARM.attributes
                0x00000000       0x29
 .ARM.attributes
                0x00000000       0x1d /usr/local/SimplicityStudio_v4/developer/toolchains/gnu_arm/4.9_2015q3/bin/../lib/gcc/arm-none-eabi/4.9.3/armv7-m/crti.o
 .ARM.attributes
                0x0000001d       0x2d /usr/local/SimplicityStudio_v4/developer/toolchains/gnu_arm/4.9_2015q3/bin/../lib/gcc/arm-none-eabi/4.9.3/armv7-m/crtbegin.o
 .ARM.attributes
                0x0000004a       0x1b /usr/local/SimplicityStudio_v4/developer/toolchains/gnu_arm/4.9_2015q3/bin/../lib/gcc/arm-none-eabi/4.9.3/../../../../arm-none-eabi/lib/armv7-m/crt0.o
 .ARM.attributes
                0x00000065       0x1b ./CMSIS/EFM32GG/startup_efm32gg.o
 .ARM.attributes
                0x00000080       0x33 ./CMSIS/EFM32GG/system_efm32gg.o
 .ARM.attributes
                0x000000b3       0x33 ./emlib/em_cmu.o
 .ARM.attributes
                0x000000e6       0x33 ./emlib/em_gpio.o
 .ARM.attributes
                0x00000119       0x33 ./emlib/em_system.o
 .ARM.attributes
                0x0000014c       0x33 ./emlib/em_timer.o
 .ARM.attributes
                0x0000017f       0x33 ./emlib/em_usart.o
 .ARM.attributes
                0x000001b2       0x33 ./src/main.o
 .ARM.attributes
                0x000001e5       0x33 ./src/pwm.o
 .ARM.attributes
                0x00000218       0x33 ./src/uart.o
 .ARM.attributes
                0x0000024b       0x2d /usr/local/SimplicityStudio_v4/developer/toolchains/gnu_arm/4.9_2015q3/bin/../lib/gcc/arm-none-eabi/4.9.3/../../../../arm-none-eabi/lib/armv7-m/libc_nano.a(lib_a-exit.o)
 .ARM.attributes
                0x00000278       0x2d /usr/local/SimplicityStudio_v4/developer/toolchains/gnu_arm/4.9_2015q3/bin/../lib/gcc/arm-none-eabi/4.9.3/../../../../arm-none-eabi/lib/armv7-m/libc_nano.a(lib_a-impure.o)
 .ARM.attributes
                0x000002a5       0x2d /usr/local/SimplicityStudio_v4/developer/toolchains/gnu_arm/4.9_2015q3/bin/../lib/gcc/arm-none-eabi/4.9.3/../../../../arm-none-eabi/lib/armv7-m/libc_nano.a(lib_a-init.o)
 .ARM.attributes
                0x000002d2       0x2d /usr/local/SimplicityStudio_v4/developer/toolchains/gnu_arm/4.9_2015q3/bin/../lib/gcc/arm-none-eabi/4.9.3/../../../../arm-none-eabi/lib/armv7-m/libc_nano.a(lib_a-memset.o)
 .ARM.attributes
                0x000002ff       0x2d /usr/local/SimplicityStudio_v4/developer/toolchains/gnu_arm/4.9_2015q3/bin/../lib/gcc/arm-none-eabi/4.9.3/../../../../arm-none-eabi/lib/armv7-m/libc_nano.a(lib_a-strlen.o)
 .ARM.attributes
                0x0000032c       0x2d /usr/local/SimplicityStudio_v4/developer/toolchains/gnu_arm/4.9_2015q3/bin/../lib/gcc/arm-none-eabi/4.9.3/../../../../arm-none-eabi/lib/armv7-m/libnosys.a(_exit.o)
 .ARM.attributes
                0x00000359       0x2d /usr/local/SimplicityStudio_v4/developer/toolchains/gnu_arm/4.9_2015q3/bin/../lib/gcc/arm-none-eabi/4.9.3/armv7-m/crtend.o
 .ARM.attributes
                0x00000386       0x1d /usr/local/SimplicityStudio_v4/developer/toolchains/gnu_arm/4.9_2015q3/bin/../lib/gcc/arm-none-eabi/4.9.3/armv7-m/crtn.o

.comment        0x00000000       0x70
 .comment       0x00000000       0x70 ./CMSIS/EFM32GG/system_efm32gg.o
                                 0x71 (size before relaxing)
 .comment       0x00000000       0x71 ./emlib/em_cmu.o
 .comment       0x00000000       0x71 ./emlib/em_gpio.o
 .comment       0x00000000       0x71 ./emlib/em_system.o
 .comment       0x00000000       0x71 ./emlib/em_timer.o
 .comment       0x00000000       0x71 ./emlib/em_usart.o
 .comment       0x00000000       0x71 ./src/main.o
 .comment       0x00000000       0x71 ./src/pwm.o
 .comment       0x00000000       0x71 ./src/uart.o

.debug_line     0x00000000     0x2ae3
 .debug_line    0x00000000       0xcf ./CMSIS/EFM32GG/startup_efm32gg.o
 .debug_line    0x000000cf      0x377 ./CMSIS/EFM32GG/system_efm32gg.o
 .debug_line    0x00000446      0xa16 ./emlib/em_cmu.o
 .debug_line    0x00000e5c      0x45a ./emlib/em_gpio.o
 .debug_line    0x000012b6      0x2fb ./emlib/em_system.o
 .debug_line    0x000015b1      0x55d ./emlib/em_timer.o
 .debug_line    0x00001b0e      0x5f9 ./emlib/em_usart.o
 .debug_line    0x00002107      0x2ef ./src/main.o
 .debug_line    0x000023f6      0x42e ./src/pwm.o
 .debug_line    0x00002824      0x2bf ./src/uart.o

.debug_info     0x00000000     0x5681
 .debug_info    0x00000000      0x10e ./CMSIS/EFM32GG/startup_efm32gg.o
 .debug_info    0x0000010e      0x57e ./CMSIS/EFM32GG/system_efm32gg.o
 .debug_info    0x0000068c     0x150c ./emlib/em_cmu.o
 .debug_info    0x00001b98      0x65f ./emlib/em_gpio.o
 .debug_info    0x000021f7      0x272 ./emlib/em_system.o
 .debug_info    0x00002469      0x913 ./emlib/em_timer.o
 .debug_info    0x00002d7c      0xf0d ./emlib/em_usart.o
 .debug_info    0x00003c89      0x450 ./src/main.o
 .debug_info    0x000040d9      0xf66 ./src/pwm.o
 .debug_info    0x0000503f      0x642 ./src/uart.o

.debug_abbrev   0x00000000      0xe7f
 .debug_abbrev  0x00000000       0x14 ./CMSIS/EFM32GG/startup_efm32gg.o
 .debug_abbrev  0x00000014      0x16b ./CMSIS/EFM32GG/system_efm32gg.o
 .debug_abbrev  0x0000017f      0x2e0 ./emlib/em_cmu.o
 .debug_abbrev  0x0000045f      0x1c2 ./emlib/em_gpio.o
 .debug_abbrev  0x00000621      0x107 ./emlib/em_system.o
 .debug_abbrev  0x00000728      0x174 ./emlib/em_timer.o
 .debug_abbrev  0x0000089c      0x1df ./emlib/em_usart.o
 .debug_abbrev  0x00000a7b      0x126 ./src/main.o
 .debug_abbrev  0x00000ba1      0x20e ./src/pwm.o
 .debug_abbrev  0x00000daf       0xd0 ./src/uart.o

.debug_aranges  0x00000000      0x478
 .debug_aranges
                0x00000000       0x20 ./CMSIS/EFM32GG/startup_efm32gg.o
 .debug_aranges
                0x00000020       0x70 ./CMSIS/EFM32GG/system_efm32gg.o
 .debug_aranges
                0x00000090      0x168 ./emlib/em_cmu.o
 .debug_aranges
                0x000001f8       0x70 ./emlib/em_gpio.o
 .debug_aranges
                0x00000268       0x28 ./emlib/em_system.o
 .debug_aranges
                0x00000290       0x58 ./emlib/em_timer.o
 .debug_aranges
                0x000002e8       0xc0 ./emlib/em_usart.o
 .debug_aranges
                0x000003a8       0x30 ./src/main.o
 .debug_aranges
                0x000003d8       0x80 ./src/pwm.o
 .debug_aranges
                0x00000458       0x20 ./src/uart.o

.debug_loc      0x00000000     0x23c2
 .debug_loc     0x00000000      0x31c ./CMSIS/EFM32GG/system_efm32gg.o
 .debug_loc     0x0000031c      0xd50 ./emlib/em_cmu.o
 .debug_loc     0x0000106c      0x3d0 ./emlib/em_gpio.o
 .debug_loc     0x0000143c       0xb8 ./emlib/em_system.o
 .debug_loc     0x000014f4      0x2b0 ./emlib/em_timer.o
 .debug_loc     0x000017a4      0x72e ./emlib/em_usart.o
 .debug_loc     0x00001ed2       0xcc ./src/main.o
 .debug_loc     0x00001f9e      0x3f8 ./src/pwm.o
 .debug_loc     0x00002396       0x2c ./src/uart.o

.debug_ranges   0x00000000      0x3c8
 .debug_ranges  0x00000000       0x60 ./CMSIS/EFM32GG/system_efm32gg.o
 .debug_ranges  0x00000060      0x158 ./emlib/em_cmu.o
 .debug_ranges  0x000001b8       0x60 ./emlib/em_gpio.o
 .debug_ranges  0x00000218       0x18 ./emlib/em_system.o
 .debug_ranges  0x00000230       0x48 ./emlib/em_timer.o
 .debug_ranges  0x00000278       0xb0 ./emlib/em_usart.o
 .debug_ranges  0x00000328       0x20 ./src/main.o
 .debug_ranges  0x00000348       0x70 ./src/pwm.o
 .debug_ranges  0x000003b8       0x10 ./src/uart.o

.debug_str      0x00000000     0x2ae0
 .debug_str     0x00000000      0x445 ./CMSIS/EFM32GG/system_efm32gg.o
                                0x4c5 (size before relaxing)
 .debug_str     0x00000445      0xd1c ./emlib/em_cmu.o
                               0x1085 (size before relaxing)
 .debug_str     0x00001161      0x3bb ./emlib/em_gpio.o
                                0x611 (size before relaxing)
 .debug_str     0x0000151c       0xf9 ./emlib/em_system.o
                                0x2e0 (size before relaxing)
 .debug_str     0x00001615      0x775 ./emlib/em_timer.o
                                0x9a5 (size before relaxing)
 .debug_str     0x00001d8a      0x960 ./emlib/em_usart.o
                                0xe30 (size before relaxing)
 .debug_str     0x000026ea       0x46 ./src/main.o
                                0x3e5 (size before relaxing)
 .debug_str     0x00002730      0x399 ./src/pwm.o
                               0x1080 (size before relaxing)
 .debug_str     0x00002ac9       0x17 ./src/uart.o
                                0x487 (size before relaxing)

.debug_frame    0x00000000     0x1184
 .debug_frame   0x00000000      0x180 ./CMSIS/EFM32GG/system_efm32gg.o
 .debug_frame   0x00000180      0x630 ./emlib/em_cmu.o
 .debug_frame   0x000007b0      0x1c0 ./emlib/em_gpio.o
 .debug_frame   0x00000970       0x60 ./emlib/em_system.o
 .debug_frame   0x000009d0      0x140 ./emlib/em_timer.o
 .debug_frame   0x00000b10      0x338 ./emlib/em_usart.o
 .debug_frame   0x00000e48       0x78 ./src/main.o
 .debug_frame   0x00000ec0      0x1e4 ./src/pwm.o
 .debug_frame   0x000010a4       0x2c ./src/uart.o
 .debug_frame   0x000010d0       0x28 /usr/local/SimplicityStudio_v4/developer/toolchains/gnu_arm/4.9_2015q3/bin/../lib/gcc/arm-none-eabi/4.9.3/../../../../arm-none-eabi/lib/armv7-m/libc_nano.a(lib_a-exit.o)
 .debug_frame   0x000010f8       0x2c /usr/local/SimplicityStudio_v4/developer/toolchains/gnu_arm/4.9_2015q3/bin/../lib/gcc/arm-none-eabi/4.9.3/../../../../arm-none-eabi/lib/armv7-m/libc_nano.a(lib_a-init.o)
 .debug_frame   0x00001124       0x20 /usr/local/SimplicityStudio_v4/developer/toolchains/gnu_arm/4.9_2015q3/bin/../lib/gcc/arm-none-eabi/4.9.3/../../../../arm-none-eabi/lib/armv7-m/libc_nano.a(lib_a-memset.o)
 .debug_frame   0x00001144       0x20 /usr/local/SimplicityStudio_v4/developer/toolchains/gnu_arm/4.9_2015q3/bin/../lib/gcc/arm-none-eabi/4.9.3/../../../../arm-none-eabi/lib/armv7-m/libc_nano.a(lib_a-strlen.o)
 .debug_frame   0x00001164       0x20 /usr/local/SimplicityStudio_v4/developer/toolchains/gnu_arm/4.9_2015q3/bin/../lib/gcc/arm-none-eabi/4.9.3/../../../../arm-none-eabi/lib/armv7-m/libnosys.a(_exit.o)
